<html>
<body>
<pre>
<h1>µVision Build Log</h1>
<h2>Tool Versions:</h2>
IDE-Version: ¦ÌVision V5.28.0.0
Copyright (C) 2019 ARM Ltd and ARM Germany GmbH. All rights reserved.
License Information: Qing ZiYi, Chinese Academy of Sciences, LIC=9N0UH-WW163-9WH2E-59RV1-F98MZ-Z9GWW
 
Tool Versions:
Toolchain:       MDK-ARM Professional  Version: 5.28.0.0
Toolchain Path:  D:\Keil MDK\ARM\ARMCC\Bin
C Compiler:      Armcc.exe V5.06 update 6 (build 750)
Assembler:       Armasm.exe V5.06 update 6 (build 750)
Linker/Locator:  ArmLink.exe V5.06 update 6 (build 750)
Library Manager: ArmAr.exe V5.06 update 6 (build 750)
Hex Converter:   FromElf.exe V5.06 update 6 (build 750)
CPU DLL:         SARMCM3.DLL V5.28.0.0
Dialog DLL:      DCM.DLL V1.17.3.0
Target DLL:      Segger\JL2CM3.dll V2.99.36.0
Dialog DLL:      TCM.DLL V1.36.2.0
 
<h2>Project:</h2>
G:\Test\SRF-SERVO\SRF-SERVO.uvprojx
Project File Date:  09/08/2019

<h2>Output:</h2>
*** Using Compiler 'V5.06 update 6 (build 750)', folder: 'D:\Keil MDK\ARM\ARMCC\Bin'
Rebuild target 'Target 1'
assembling startup_stm32f40_41xxx.s...
compiling misc.c...
compiling stm32f4xx_can.c...
compiling system_stm32f4xx.c...
compiling delay.c...
compiling Driver_Servo.c...
compiling stm32f4xx_cec.c...
compiling BSP_Timer.c...
compiling Driver_SRF_05.c...
compiling stm32f4xx_adc.c...
compiling BSP_GPIO.c...
compiling BSP_PWM.c...
compiling main.c...
compiling stm32f4xx_crc.c...
compiling stm32f4xx_dfsdm.c...
compiling stm32f4xx_dcmi.c...
compiling stm32f4xx_cryp_tdes.c...
compiling stm32f4xx_dac.c...
compiling stm32f4xx_dbgmcu.c...
compiling stm32f4xx_dma.c...
compiling stm32f4xx_dsi.c...
compiling stm32f4xx_cryp.c...
compiling stm32f4xx_cryp_des.c...
compiling stm32f4xx_dma2d.c...
compiling stm32f4xx_cryp_aes.c...
compiling stm32f4xx_exti.c...
compiling stm32f4xx_i2c.c...
compiling stm32f4xx_gpio.c...
compiling stm32f4xx_hash_sha1.c...
compiling stm32f4xx_flash.c...
compiling stm32f4xx_flash_ramfunc.c...
compiling stm32f4xx_lptim.c...
compiling stm32f4xx_hash_md5.c...
compiling stm32f4xx_fmpi2c.c...
compiling stm32f4xx_iwdg.c...
compiling stm32f4xx_hash.c...
compiling stm32f4xx_fsmc.c...
compiling stm32f4xx_spi.c...
compiling stm32f4xx_rng.c...
compiling stm32f4xx_pwr.c...
compiling stm32f4xx_rcc.c...
compiling stm32f4xx_qspi.c...
compiling stm32f4xx_tim.c...
compiling stm32f4xx_ltdc.c...
compiling stm32f4xx_spdifrx.c...
compiling stm32f4xx_syscfg.c...
compiling stm32f4xx_sai.c...
compiling stm32f4xx_sdio.c...
compiling stm32f4xx_rtc.c...
compiling stm32f4xx_wwdg.c...
compiling vl53l0x_platform.c...
compiling stm32f4xx_it.c...
compiling vl53l0x_i2c.c...
compiling vl53l0x_it.c...
VL53L0X\vl53l0x_it.c(23): warning:  #177-D: function "exti_init"  was declared but never referenced
  static void exti_init(void)
VL53L0X\vl53l0x_it.c: 1 warning, 0 errors
compiling stm32f4xx_usart.c...
compiling vl53l0x_cali.c...
compiling vl53l0x.c...
compiling vl53l0x_gen.c...
compiling vl53l0x_api_calibration.c...
compiling vl53l0x_api_core.c...
compiling vl53l0x_api.c...
compiling vl53l0x_api_ranging.c...
compiling vl53l0x_api_strings.c...
linking...
Program Size: Code=24036 RO-data=1884 RW-data=820 ZI-data=2460  
".\Objects\new_project.axf" - 0 Error(s), 1 Warning(s).

<h2>Software Packages used:</h2>

Package Vendor: Keil
                http://www.keil.com/pack/Keil.STM32F4xx_DFP.2.13.0.pack
                Keil.STM32F4xx_DFP.2.13.0
                STMicroelectronics STM32F4 Series Device Support, Drivers and Examples

<h2>Collection of Component include folders:</h2>
  .\RTE\_Target_1
  D:\Keil MDK\ARM\PACK\Keil\STM32F4xx_DFP\2.13.0\Drivers\CMSIS\Device\ST\STM32F4xx\Include

<h2>Collection of Component Files used:</h2>
Build Time Elapsed:  00:00:10
</pre>
</body>
</html>
