Component: ARM Compiler 5.06 update 6 (build 750) Tool: armlink [4d35ed]

==============================================================================

Section Cross References

    main.o(i.main) refers to system_stm32f4xx.o(i.SystemInit) for SystemInit
    main.o(i.main) refers to delay.o(i.delay_init) for delay_init
    main.o(i.main) refers to delay.o(i.SysTick_Init) for SysTick_Init
    main.o(i.main) refers to driver_srf_05.o(i.SRF_05_Init) for SRF_05_Init
    main.o(i.main) refers to driver_servo.o(i.servo_Init) for servo_Init
    main.o(i.main) refers to driver_servo.o(i.servoStart) for servoStart
    main.o(i.main) refers to vl53l0x.o(i.vl53l0x_init) for vl53l0x_init
    main.o(i.main) refers to vl53l0x_gen.o(i.vl53l0x_set_mode) for vl53l0x_set_mode
    main.o(i.main) refers to vl53l0x.o(.bss) for vl53l0x_dev
    delay.o(i.SysTick_Init) refers to system_stm32f4xx.o(.data) for SystemCoreClock
    delay.o(i.delay_init) refers to misc.o(i.SysTick_CLKSourceConfig) for SysTick_CLKSourceConfig
    delay.o(i.delay_init) refers to delay.o(.data) for fac_us
    delay.o(i.delay_ms) refers to delay.o(i.delay_xms) for delay_xms
    delay.o(i.delay_us) refers to delay.o(.data) for fac_us
    delay.o(i.delay_xms) refers to delay.o(.data) for fac_ms
    bsp_gpio.o(i.BSP_GPIO_Init) refers to bsp_gpio.o(i.BSP_GPIO_RCC_Init) for BSP_GPIO_RCC_Init
    bsp_gpio.o(i.BSP_GPIO_Init) refers to stm32f4xx_gpio.o(i.GPIO_Init) for GPIO_Init
    bsp_gpio.o(i.BSP_GPIO_RCC_Init) refers to stm32f4xx_rcc.o(i.RCC_AHB1PeriphClockCmd) for RCC_AHB1PeriphClockCmd
    bsp_gpio.o(i.GPIO_Pin_TO_PinAFConfig) refers to bsp_gpio.o(i.GPIO_Pin_TO_GPIO_PinSource) for GPIO_Pin_TO_GPIO_PinSource
    bsp_gpio.o(i.GPIO_Pin_TO_PinAFConfig) refers to stm32f4xx_gpio.o(i.GPIO_PinAFConfig) for GPIO_PinAFConfig
    bsp_timer.o(i.BSP_TIM_ICAP_Init) refers to bsp_timer.o(i.BSP_TIM_RCC_Init) for BSP_TIM_RCC_Init
    bsp_timer.o(i.BSP_TIM_ICAP_Init) refers to bsp_gpio.o(i.BSP_GPIO_Init) for BSP_GPIO_Init
    bsp_timer.o(i.BSP_TIM_ICAP_Init) refers to bsp_timer.o(i.TIM_TO_GPIO_AF) for TIM_TO_GPIO_AF
    bsp_timer.o(i.BSP_TIM_ICAP_Init) refers to bsp_gpio.o(i.GPIO_Pin_TO_GPIO_PinSource) for GPIO_Pin_TO_GPIO_PinSource
    bsp_timer.o(i.BSP_TIM_ICAP_Init) refers to stm32f4xx_gpio.o(i.GPIO_PinAFConfig) for GPIO_PinAFConfig
    bsp_timer.o(i.BSP_TIM_ICAP_Init) refers to stm32f4xx_tim.o(i.TIM_TimeBaseInit) for TIM_TimeBaseInit
    bsp_timer.o(i.BSP_TIM_ICAP_Init) refers to stm32f4xx_tim.o(i.TIM_ICInit) for TIM_ICInit
    bsp_timer.o(i.BSP_TIM_ICAP_Init) refers to stm32f4xx_tim.o(i.TIM_ITConfig) for TIM_ITConfig
    bsp_timer.o(i.BSP_TIM_ICAP_Init) refers to stm32f4xx_tim.o(i.TIM_Cmd) for TIM_Cmd
    bsp_timer.o(i.BSP_TIM_ICAP_Init) refers to bsp_timer.o(i.TIM_TO_NVIC_IRQChannel) for TIM_TO_NVIC_IRQChannel
    bsp_timer.o(i.BSP_TIM_ICAP_Init) refers to misc.o(i.NVIC_Init) for NVIC_Init
    bsp_timer.o(i.BSP_TIM_INT_Init) refers to bsp_timer.o(i.BSP_TIM_RCC_Init) for BSP_TIM_RCC_Init
    bsp_timer.o(i.BSP_TIM_INT_Init) refers to stm32f4xx_tim.o(i.TIM_TimeBaseInit) for TIM_TimeBaseInit
    bsp_timer.o(i.BSP_TIM_INT_Init) refers to stm32f4xx_tim.o(i.TIM_ITConfig) for TIM_ITConfig
    bsp_timer.o(i.BSP_TIM_INT_Init) refers to stm32f4xx_tim.o(i.TIM_Cmd) for TIM_Cmd
    bsp_timer.o(i.BSP_TIM_INT_Init) refers to bsp_timer.o(i.TIM_TO_NVIC_IRQChannel) for TIM_TO_NVIC_IRQChannel
    bsp_timer.o(i.BSP_TIM_INT_Init) refers to misc.o(i.NVIC_Init) for NVIC_Init
    bsp_timer.o(i.BSP_TIM_Init) refers to bsp_timer.o(i.BSP_TIM_RCC_Init) for BSP_TIM_RCC_Init
    bsp_timer.o(i.BSP_TIM_Init) refers to stm32f4xx_tim.o(i.TIM_TimeBaseInit) for TIM_TimeBaseInit
    bsp_timer.o(i.BSP_TIM_Init) refers to stm32f4xx_tim.o(i.TIM_ARRPreloadConfig) for TIM_ARRPreloadConfig
    bsp_timer.o(i.BSP_TIM_Init) refers to stm32f4xx_tim.o(i.TIM_Cmd) for TIM_Cmd
    bsp_timer.o(i.BSP_TIM_RCC_Init) refers to stm32f4xx_rcc.o(i.RCC_APB2PeriphClockCmd) for RCC_APB2PeriphClockCmd
    bsp_timer.o(i.BSP_TIM_RCC_Init) refers to stm32f4xx_rcc.o(i.RCC_APB1PeriphClockCmd) for RCC_APB1PeriphClockCmd
    bsp_pwm.o(i.BSP_TIM_PWM_Init) refers to bsp_timer.o(i.BSP_TIM_RCC_Init) for BSP_TIM_RCC_Init
    bsp_pwm.o(i.BSP_TIM_PWM_Init) refers to bsp_gpio.o(i.BSP_GPIO_Init) for BSP_GPIO_Init
    bsp_pwm.o(i.BSP_TIM_PWM_Init) refers to bsp_timer.o(i.TIM_TO_GPIO_AF) for TIM_TO_GPIO_AF
    bsp_pwm.o(i.BSP_TIM_PWM_Init) refers to bsp_gpio.o(i.GPIO_Pin_TO_GPIO_PinSource) for GPIO_Pin_TO_GPIO_PinSource
    bsp_pwm.o(i.BSP_TIM_PWM_Init) refers to stm32f4xx_gpio.o(i.GPIO_PinAFConfig) for GPIO_PinAFConfig
    bsp_pwm.o(i.BSP_TIM_PWM_Init) refers to stm32f4xx_tim.o(i.TIM_TimeBaseInit) for TIM_TimeBaseInit
    bsp_pwm.o(i.BSP_TIM_PWM_Init) refers to stm32f4xx_tim.o(i.TIM_OC1Init) for TIM_OC1Init
    bsp_pwm.o(i.BSP_TIM_PWM_Init) refers to stm32f4xx_tim.o(i.TIM_OC1PreloadConfig) for TIM_OC1PreloadConfig
    bsp_pwm.o(i.BSP_TIM_PWM_Init) refers to stm32f4xx_tim.o(i.TIM_OC2Init) for TIM_OC2Init
[...]
    __aeabi_memclr8                          0x0800061f   Thumb Code     0  rt_memclr_w.o(.text)
    __rt_memclr_w                            0x0800061f   Thumb Code    78  rt_memclr_w.o(.text)
    _memset_w                                0x08000623   Thumb Code     0  rt_memclr_w.o(.text)
    __use_two_region_memory                  0x0800066d   Thumb Code     2  heapauxi.o(.text)
    __rt_heap_escrow                         0x0800066f   Thumb Code     2  heapauxi.o(.text)
    __rt_heap_expand                         0x08000671   Thumb Code     2  heapauxi.o(.text)
    _printf_int_common                       0x08000673   Thumb Code   178  _printf_intcommon.o(.text)
    _printf_cs_common                        0x08000725   Thumb Code    20  _printf_char.o(.text)
    _printf_char                             0x08000739   Thumb Code    16  _printf_char.o(.text)
    _printf_string                           0x08000749   Thumb Code     8  _printf_char.o(.text)
    _printf_char_file                        0x08000751   Thumb Code    32  _printf_char_file.o(.text)
    _printf_char_common                      0x0800077f   Thumb Code    32  _printf_char_common.o(.text)
    ferror                                   0x080007a5   Thumb Code     8  ferror.o(.text)
    _initio                                  0x080007ad   Thumb Code   210  initio.o(.text)
    _terminateio                             0x0800087f   Thumb Code    56  initio.o(.text)
    _sys_open                                0x080008e5   Thumb Code    20  sys_io.o(.text)
    _sys_close                               0x080008f9   Thumb Code    12  sys_io.o(.text)
    _sys_write                               0x08000905   Thumb Code    16  sys_io.o(.text)
    _sys_read                                0x08000915   Thumb Code    14  sys_io.o(.text)
    _sys_istty                               0x08000923   Thumb Code    12  sys_io.o(.text)
    _sys_seek                                0x0800092f   Thumb Code    14  sys_io.o(.text)
    _sys_ensure                              0x0800093d   Thumb Code     2  sys_io.o(.text)
    _sys_flen                                0x0800093f   Thumb Code    12  sys_io.o(.text)
    __user_setup_stackheap                   0x0800094b   Thumb Code    74  sys_stackheap_outer.o(.text)
    free                                     0x08000995   Thumb Code    78  h1_free.o(.text)
    __flsbuf                                 0x080009e3   Thumb Code   470  flsbuf.o(.text)
    __flsbuf_byte                            0x080009e3   Thumb Code     0  flsbuf.o(.text)
    __flsbuf_wide                            0x080009e3   Thumb Code     0  flsbuf.o(.text)
    setvbuf                                  0x08000bb9   Thumb Code    70  setvbuf.o(.text)
    freopen                                  0x08000c01   Thumb Code   158  fopen.o(.text)
    fopen                                    0x08000c9f   Thumb Code    74  fopen.o(.text)
    _fclose_internal                         0x08000ced   Thumb Code    76  fclose.o(.text)
    fclose                                   0x08000ced   Thumb Code     0  fclose.o(.text)
    exit                                     0x08000d39   Thumb Code    18  exit.o(.text)
    __rt_SIGRTRED                            0x08000d4b   Thumb Code    14  defsig_rtred_outer.o(.text)
    __user_libspace                          0x08000d59   Thumb Code     8  libspace.o(.text)
    __user_perproc_libspace                  0x08000d59   Thumb Code     0  libspace.o(.text)
    __user_perthread_libspace                0x08000d59   Thumb Code     0  libspace.o(.text)
    __I$use$semihosting                      0x08000d61   Thumb Code     0  use_no_semi.o(.text)
    __use_no_semihosting_swi                 0x08000d61   Thumb Code     2  use_no_semi.o(.text)
    __semihosting_library_function           0x08000d63   Thumb Code     0  indicate_semi.o(.text)
    __rt_heap_descriptor                     0x08000d65   Thumb Code     8  rt_heap_descriptor_intlibspace.o(.text)
    __use_no_heap                            0x08000d6d   Thumb Code     2  hguard.o(.text)
    __heap$guard                             0x08000d6f   Thumb Code     2  hguard.o(.text)
    _terminate_user_alloc                    0x08000d71   Thumb Code     2  init_alloc.o(.text)
    _init_user_alloc                         0x08000d73   Thumb Code     2  init_alloc.o(.text)
    __Heap_Full                              0x08000d75   Thumb Code    34  init_alloc.o(.text)
    __Heap_Broken                            0x08000d97   Thumb Code     6  init_alloc.o(.text)
    _init_alloc                              0x08000d9d   Thumb Code    94  init_alloc.o(.text)
    malloc                                   0x08000dfb   Thumb Code    94  h1_alloc.o(.text)
    _fseek                                   0x08000e59   Thumb Code   242  fseek.o(.text)
    fseek                                    0x08000e59   Thumb Code     0  fseek.o(.text)
    _seterr                                  0x08000f51   Thumb Code    20  stdio.o(.text)
    _writebuf                                0x08000f65   Thumb Code    84  stdio.o(.text)
    _fflush                                  0x08000fb9   Thumb Code    70  stdio.o(.text)
    _deferredlazyseek                        0x08000fff   Thumb Code    60  stdio.o(.text)
    __sig_exit                               0x08001041   Thumb Code    10  defsig_exit.o(.text)
    __rt_SIGRTRED_inner                      0x0800104d   Thumb Code    14  defsig_rtred_inner.o(.text)
    strlen                                   0x08001081   Thumb Code    62  strlen.o(.text)
    _sys_exit                                0x080010c1   Thumb Code     8  sys_exit.o(.text)
    __Heap_Initialize                        0x080010cd   Thumb Code    10  h1_init.o(.text)
    __Heap_DescSize                          0x080010d7   Thumb Code     4  h1_init.o(.text)
    __Heap_ProvideMemory                     0x080010db   Thumb Code    52  h1_extend.o(.text)
    _ftell_internal                          0x0800110f   Thumb Code    66  ftell.o(.text)
    ftell                                    0x0800110f   Thumb Code     0  ftell.o(.text)
    __default_signal_display                 0x08001151   Thumb Code    50  defsig_general.o(.text)
    __rt_SIGRTMEM                            0x08001183   Thumb Code    14  defsig_rtmem_outer.o(.text)
    _ttywrch                                 0x08001191   Thumb Code    14  sys_wrch.o(.text)
    __aeabi_errno_addr                       0x080011a1   Thumb Code     8  rt_errno_addr_intlibspace.o(.text)
    __errno$intlibspace                      0x080011a1   Thumb Code     0  rt_errno_addr_intlibspace.o(.text)
    __rt_errno_addr$intlibspace              0x080011a1   Thumb Code     0  rt_errno_addr_intlibspace.o(.text)
    __rt_SIGRTMEM_inner                      0x080011a9   Thumb Code    22  defsig_rtmem_inner.o(.text)
    BSP_GPIO_Init                            0x080011f9   Thumb Code   140  bsp_gpio.o(i.BSP_GPIO_Init)
    BSP_GPIO_RCC_Init                        0x08001285   Thumb Code   120  bsp_gpio.o(i.BSP_GPIO_RCC_Init)
    BSP_TIM_INT_Init                         0x08001321   Thumb Code    98  bsp_timer.o(i.BSP_TIM_INT_Init)
    BSP_TIM_PWM_Init                         0x08001385   Thumb Code   314  bsp_pwm.o(i.BSP_TIM_PWM_Init)
    BSP_TIM_RCC_Init                         0x080014c5   Thumb Code   228  bsp_timer.o(i.BSP_TIM_RCC_Init)
    BusFault_Handler                         0x080015dd   Thumb Code     4  stm32f4xx_it.o(i.BusFault_Handler)
    DebugMon_Handler                         0x080015e1   Thumb Code     2  stm32f4xx_it.o(i.DebugMon_Handler)
    EXTI9_5_IRQHandler                       0x080015e5   Thumb Code    16  vl53l0x_it.o(i.EXTI9_5_IRQHandler)
    EXTI_ClearITPendingBit                   0x080015f9   Thumb Code     6  stm32f4xx_exti.o(i.EXTI_ClearITPendingBit)
    GPIO_Init                                0x08001605   Thumb Code   144  stm32f4xx_gpio.o(i.GPIO_Init)
    GPIO_PinAFConfig                         0x08001695   Thumb Code    70  stm32f4xx_gpio.o(i.GPIO_PinAFConfig)
    GPIO_Pin_TO_GPIO_PinSource               0x080016db   Thumb Code   166  bsp_gpio.o(i.GPIO_Pin_TO_GPIO_PinSource)
    GPIO_SetBits                             0x08001781   Thumb Code     4  stm32f4xx_gpio.o(i.GPIO_SetBits)
    HardFault_Handler                        0x08001785   Thumb Code     4  stm32f4xx_it.o(i.HardFault_Handler)
    MemManage_Handler                        0x08001789   Thumb Code     4  stm32f4xx_it.o(i.MemManage_Handler)
    NMI_Handler                              0x0800178d   Thumb Code     2  stm32f4xx_it.o(i.NMI_Handler)
    NVIC_Init                                0x08001791   Thumb Code   106  misc.o(i.NVIC_Init)
    NVIC_PriorityGroupConfig                 0x08001809   Thumb Code    10  misc.o(i.NVIC_PriorityGroupConfig)
    One_measurement                          0x0800181d   Thumb Code    32  vl53l0x.o(i.One_measurement)
    PendSV_Handler                           0x08001855   Thumb Code     2  stm32f4xx_it.o(i.PendSV_Handler)
    RCC_AHB1PeriphClockCmd                   0x08001859   Thumb Code    26  stm32f4xx_rcc.o(i.RCC_AHB1PeriphClockCmd)
    RCC_APB1PeriphClockCmd                   0x08001879   Thumb Code    26  stm32f4xx_rcc.o(i.RCC_APB1PeriphClockCmd)
    RCC_APB2PeriphClockCmd                   0x08001899   Thumb Code    26  stm32f4xx_rcc.o(i.RCC_APB2PeriphClockCmd)
    SRF_05_Init                              0x080018b9   Thumb Code    64  driver_srf_05.o(i.SRF_05_Init)
    SVC_Handler                              0x08001905   Thumb Code     2  stm32f4xx_it.o(i.SVC_Handler)
    SysTick_CLKSourceConfig                  0x080019f5   Thumb Code    40  misc.o(i.SysTick_CLKSourceConfig)
    SysTick_Handler                          0x08001a1d   Thumb Code    10  stm32f4xx_it.o(i.SysTick_Handler)
    SysTick_Init                             0x08001a29   Thumb Code   106  delay.o(i.SysTick_Init)
    SystemInit                               0x08001aa1   Thumb Code    88  system_stm32f4xx.o(i.SystemInit)
    TIM3_IRQHandler                          0x08001b09   Thumb Code    32  driver_srf_05.o(i.TIM3_IRQHandler)
    TIM_ARRPreloadConfig                     0x08001b31   Thumb Code    24  stm32f4xx_tim.o(i.TIM_ARRPreloadConfig)
    TIM_ClearFlag                            0x08001b49   Thumb Code     6  stm32f4xx_tim.o(i.TIM_ClearFlag)
    TIM_ClearITPendingBit                    0x08001b4f   Thumb Code     6  stm32f4xx_tim.o(i.TIM_ClearITPendingBit)
    TIM_Cmd                                  0x08001b55   Thumb Code    24  stm32f4xx_tim.o(i.TIM_Cmd)
    TIM_CtrlPWMOutputs                       0x08001b6d   Thumb Code    30  stm32f4xx_tim.o(i.TIM_CtrlPWMOutputs)
    TIM_GetITStatus                          0x08001b8b   Thumb Code    34  stm32f4xx_tim.o(i.TIM_GetITStatus)
    TIM_ITConfig                             0x08001bad   Thumb Code    18  stm32f4xx_tim.o(i.TIM_ITConfig)
    TIM_OC1Init                              0x08001bc1   Thumb Code   114  stm32f4xx_tim.o(i.TIM_OC1Init)
    TIM_OC1PreloadConfig                     0x08001c3d   Thumb Code    18  stm32f4xx_tim.o(i.TIM_OC1PreloadConfig)
    TIM_OC2Init                              0x08001c51   Thumb Code   154  stm32f4xx_tim.o(i.TIM_OC2Init)
    TIM_OC2PreloadConfig                     0x08001cf5   Thumb Code    26  stm32f4xx_tim.o(i.TIM_OC2PreloadConfig)
    TIM_OC3Init                              0x08001d11   Thumb Code   150  stm32f4xx_tim.o(i.TIM_OC3Init)
    TIM_OC3PreloadConfig                     0x08001db1   Thumb Code    18  stm32f4xx_tim.o(i.TIM_OC3PreloadConfig)
    TIM_OC4Init                              0x08001dc5   Thumb Code   112  stm32f4xx_tim.o(i.TIM_OC4Init)
    TIM_OC4PreloadConfig                     0x08001e3d   Thumb Code    26  stm32f4xx_tim.o(i.TIM_OC4PreloadConfig)
    TIM_SetCompare2                          0x08001e57   Thumb Code     4  stm32f4xx_tim.o(i.TIM_SetCompare2)
    TIM_SetCompare3                          0x08001e5b   Thumb Code     4  stm32f4xx_tim.o(i.TIM_SetCompare3)
    TIM_TO_GPIO_AF                           0x08001e61   Thumb Code   122  bsp_timer.o(i.TIM_TO_GPIO_AF)
    TIM_TO_NVIC_IRQChannel                   0x08001f09   Thumb Code   142  bsp_timer.o(i.TIM_TO_NVIC_IRQChannel)
    TIM_TimeBaseInit                         0x08001fcd   Thumb Code   104  stm32f4xx_tim.o(i.TIM_TimeBaseInit)
    UsageFault_Handler                       0x08002051   Thumb Code     4  stm32f4xx_it.o(i.UsageFault_Handler)
    VL53L0X_CheckAndLoadInterruptSettings    0x08002055   Thumb Code   126  vl53l0x_api.o(i.VL53L0X_CheckAndLoadInterruptSettings)
    VL53L0X_ClearInterruptMask               0x080020d9   Thumb Code    82  vl53l0x_api.o(i.VL53L0X_ClearInterruptMask)
    VL53L0X_DataInit                         0x0800212d   Thumb Code   420  vl53l0x_api.o(i.VL53L0X_DataInit)
    VL53L0X_GetDeviceInfo                    0x080022d9   Thumb Code    22  vl53l0x_api.o(i.VL53L0X_GetDeviceInfo)
    VL53L0X_GetDeviceMode                    0x080022ef   Thumb Code    10  vl53l0x_api.o(i.VL53L0X_GetDeviceMode)
    VL53L0X_GetDeviceParameters              0x080022f9   Thumb Code   160  vl53l0x_api.o(i.VL53L0X_GetDeviceParameters)
    VL53L0X_GetFractionEnable                0x08002399   Thumb Code    34  vl53l0x_api.o(i.VL53L0X_GetFractionEnable)
    VL53L0X_GetInterMeasurementPeriodMilliSeconds 0x080023bb   Thumb Code    62  vl53l0x_api.o(i.VL53L0X_GetInterMeasurementPeriodMilliSeconds)
    VL53L0X_GetInterruptMaskStatus           0x080023f9   Thumb Code    48  vl53l0x_api.o(i.VL53L0X_GetInterruptMaskStatus)
    VL53L0X_GetInterruptThresholds           0x08002429   Thumb Code    66  vl53l0x_api.o(i.VL53L0X_GetInterruptThresholds)
    VL53L0X_GetLimitCheckEnable              0x0800246b   Thumb Code    28  vl53l0x_api.o(i.VL53L0X_GetLimitCheckEnable)
    VL53L0X_GetLimitCheckValue               0x08002487   Thumb Code   182  vl53l0x_api.o(i.VL53L0X_GetLimitCheckValue)
    VL53L0X_GetMeasurementDataReady          0x0800253d   Thumb Code    86  vl53l0x_api.o(i.VL53L0X_GetMeasurementDataReady)
    VL53L0X_GetMeasurementTimingBudgetMicroSeconds 0x08002593   Thumb Code    22  vl53l0x_api.o(i.VL53L0X_GetMeasurementTimingBudgetMicroSeconds)
    VL53L0X_GetOffsetCalibrationDataMicroMeter 0x080025a9   Thumb Code    22  vl53l0x_api.o(i.VL53L0X_GetOffsetCalibrationDataMicroMeter)
    VL53L0X_GetPalErrorString                0x080025bf   Thumb Code    22  vl53l0x_api.o(i.VL53L0X_GetPalErrorString)
    VL53L0X_GetRangingMeasurementData        0x080025d5   Thumb Code   366  vl53l0x_api.o(i.VL53L0X_GetRangingMeasurementData)
    VL53L0X_GetSequenceStepEnables           0x08002743   Thumb Code   118  vl53l0x_api.o(i.VL53L0X_GetSequenceStepEnables)
    VL53L0X_GetVcselPulsePeriod              0x080027b9   Thumb Code    30  vl53l0x_api.o(i.VL53L0X_GetVcselPulsePeriod)
    VL53L0X_GetWrapAroundCheckEnable         0x080027d7   Thumb Code    62  vl53l0x_api.o(i.VL53L0X_GetWrapAroundCheckEnable)
    VL53L0X_GetXTalkCompensationEnable       0x08002815   Thumb Code    12  vl53l0x_api.o(i.VL53L0X_GetXTalkCompensationEnable)
    VL53L0X_GetXTalkCompensationRateMegaCps  0x08002821   Thumb Code    56  vl53l0x_api.o(i.VL53L0X_GetXTalkCompensationRateMegaCps)
    VL53L0X_PerformRefCalibration            0x08002859   Thumb Code    32  vl53l0x_api.o(i.VL53L0X_PerformRefCalibration)
    VL53L0X_PerformRefSpadManagement         0x08002879   Thumb Code    30  vl53l0x_api.o(i.VL53L0X_PerformRefSpadManagement)
    VL53L0X_PerformSingleMeasurement         0x08002897   Thumb Code    60  vl53l0x_api.o(i.VL53L0X_PerformSingleMeasurement)
    VL53L0X_PerformSingleRangingMeasurement  0x080028d3   Thumb Code    56  vl53l0x_api.o(i.VL53L0X_PerformSingleRangingMeasurement)
    VL53L0X_PollingDelay                     0x0800290b   Thumb Code    26  vl53l0x_platform.o(i.VL53L0X_PollingDelay)
    VL53L0X_RdByte                           0x08002925   Thumb Code    44  vl53l0x_platform.o(i.VL53L0X_RdByte)
    VL53L0X_RdDWord                          0x08002951   Thumb Code    44  vl53l0x_platform.o(i.VL53L0X_RdDWord)
    VL53L0X_RdWord                           0x0800297d   Thumb Code    44  vl53l0x_platform.o(i.VL53L0X_RdWord)
    VL53L0X_ReadMulti                        0x080029a9   Thumb Code    54  vl53l0x_platform.o(i.VL53L0X_ReadMulti)
    VL53L0X_SetDeviceAddress                 0x080029df   Thumb Code    36  vl53l0x_api.o(i.VL53L0X_SetDeviceAddress)
    VL53L0X_SetDeviceMode                    0x08002a03   Thumb Code    50  vl53l0x_api.o(i.VL53L0X_SetDeviceMode)
    VL53L0X_SetGpioConfig                    0x08002a35   Thumb Code   358  vl53l0x_api.o(i.VL53L0X_SetGpioConfig)
    VL53L0X_SetLimitCheckEnable              0x08002b9b   Thumb Code   194  vl53l0x_api.o(i.VL53L0X_SetLimitCheckEnable)
    VL53L0X_SetLimitCheckValue               0x08002c5d   Thumb Code   118  vl53l0x_api.o(i.VL53L0X_SetLimitCheckValue)
    VL53L0X_SetMeasurementTimingBudgetMicroSeconds 0x08002cd3   Thumb Code    22  vl53l0x_api.o(i.VL53L0X_SetMeasurementTimingBudgetMicroSeconds)
    VL53L0X_SetOffsetCalibrationDataMicroMeter 0x08002ce9   Thumb Code    22  vl53l0x_api.o(i.VL53L0X_SetOffsetCalibrationDataMicroMeter)
    VL53L0X_SetRefCalibration                0x08002cff   Thumb Code    30  vl53l0x_api.o(i.VL53L0X_SetRefCalibration)
    VL53L0X_SetReferenceSpads                0x08002d1d   Thumb Code    30  vl53l0x_api.o(i.VL53L0X_SetReferenceSpads)
    VL53L0X_SetSequenceStepEnable            0x08002d3b   Thumb Code   196  vl53l0x_api.o(i.VL53L0X_SetSequenceStepEnable)
    VL53L0X_SetVcselPulsePeriod              0x08002dff   Thumb Code    30  vl53l0x_api.o(i.VL53L0X_SetVcselPulsePeriod)
    VL53L0X_SetXTalkCompensationRateMegaCps  0x08002e1d   Thumb Code    64  vl53l0x_api.o(i.VL53L0X_SetXTalkCompensationRateMegaCps)
    VL53L0X_StartMeasurement                 0x08002e5d   Thumb Code   268  vl53l0x_api.o(i.VL53L0X_StartMeasurement)
    VL53L0X_StaticInit                       0x08002f69   Thumb Code   410  vl53l0x_api.o(i.VL53L0X_StaticInit)
    VL53L0X_UpdateByte                       0x08003109   Thumb Code    82  vl53l0x_platform.o(i.VL53L0X_UpdateByte)
    VL53L0X_WrByte                           0x0800315b   Thumb Code    44  vl53l0x_platform.o(i.VL53L0X_WrByte)
    VL53L0X_WrWord                           0x08003187   Thumb Code    44  vl53l0x_platform.o(i.VL53L0X_WrWord)
    VL53L0X_WriteMulti                       0x080031b3   Thumb Code    60  vl53l0x_platform.o(i.VL53L0X_WriteMulti)
    VL53L0X_calc_dmax                        0x080031f1   Thumb Code   392  vl53l0x_api_core.o(i.VL53L0X_calc_dmax)
    VL53L0X_calc_macro_period_ps             0x0800337d   Thumb Code    22  vl53l0x_api_core.o(i.VL53L0X_calc_macro_period_ps)
    VL53L0X_calc_sigma_estimate              0x08003395   Thumb Code   772  vl53l0x_api_core.o(i.VL53L0X_calc_sigma_estimate)
    VL53L0X_calc_timeout_mclks               0x080036a5   Thumb Code    52  vl53l0x_api_core.o(i.VL53L0X_calc_timeout_mclks)
    VL53L0X_calc_timeout_us                  0x080036d9   Thumb Code    52  vl53l0x_api_core.o(i.VL53L0X_calc_timeout_us)
    VL53L0X_check_part_used                  0x0800370d   Thumb Code    74  vl53l0x_api_strings.o(i.VL53L0X_check_part_used)
    VL53L0X_decode_timeout                   0x0800375d   Thumb Code    14  vl53l0x_api_core.o(i.VL53L0X_decode_timeout)
    VL53L0X_decode_vcsel_period              0x0800376b   Thumb Code    12  vl53l0x_api_core.o(i.VL53L0X_decode_vcsel_period)
    VL53L0X_device_read_strobe               0x08003777   Thumb Code    82  vl53l0x_api_core.o(i.VL53L0X_device_read_strobe)
    VL53L0X_encode_timeout                   0x080037c9   Thumb Code    40  vl53l0x_api_core.o(i.VL53L0X_encode_timeout)
    VL53L0X_encode_vcsel_period              0x080037f1   Thumb Code    14  vl53l0x_api_core.o(i.VL53L0X_encode_vcsel_period)
    VL53L0X_get_device_info                  0x08003801   Thumb Code   152  vl53l0x_api_strings.o(i.VL53L0X_get_device_info)
    VL53L0X_get_info_from_device             0x080038dd   Thumb Code  1354  vl53l0x_api_core.o(i.VL53L0X_get_info_from_device)
    VL53L0X_get_measurement_timing_budget_micro_seconds 0x08003e27   Thumb Code   238  vl53l0x_api_core.o(i.VL53L0X_get_measurement_timing_budget_micro_seconds)
    VL53L0X_get_offset_calibration_data_micro_meter 0x08003f15   Thumb Code    86  vl53l0x_api_calibration.o(i.VL53L0X_get_offset_calibration_data_micro_meter)
    VL53L0X_get_pal_error_string             0x08003f6d   Thumb Code   298  vl53l0x_api_strings.o(i.VL53L0X_get_pal_error_string)
    VL53L0X_get_pal_range_status             0x08004239   Thumb Code   564  vl53l0x_api_core.o(i.VL53L0X_get_pal_range_status)
    VL53L0X_get_total_signal_rate            0x0800446d   Thumb Code    40  vl53l0x_api_core.o(i.VL53L0X_get_total_signal_rate)
    VL53L0X_get_total_xtalk_rate             0x08004495   Thumb Code    58  vl53l0x_api_core.o(i.VL53L0X_get_total_xtalk_rate)
    VL53L0X_get_vcsel_pulse_period           0x080044cf   Thumb Code    70  vl53l0x_api_core.o(i.VL53L0X_get_vcsel_pulse_period)
    VL53L0X_i2c_init                         0x08004515   Thumb Code    60  vl53l0x_i2c.o(i.VL53L0X_i2c_init)
    VL53L0X_isqrt                            0x08004555   Thumb Code    44  vl53l0x_api_core.o(i.VL53L0X_isqrt)
    VL53L0X_load_tuning_settings             0x08004581   Thumb Code   234  vl53l0x_api_core.o(i.VL53L0X_load_tuning_settings)
    VL53L0X_measurement_poll_for_completion  0x0800466b   Thumb Code    66  vl53l0x_api_core.o(i.VL53L0X_measurement_poll_for_completion)
    VL53L0X_perform_phase_calibration        0x080046ad   Thumb Code   124  vl53l0x_api_calibration.o(i.VL53L0X_perform_phase_calibration)
    VL53L0X_perform_ref_calibration          0x08004729   Thumb Code    76  vl53l0x_api_calibration.o(i.VL53L0X_perform_ref_calibration)
    VL53L0X_perform_ref_spad_management      0x08004775   Thumb Code   658  vl53l0x_api_calibration.o(i.VL53L0X_perform_ref_spad_management)
    VL53L0X_perform_single_ref_calibration   0x08004a07   Thumb Code    64  vl53l0x_api_calibration.o(i.VL53L0X_perform_single_ref_calibration)
    VL53L0X_perform_vhv_calibration          0x08004a47   Thumb Code   126  vl53l0x_api_calibration.o(i.VL53L0X_perform_vhv_calibration)
    VL53L0X_read_byte                        0x08004ac5   Thumb Code    32  vl53l0x_i2c.o(i.VL53L0X_read_byte)
    VL53L0X_read_dword                       0x08004ae5   Thumb Code    58  vl53l0x_i2c.o(i.VL53L0X_read_dword)
    VL53L0X_read_multi                       0x08004b1f   Thumb Code    40  vl53l0x_i2c.o(i.VL53L0X_read_multi)
    VL53L0X_read_word                        0x08004b47   Thumb Code    42  vl53l0x_i2c.o(i.VL53L0X_read_word)
    VL53L0X_ref_calibration_io               0x08004b71   Thumb Code   176  vl53l0x_api_calibration.o(i.VL53L0X_ref_calibration_io)
    VL53L0X_set_measurement_timing_budget_micro_seconds 0x08004c21   Thumb Code   294  vl53l0x_api_core.o(i.VL53L0X_set_measurement_timing_budget_micro_seconds)
    VL53L0X_set_offset_calibration_data_micro_meter 0x08004d49   Thumb Code    74  vl53l0x_api_calibration.o(i.VL53L0X_set_offset_calibration_data_micro_meter)
    VL53L0X_set_ref_calibration              0x08004d9d   Thumb Code    46  vl53l0x_api_calibration.o(i.VL53L0X_set_ref_calibration)
    VL53L0X_set_reference_spads              0x08004dcb   Thumb Code   194  vl53l0x_api_calibration.o(i.VL53L0X_set_reference_spads)
    VL53L0X_set_vcsel_pulse_period           0x08004e8d   Thumb Code   766  vl53l0x_api_core.o(i.VL53L0X_set_vcsel_pulse_period)
    VL53L0X_write_byte                       0x0800518b   Thumb Code    26  vl53l0x_i2c.o(i.VL53L0X_write_byte)
    VL53L0X_write_multi                      0x080051a5   Thumb Code    40  vl53l0x_i2c.o(i.VL53L0X_write_multi)
    VL53L0X_write_word                       0x080051cd   Thumb Code    86  vl53l0x_i2c.o(i.VL53L0X_write_word)
    VL_IIC_Ack                               0x08005225   Thumb Code    66  vl53l0x_i2c.o(i.VL_IIC_Ack)
    VL_IIC_NAck                              0x08005275   Thumb Code    66  vl53l0x_i2c.o(i.VL_IIC_NAck)
    VL_IIC_Read_Byte                         0x080052c5   Thumb Code    94  vl53l0x_i2c.o(i.VL_IIC_Read_Byte)
    VL_IIC_Read_nByte                        0x08005331   Thumb Code   106  vl53l0x_i2c.o(i.VL_IIC_Read_nByte)
    VL_IIC_Send_Byte                         0x0800539d   Thumb Code   104  vl53l0x_i2c.o(i.VL_IIC_Send_Byte)
    VL_IIC_Start                             0x08005411   Thumb Code    64  vl53l0x_i2c.o(i.VL_IIC_Start)
    VL_IIC_Stop                              0x0800545d   Thumb Code    62  vl53l0x_i2c.o(i.VL_IIC_Stop)
    VL_IIC_Wait_Ack                          0x080054a9   Thumb Code    82  vl53l0x_i2c.o(i.VL_IIC_Wait_Ack)
    VL_IIC_Write_nByte                       0x08005509   Thumb Code    80  vl53l0x_i2c.o(i.VL_IIC_Write_nByte)
    _is_digit                                0x08005559   Thumb Code    14  __printf_wp.o(i._is_digit)
    delay_init                               0x08005569   Thumb Code    52  delay.o(i.delay_init)
    delay_ms                                 0x080055a5   Thumb Code    56  delay.o(i.delay_ms)
    delay_us                                 0x080055dd   Thumb Code    72  delay.o(i.delay_us)
    delay_xms                                0x08005629   Thumb Code    72  delay.o(i.delay_xms)
    enable_ref_spads                         0x08005675   Thumb Code   172  vl53l0x_api_calibration.o(i.enable_ref_spads)
    enable_spad_bit                          0x08005721   Thumb Code    50  vl53l0x_api_calibration.o(i.enable_spad_bit)
    fputc                                    0x08005753   Thumb Code    26  fputc.o(i.fputc)
    get_next_good_spad                       0x0800576d   Thumb Code   104  vl53l0x_api_calibration.o(i.get_next_good_spad)
    get_ref_spad_map                         0x080057d5   Thumb Code    24  vl53l0x_api_calibration.o(i.get_ref_spad_map)
    get_sequence_step_timeout                0x080057ed   Thumb Code   290  vl53l0x_api_core.o(i.get_sequence_step_timeout)
    is_aperture                              0x08005911   Thumb Code    18  vl53l0x_api_calibration.o(i.is_aperture)
    main                                     0x08005929   Thumb Code    60  main.o(i.main)
    perform_ref_signal_measurement           0x08005969   Thumb Code   110  vl53l0x_api_calibration.o(i.perform_ref_signal_measurement)
    print_pal_error                          0x080059d9   Thumb Code    28  vl53l0x.o(i.print_pal_error)
    sequence_step_enabled                    0x08005a0d   Thumb Code    72  vl53l0x_api.o(i.sequence_step_enabled)
    servoStart                               0x08005a55   Thumb Code    40  driver_servo.o(i.servoStart)
    servo_Init                               0x08005a85   Thumb Code    52  driver_servo.o(i.servo_Init)
    set_ref_spad_map                         0x08005ac1   Thumb Code    24  vl53l0x_api_calibration.o(i.set_ref_spad_map)
    set_sequence_step_timeout                0x08005ad9   Thumb Code   306  vl53l0x_api_core.o(i.set_sequence_step_timeout)
    vl53l0x_Addr_set                         0x08005c0d   Thumb Code   150  vl53l0x.o(i.vl53l0x_Addr_set)
    vl53l0x_init                             0x08005cb1   Thumb Code   188  vl53l0x.o(i.vl53l0x_init)
    vl53l0x_reset                            0x08005d85   Thumb Code    56  vl53l0x.o(i.vl53l0x_reset)
    vl53l0x_set_mode                         0x08005dc5   Thumb Code   400  vl53l0x_gen.o(i.vl53l0x_set_mode)
    _fp_init                                 0x08005f61   Thumb Code    10  fpinit.o(x$fpl$fpinit)
    __fplib_config_fpu_vfp                   0x08005f69   Thumb Code     0  fpinit.o(x$fpl$fpinit)
    __fplib_config_pureend_doubles           0x08005f69   Thumb Code     0  fpinit.o(x$fpl$fpinit)
    BSP_GPIOA0_Base                          0x08005f6c   Data           8  bsp_gpio.o(.constdata)
    BSP_GPIOA1_Base                          0x08005f74   Data           8  bsp_gpio.o(.constdata)
    BSP_GPIOA2_Base                          0x08005f7c   Data           8  bsp_gpio.o(.constdata)
    BSP_GPIOA3_Base                          0x08005f84   Data           8  bsp_gpio.o(.constdata)
    BSP_GPIOA4_Base                          0x08005f8c   Data           8  bsp_gpio.o(.constdata)
    BSP_GPIOA5_Base                          0x08005f94   Data           8  bsp_gpio.o(.constdata)
    BSP_GPIOA6_Base                          0x08005f9c   Data           8  bsp_gpio.o(.constdata)
    BSP_GPIOA7_Base                          0x08005fa4   Data           8  bsp_gpio.o(.constdata)
    BSP_GPIOA8_Base                          0x08005fac   Data           8  bsp_gpio.o(.constdata)
    BSP_GPIOA9_Base                          0x08005fb4   Data           8  bsp_gpio.o(.constdata)
    BSP_GPIOA10_Base                         0x08005fbc   Data           8  bsp_gpio.o(.constdata)
    BSP_GPIOA11_Base                         0x08005fc4   Data           8  bsp_gpio.o(.constdata)
    BSP_GPIOA12_Base                         0x08005fcc   Data           8  bsp_gpio.o(.constdata)
    BSP_GPIOA13_Base                         0x08005fd4   Data           8  bsp_gpio.o(.constdata)
    BSP_GPIOA14_Base                         0x08005fdc   Data           8  bsp_gpio.o(.constdata)
    BSP_GPIOA15_Base                         0x08005fe4   Data           8  bsp_gpio.o(.constdata)
    BSP_GPIOB0_Base                          0x08005fec   Data           8  bsp_gpio.o(.constdata)
    BSP_GPIOB1_Base                          0x08005ff4   Data           8  bsp_gpio.o(.constdata)
    BSP_GPIOB2_Base                          0x08005ffc   Data           8  bsp_gpio.o(.constdata)
    BSP_GPIOB3_Base                          0x08006004   Data           8  bsp_gpio.o(.constdata)
    BSP_GPIOB4_Base                          0x0800600c   Data           8  bsp_gpio.o(.constdata)
    BSP_GPIOB5_Base                          0x08006014   Data           8  bsp_gpio.o(.constdata)
    BSP_GPIOB6_Base                          0x0800601c   Data           8  bsp_gpio.o(.constdata)
    BSP_GPIOB7_Base                          0x08006024   Data           8  bsp_gpio.o(.constdata)
    BSP_GPIOB8_Base                          0x0800602c   Data           8  bsp_gpio.o(.constdata)
    BSP_GPIOB9_Base                          0x08006034   Data           8  bsp_gpio.o(.constdata)
    BSP_GPIOB10_Base                         0x0800603c   Data           8  bsp_gpio.o(.constdata)
    BSP_GPIOB11_Base                         0x08006044   Data           8  bsp_gpio.o(.constdata)
    BSP_GPIOB12_Base                         0x0800604c   Data           8  bsp_gpio.o(.constdata)
    BSP_GPIOB13_Base                         0x08006054   Data           8  bsp_gpio.o(.constdata)
    BSP_GPIOB14_Base                         0x0800605c   Data           8  bsp_gpio.o(.constdata)
    BSP_GPIOB15_Base                         0x08006064   Data           8  bsp_gpio.o(.constdata)
    BSP_GPIOC0_Base                          0x0800606c   Data           8  bsp_gpio.o(.constdata)
    BSP_GPIOC1_Base                          0x08006074   Data           8  bsp_gpio.o(.constdata)
    BSP_GPIOC2_Base                          0x0800607c   Data           8  bsp_gpio.o(.constdata)
    BSP_GPIOC3_Base                          0x08006084   Data           8  bsp_gpio.o(.constdata)
    BSP_GPIOC4_Base                          0x0800608c   Data           8  bsp_gpio.o(.constdata)
    BSP_GPIOC5_Base                          0x08006094   Data           8  bsp_gpio.o(.constdata)
    BSP_GPIOC6_Base                          0x0800609c   Data           8  bsp_gpio.o(.constdata)
    BSP_GPIOC7_Base                          0x080060a4   Data           8  bsp_gpio.o(.constdata)
    BSP_GPIOC8_Base                          0x080060ac   Data           8  bsp_gpio.o(.constdata)
    BSP_GPIOC9_Base                          0x080060b4   Data           8  bsp_gpio.o(.constdata)
    BSP_GPIOC10_Base                         0x080060bc   Data           8  bsp_gpio.o(.constdata)
    BSP_GPIOC11_Base                         0x080060c4   Data           8  bsp_gpio.o(.constdata)
    BSP_GPIOC12_Base                         0x080060cc   Data           8  bsp_gpio.o(.constdata)
    BSP_GPIOC13_Base                         0x080060d4   Data           8  bsp_gpio.o(.constdata)
    BSP_GPIOC14_Base                         0x080060dc   Data           8  bsp_gpio.o(.constdata)
    BSP_GPIOC15_Base                         0x080060e4   Data           8  bsp_gpio.o(.constdata)
    BSP_GPIOD0_Base                          0x080060ec   Data           8  bsp_gpio.o(.constdata)
    BSP_GPIOD1_Base                          0x080060f4   Data           8  bsp_gpio.o(.constdata)
    BSP_GPIOD2_Base                          0x080060fc   Data           8  bsp_gpio.o(.constdata)
    BSP_GPIOD3_Base                          0x08006104   Data           8  bsp_gpio.o(.constdata)
    BSP_GPIOD4_Base                          0x0800610c   Data           8  bsp_gpio.o(.constdata)
    BSP_GPIOD5_Base                          0x08006114   Data           8  bsp_gpio.o(.constdata)
    BSP_GPIOD6_Base                          0x0800611c   Data           8  bsp_gpio.o(.constdata)
    BSP_GPIOD7_Base                          0x08006124   Data           8  bsp_gpio.o(.constdata)
    BSP_GPIOD8_Base                          0x0800612c   Data           8  bsp_gpio.o(.constdata)
    BSP_GPIOD9_Base                          0x08006134   Data           8  bsp_gpio.o(.constdata)
    BSP_GPIOD10_Base                         0x0800613c   Data           8  bsp_gpio.o(.constdata)
    BSP_GPIOD11_Base                         0x08006144   Data           8  bsp_gpio.o(.constdata)
    BSP_GPIOD12_Base                         0x0800614c   Data           8  bsp_gpio.o(.constdata)
    BSP_GPIOD13_Base                         0x08006154   Data           8  bsp_gpio.o(.constdata)
    BSP_GPIOD14_Base                         0x0800615c   Data           8  bsp_gpio.o(.constdata)
    BSP_GPIOD15_Base                         0x08006164   Data           8  bsp_gpio.o(.constdata)
    BSP_GPIOE0_Base                          0x0800616c   Data           8  bsp_gpio.o(.constdata)
    BSP_GPIOE1_Base                          0x08006174   Data           8  bsp_gpio.o(.constdata)
    BSP_GPIOE2_Base                          0x0800617c   Data           8  bsp_gpio.o(.constdata)
    BSP_GPIOE3_Base                          0x08006184   Data           8  bsp_gpio.o(.constdata)
    BSP_GPIOE4_Base                          0x0800618c   Data           8  bsp_gpio.o(.constdata)
    BSP_GPIOE5_Base                          0x08006194   Data           8  bsp_gpio.o(.constdata)
    BSP_GPIOE6_Base                          0x0800619c   Data           8  bsp_gpio.o(.constdata)
    BSP_GPIOE7_Base                          0x080061a4   Data           8  bsp_gpio.o(.constdata)
    BSP_GPIOE8_Base                          0x080061ac   Data           8  bsp_gpio.o(.constdata)
    BSP_GPIOE9_Base                          0x080061b4   Data           8  bsp_gpio.o(.constdata)
    BSP_GPIOE10_Base                         0x080061bc   Data           8  bsp_gpio.o(.constdata)
    BSP_GPIOE11_Base                         0x080061c4   Data           8  bsp_gpio.o(.constdata)
    BSP_GPIOE12_Base                         0x080061cc   Data           8  bsp_gpio.o(.constdata)
    BSP_GPIOE13_Base                         0x080061d4   Data           8  bsp_gpio.o(.constdata)
    BSP_GPIOE14_Base                         0x080061dc   Data           8  bsp_gpio.o(.constdata)
    BSP_GPIOE15_Base                         0x080061e4   Data           8  bsp_gpio.o(.constdata)
    BSP_GPIOF0_Base                          0x080061ec   Data           8  bsp_gpio.o(.constdata)
    BSP_GPIOF1_Base                          0x080061f4   Data           8  bsp_gpio.o(.constdata)
    BSP_GPIOF2_Base                          0x080061fc   Data           8  bsp_gpio.o(.constdata)
    BSP_GPIOF3_Base                          0x08006204   Data           8  bsp_gpio.o(.constdata)
    BSP_GPIOF4_Base                          0x0800620c   Data           8  bsp_gpio.o(.constdata)
    BSP_GPIOF5_Base                          0x08006214   Data           8  bsp_gpio.o(.constdata)
    BSP_GPIOF6_Base                          0x0800621c   Data           8  bsp_gpio.o(.constdata)
    BSP_GPIOF7_Base                          0x08006224   Data           8  bsp_gpio.o(.constdata)
    BSP_GPIOF8_Base                          0x0800622c   Data           8  bsp_gpio.o(.constdata)
    BSP_GPIOF9_Base                          0x08006234   Data           8  bsp_gpio.o(.constdata)
    BSP_GPIOF10_Base                         0x0800623c   Data           8  bsp_gpio.o(.constdata)
    BSP_GPIOF11_Base                         0x08006244   Data           8  bsp_gpio.o(.constdata)
    BSP_GPIOF12_Base                         0x0800624c   Data           8  bsp_gpio.o(.constdata)
    BSP_GPIOF13_Base                         0x08006254   Data           8  bsp_gpio.o(.constdata)
    BSP_GPIOF14_Base                         0x0800625c   Data           8  bsp_gpio.o(.constdata)
    BSP_GPIOF15_Base                         0x08006264   Data           8  bsp_gpio.o(.constdata)
    BSP_GPIOG0_Base                          0x0800626c   Data           8  bsp_gpio.o(.constdata)
    BSP_GPIOG1_Base                          0x08006274   Data           8  bsp_gpio.o(.constdata)
    BSP_GPIOG2_Base                          0x0800627c   Data           8  bsp_gpio.o(.constdata)
    BSP_GPIOG3_Base                          0x08006284   Data           8  bsp_gpio.o(.constdata)
    BSP_GPIOG4_Base                          0x0800628c   Data           8  bsp_gpio.o(.constdata)
    BSP_GPIOG5_Base                          0x08006294   Data           8  bsp_gpio.o(.constdata)
    BSP_GPIOG6_Base                          0x0800629c   Data           8  bsp_gpio.o(.constdata)
    BSP_GPIOG7_Base                          0x080062a4   Data           8  bsp_gpio.o(.constdata)
    BSP_GPIOG8_Base                          0x080062ac   Data           8  bsp_gpio.o(.constdata)
    BSP_GPIOG9_Base                          0x080062b4   Data           8  bsp_gpio.o(.constdata)
    BSP_GPIOG10_Base                         0x080062bc   Data           8  bsp_gpio.o(.constdata)
    BSP_GPIOG11_Base                         0x080062c4   Data           8  bsp_gpio.o(.constdata)
    BSP_GPIOG12_Base                         0x080062cc   Data           8  bsp_gpio.o(.constdata)
    BSP_GPIOG13_Base                         0x080062d4   Data           8  bsp_gpio.o(.constdata)
    BSP_GPIOG14_Base                         0x080062dc   Data           8  bsp_gpio.o(.constdata)
    BSP_GPIOG15_Base                         0x080062e4   Data           8  bsp_gpio.o(.constdata)
    BSP_GPIOH0_Base                          0x080062ec   Data           8  bsp_gpio.o(.constdata)
    BSP_GPIOH1_Base                          0x080062f4   Data           8  bsp_gpio.o(.constdata)
    BSP_GPIOH2_Base                          0x080062fc   Data           8  bsp_gpio.o(.constdata)
    BSP_GPIOH3_Base                          0x08006304   Data           8  bsp_gpio.o(.constdata)
    BSP_GPIOH4_Base                          0x0800630c   Data           8  bsp_gpio.o(.constdata)
    BSP_GPIOH5_Base                          0x08006314   Data           8  bsp_gpio.o(.constdata)
    BSP_GPIOH6_Base                          0x0800631c   Data           8  bsp_gpio.o(.constdata)
    BSP_GPIOH7_Base                          0x08006324   Data           8  bsp_gpio.o(.constdata)
    BSP_GPIOH8_Base                          0x0800632c   Data           8  bsp_gpio.o(.constdata)
    BSP_GPIOH9_Base                          0x08006334   Data           8  bsp_gpio.o(.constdata)
    BSP_GPIOH10_Base                         0x0800633c   Data           8  bsp_gpio.o(.constdata)
    BSP_GPIOH11_Base                         0x08006344   Data           8  bsp_gpio.o(.constdata)
    BSP_GPIOH12_Base                         0x0800634c   Data           8  bsp_gpio.o(.constdata)
    BSP_GPIOH13_Base                         0x08006354   Data           8  bsp_gpio.o(.constdata)
    BSP_GPIOH14_Base                         0x0800635c   Data           8  bsp_gpio.o(.constdata)
    BSP_GPIOH15_Base                         0x08006364   Data           8  bsp_gpio.o(.constdata)
    BSP_GPIOI0_Base                          0x0800636c   Data           8  bsp_gpio.o(.constdata)
    BSP_GPIOI1_Base                          0x08006374   Data           8  bsp_gpio.o(.constdata)
    BSP_GPIOI2_Base                          0x0800637c   Data           8  bsp_gpio.o(.constdata)
    BSP_GPIOI3_Base                          0x08006384   Data           8  bsp_gpio.o(.constdata)
    BSP_GPIOI4_Base                          0x0800638c   Data           8  bsp_gpio.o(.constdata)
    BSP_GPIOI5_Base                          0x08006394   Data           8  bsp_gpio.o(.constdata)
    BSP_GPIOI6_Base                          0x0800639c   Data           8  bsp_gpio.o(.constdata)
    BSP_GPIOI7_Base                          0x080063a4   Data           8  bsp_gpio.o(.constdata)
    BSP_GPIOI8_Base                          0x080063ac   Data           8  bsp_gpio.o(.constdata)
    BSP_GPIOI9_Base                          0x080063b4   Data           8  bsp_gpio.o(.constdata)
    BSP_GPIOI10_Base                         0x080063bc   Data           8  bsp_gpio.o(.constdata)
    BSP_GPIOI11_Base                         0x080063c4   Data           8  bsp_gpio.o(.constdata)
    BSP_GPIOI12_Base                         0x080063cc   Data           8  bsp_gpio.o(.constdata)
    BSP_GPIOI13_Base                         0x080063d4   Data           8  bsp_gpio.o(.constdata)
    BSP_GPIOI14_Base                         0x080063dc   Data           8  bsp_gpio.o(.constdata)
    BSP_GPIOI15_Base                         0x080063e4   Data           8  bsp_gpio.o(.constdata)
    BSP_GPIOJ0_Base                          0x080063ec   Data           8  bsp_gpio.o(.constdata)
    BSP_GPIOJ1_Base                          0x080063f4   Data           8  bsp_gpio.o(.constdata)
    BSP_GPIOJ2_Base                          0x080063fc   Data           8  bsp_gpio.o(.constdata)
    BSP_GPIOJ3_Base                          0x08006404   Data           8  bsp_gpio.o(.constdata)
    BSP_GPIOJ4_Base                          0x0800640c   Data           8  bsp_gpio.o(.constdata)
    BSP_GPIOJ5_Base                          0x08006414   Data           8  bsp_gpio.o(.constdata)
    BSP_GPIOJ6_Base                          0x0800641c   Data           8  bsp_gpio.o(.constdata)
    BSP_GPIOJ7_Base                          0x08006424   Data           8  bsp_gpio.o(.constdata)
    BSP_GPIOJ8_Base                          0x0800642c   Data           8  bsp_gpio.o(.constdata)
    BSP_GPIOJ9_Base                          0x08006434   Data           8  bsp_gpio.o(.constdata)
    BSP_GPIOJ10_Base                         0x0800643c   Data           8  bsp_gpio.o(.constdata)
    BSP_GPIOJ11_Base                         0x08006444   Data           8  bsp_gpio.o(.constdata)
    BSP_GPIOJ12_Base                         0x0800644c   Data           8  bsp_gpio.o(.constdata)
    BSP_GPIOJ13_Base                         0x08006454   Data           8  bsp_gpio.o(.constdata)
    BSP_GPIOJ14_Base                         0x0800645c   Data           8  bsp_gpio.o(.constdata)
    BSP_GPIOJ15_Base                         0x08006464   Data           8  bsp_gpio.o(.constdata)
    BSP_GPIOK0_Base                          0x0800646c   Data           8  bsp_gpio.o(.constdata)
    BSP_GPIOK1_Base                          0x08006474   Data           8  bsp_gpio.o(.constdata)
    BSP_GPIOK2_Base                          0x0800647c   Data           8  bsp_gpio.o(.constdata)
    BSP_GPIOK3_Base                          0x08006484   Data           8  bsp_gpio.o(.constdata)
    BSP_GPIOK4_Base                          0x0800648c   Data           8  bsp_gpio.o(.constdata)
    BSP_GPIOK5_Base                          0x08006494   Data           8  bsp_gpio.o(.constdata)
    BSP_GPIOK6_Base                          0x0800649c   Data           8  bsp_gpio.o(.constdata)
    BSP_GPIOK7_Base                          0x080064a4   Data           8  bsp_gpio.o(.constdata)
    BSP_GPIOK8_Base                          0x080064ac   Data           8  bsp_gpio.o(.constdata)
    BSP_GPIOK9_Base                          0x080064b4   Data           8  bsp_gpio.o(.constdata)
    BSP_GPIOK10_Base                         0x080064bc   Data           8  bsp_gpio.o(.constdata)
    BSP_GPIOK11_Base                         0x080064c4   Data           8  bsp_gpio.o(.constdata)
    BSP_GPIOK12_Base                         0x080064cc   Data           8  bsp_gpio.o(.constdata)
    BSP_GPIOK13_Base                         0x080064d4   Data           8  bsp_gpio.o(.constdata)
    BSP_GPIOK14_Base                         0x080064dc   Data           8  bsp_gpio.o(.constdata)
    BSP_GPIOK15_Base                         0x080064e4   Data           8  bsp_gpio.o(.constdata)
    __stdin_name                             0x08006514   Data           4  sys_io.o(.constdata)
    __stdout_name                            0x08006518   Data           4  sys_io.o(.constdata)
    __stderr_name                            0x0800651c   Data           4  sys_io.o(.constdata)
    Region$$Table$$Base                      0x08006520   Number         0  anon$$obj.o(Region$$Table)
    Region$$Table$$Limit                     0x08006540   Number         0  anon$$obj.o(Region$$Table)
    servo1Data                               0x20000004   Data           8  driver_servo.o(.data)
    servo2Data                               0x2000000c   Data           8  driver_servo.o(.data)
    SystemCoreClock                          0x20000014   Data           4  system_stm32f4xx.o(.data)
    AHBPrescTable                            0x20000018   Data          16  system_stm32f4xx.o(.data)
    AlarmModes                               0x20000028   Data          12  vl53l0x_it.o(.data)
    alarm_flag                               0x20000034   Data           1  vl53l0x_it.o(.data)
    AjustOK                                  0x20000035   Data           1  vl53l0x.o(.data)
    Mode_data                                0x20000036   Data          56  vl53l0x.o(.data)
    DefaultTuningSettings                    0x2000006e   Data         243  vl53l0x_api.o(.data)
    InterruptThresholdSettings               0x20000161   Data         438  vl53l0x_api.o(.data)
    refArrayQuadrants                        0x20000318   Data          16  vl53l0x_api_calibration.o(.data)
    __aeabi_stdin                            0x20000328   Data           4  stdio_streams.o(.data)
    __aeabi_stdout                           0x2000032c   Data           4  stdio_streams.o(.data)
    __aeabi_stderr                           0x20000330   Data           4  stdio_streams.o(.data)
    SRF_05_Data                              0x20000334   Data          12  driver_srf_05.o(.bss)
    vl53l0x_data                             0x20000340   Data          28  vl53l0x_gen.o(.bss)
    Vl53l0x_adjust                           0x2000037c   Data          24  vl53l0x_cali.o(.bss)
    Vl53l0x_data                             0x20000394   Data          24  vl53l0x_cali.o(.bss)
    vl53l0x_dev                              0x200003ac   Data         352  vl53l0x.o(.bss)
    vl53l0x_dev_info                         0x2000050c   Data          99  vl53l0x.o(.bss)
    __stdin                                  0x20000570   Data          84  stdio_streams.o(.bss)
    __stdout                                 0x200005c4   Data          84  stdio_streams.o(.bss)
    __stderr                                 0x20000618   Data          84  stdio_streams.o(.bss)
    __libspace_start                         0x2000066c   Data          96  libspace.o(.bss)
    __temporary_stack_top$libspace           0x200006cc   Data           0  libspace.o(.bss)



==============================================================================

Memory Map of the image

  Image Entry point : 0x08000189

  Load Region LR_IROM1 (Base: 0x08000000, Size: 0x00006874, Max: 0x00100000, ABSOLUTE, COMPRESSED[0x00006808])

    Execution Region ER_IROM1 (Exec base: 0x08000000, Load base: 0x08000000, Size: 0x00006540, Max: 0x00100000, ABSOLUTE)

    Exec Addr    Load Addr    Size         Type   Attr      Idx    E Section Name        Object

    0x08000000   0x08000000   0x00000188   Data   RO          530    RESET               startup_stm32f40_41xxx.o
    0x08000188   0x08000188   0x00000008   Code   RO         7301  * !!!main             c_w.l(__main.o)
    0x08000190   0x08000190   0x00000034   Code   RO         7650    !!!scatter          c_w.l(__scatter.o)
    0x080001c4   0x080001c4   0x00000064   Code   RO         7648    !!dclz77c           c_w.l(__dclz77c.o)
    0x08000228   0x08000228   0x0000001c   Code   RO         7652    !!handler_zi        c_w.l(__scatter_zi.o)
    0x08000244   0x08000244   0x00000000   Code   RO         7288    .ARM.Collect$$_printf_percent$$00000000  c_w.l(_printf_percent.o)
    0x08000244   0x08000244   0x00000006   Code   RO         7286    .ARM.Collect$$_printf_percent$$00000008  c_w.l(_printf_i.o)
    0x0800024a   0x0800024a   0x00000006   Code   RO         7287    .ARM.Collect$$_printf_percent$$00000009  c_w.l(_printf_d.o)
    0x08000250   0x08000250   0x00000006   Code   RO         7285    .ARM.Collect$$_printf_percent$$0000000C  c_w.l(_printf_x.o)
    0x08000256   0x08000256   0x00000006   Code   RO         7284    .ARM.Collect$$_printf_percent$$00000014  c_w.l(_printf_s.o)
    0x0800025c   0x0800025c   0x00000004   Code   RO         7310    .ARM.Collect$$_printf_percent$$00000017  c_w.l(_printf_percent_end.o)
    0x08000260   0x08000260   0x00000002   Code   RO         7439    .ARM.Collect$$libinit$$00000000  c_w.l(libinit.o)
    0x08000262   0x08000262   0x00000004   Code   RO         7440    .ARM.Collect$$libinit$$00000001  c_w.l(libinit2.o)
    0x08000266   0x08000266   0x00000000   Code   RO         7443    .ARM.Collect$$libinit$$00000004  c_w.l(libinit2.o)
    0x08000266   0x08000266   0x00000008   Code   RO         7444    .ARM.Collect$$libinit$$00000005  c_w.l(libinit2.o)
    0x0800026e   0x0800026e   0x00000000   Code   RO         7446    .ARM.Collect$$libinit$$0000000A  c_w.l(libinit2.o)
    0x0800026e   0x0800026e   0x00000000   Code   RO         7448    .ARM.Collect$$libinit$$0000000C  c_w.l(libinit2.o)
    0x0800026e   0x0800026e   0x00000000   Code   RO         7450    .ARM.Collect$$libinit$$0000000E  c_w.l(libinit2.o)
    0x0800026e   0x0800026e   0x00000000   Code   RO         7453    .ARM.Collect$$libinit$$00000011  c_w.l(libinit2.o)
    0x0800026e   0x0800026e   0x00000000   Code   RO         7455    .ARM.Collect$$libinit$$00000013  c_w.l(libinit2.o)
    0x0800026e   0x0800026e   0x00000000   Code   RO         7457    .ARM.Collect$$libinit$$00000015  c_w.l(libinit2.o)
    0x0800026e   0x0800026e   0x00000000   Code   RO         7459    .ARM.Collect$$libinit$$00000017  c_w.l(libinit2.o)
    0x0800026e   0x0800026e   0x00000000   Code   RO         7461    .ARM.Collect$$libinit$$00000019  c_w.l(libinit2.o)
    0x0800026e   0x0800026e   0x00000000   Code   RO         7463    .ARM.Collect$$libinit$$0000001B  c_w.l(libinit2.o)
    0x0800026e   0x0800026e   0x00000000   Code   RO         7465    .ARM.Collect$$libinit$$0000001D  c_w.l(libinit2.o)
    0x0800026e   0x0800026e   0x00000000   Code   RO         7467    .ARM.Collect$$libinit$$0000001F  c_w.l(libinit2.o)
    0x0800026e   0x0800026e   0x00000000   Code   RO         7469    .ARM.Collect$$libinit$$00000021  c_w.l(libinit2.o)
    0x0800026e   0x0800026e   0x00000000   Code   RO         7471    .ARM.Collect$$libinit$$00000023  c_w.l(libinit2.o)
    0x0800026e   0x0800026e   0x00000004   Code   RO         7472    .ARM.Collect$$libinit$$00000024  c_w.l(libinit2.o)
    0x08000272   0x08000272   0x00000000   Code   RO         7473    .ARM.Collect$$libinit$$00000025  c_w.l(libinit2.o)
    0x08000272   0x08000272   0x00000000   Code   RO         7477    .ARM.Collect$$libinit$$0000002C  c_w.l(libinit2.o)
    0x08000272   0x08000272   0x00000000   Code   RO         7479    .ARM.Collect$$libinit$$0000002E  c_w.l(libinit2.o)
    0x08000272   0x08000272   0x00000000   Code   RO         7481    .ARM.Collect$$libinit$$00000030  c_w.l(libinit2.o)
    0x08000272   0x08000272   0x00000000   Code   RO         7483    .ARM.Collect$$libinit$$00000032  c_w.l(libinit2.o)
    0x08000272   0x08000272   0x00000002   Code   RO         7484    .ARM.Collect$$libinit$$00000033  c_w.l(libinit2.o)
    0x08000274   0x08000274   0x00000002   Code   RO         7627    .ARM.Collect$$libshutdown$$00000000  c_w.l(libshutdown.o)
    0x08000276   0x08000276   0x00000000   Code   RO         7486    .ARM.Collect$$libshutdown$$00000002  c_w.l(libshutdown2.o)
    0x08000276   0x08000276   0x00000004   Code   RO         7487    .ARM.Collect$$libshutdown$$00000003  c_w.l(libshutdown2.o)
    0x0800027a   0x0800027a   0x00000000   Code   RO         7488    .ARM.Collect$$libshutdown$$00000004  c_w.l(libshutdown2.o)
    0x0800027a   0x0800027a   0x00000000   Code   RO         7491    .ARM.Collect$$libshutdown$$00000007  c_w.l(libshutdown2.o)
    0x0800027a   0x0800027a   0x00000000   Code   RO         7494    .ARM.Collect$$libshutdown$$0000000A  c_w.l(libshutdown2.o)
    0x0800027a   0x0800027a   0x00000000   Code   RO         7496    .ARM.Collect$$libshutdown$$0000000C  c_w.l(libshutdown2.o)
    0x0800027a   0x0800027a   0x00000000   Code   RO         7499    .ARM.Collect$$libshutdown$$0000000F  c_w.l(libshutdown2.o)
    0x0800027a   0x0800027a   0x00000002   Code   RO         7500    .ARM.Collect$$libshutdown$$00000010  c_w.l(libshutdown2.o)
    0x0800027c   0x0800027c   0x00000000   Code   RO         7303    .ARM.Collect$$rtentry$$00000000  c_w.l(__rtentry.o)
    0x0800027c   0x0800027c   0x00000000   Code   RO         7318    .ARM.Collect$$rtentry$$00000002  c_w.l(__rtentry2.o)
    0x0800027c   0x0800027c   0x00000006   Code   RO         7330    .ARM.Collect$$rtentry$$00000004  c_w.l(__rtentry4.o)
    0x08000282   0x08000282   0x00000000   Code   RO         7320    .ARM.Collect$$rtentry$$00000009  c_w.l(__rtentry2.o)
    0x08000282   0x08000282   0x00000004   Code   RO         7321    .ARM.Collect$$rtentry$$0000000A  c_w.l(__rtentry2.o)
    0x08000286   0x08000286   0x00000000   Code   RO         7323    .ARM.Collect$$rtentry$$0000000C  c_w.l(__rtentry2.o)
    0x08000286   0x08000286   0x00000008   Code   RO         7324    .ARM.Collect$$rtentry$$0000000D  c_w.l(__rtentry2.o)
    0x0800028e   0x0800028e   0x00000002   Code   RO         7509    .ARM.Collect$$rtexit$$00000000  c_w.l(rtexit.o)
    0x08000290   0x08000290   0x00000000   Code   RO         7565    .ARM.Collect$$rtexit$$00000002  c_w.l(rtexit2.o)
    0x08000290   0x08000290   0x00000004   Code   RO         7566    .ARM.Collect$$rtexit$$00000003  c_w.l(rtexit2.o)
    0x08000294   0x08000294   0x00000006   Code   RO         7567    .ARM.Collect$$rtexit$$00000004  c_w.l(rtexit2.o)
    0x0800029a   0x0800029a   0x00000002   PAD
    0x0800029c   0x0800029c   0x00000000   Code   RO         7571    .emb_text           c_w.l(maybetermalloc1.o)
    0x0800029c   0x0800029c   0x00000040   Code   RO          531    .text               startup_stm32f40_41xxx.o
    0x080002dc   0x080002dc   0x00000018   Code   RO         7233    .text               c_w.l(noretval__2printf.o)
    0x080002f4   0x080002f4   0x0000004e   Code   RO         7237    .text               c_w.l(_printf_pad.o)
    0x08000342   0x08000342   0x00000052   Code   RO         7239    .text               c_w.l(_printf_str.o)
    0x08000394   0x08000394   0x00000078   Code   RO         7241    .text               c_w.l(_printf_dec.o)
    0x0800040c   0x0800040c   0x00000058   Code   RO         7246    .text               c_w.l(_printf_hex_int.o)
    0x08000464   0x08000464   0x0000010e   Code   RO         7272    .text               c_w.l(__printf_wp.o)
    0x08000572   0x08000572   0x00000048   Code   RO         7289    .text               c_w.l(strcpy.o)
    0x080005ba   0x080005ba   0x00000064   Code   RO         7293    .text               c_w.l(rt_memcpy_w.o)
    0x0800061e   0x0800061e   0x0000004e   Code   RO         7297    .text               c_w.l(rt_memclr_w.o)
    0x0800066c   0x0800066c   0x00000006   Code   RO         7299    .text               c_w.l(heapauxi.o)
    0x08000672   0x08000672   0x000000b2   Code   RO         7304    .text               c_w.l(_printf_intcommon.o)
    0x08000724   0x08000724   0x0000002c   Code   RO         7306    .text               c_w.l(_printf_char.o)
    0x08000750   0x08000750   0x00000024   Code   RO         7308    .text               c_w.l(_printf_char_file.o)
    0x08000774   0x08000774   0x00000030   Code   RO         7332    .text               c_w.l(_printf_char_common.o)
    0x080007a4   0x080007a4   0x00000008   Code   RO         7334    .text               c_w.l(ferror.o)
    0x080007ac   0x080007ac   0x00000138   Code   RO         7340    .text               c_w.l(initio.o)
    0x080008e4   0x080008e4   0x00000066   Code   RO         7348    .text               c_w.l(sys_io.o)
    0x0800094a   0x0800094a   0x0000004a   Code   RO         7355    .text               c_w.l(sys_stackheap_outer.o)
    0x08000994   0x08000994   0x0000004e   Code   RO         7359    .text               c_w.l(h1_free.o)
    0x080009e2   0x080009e2   0x000001d6   Code   RO         7415    .text               c_w.l(flsbuf.o)
    0x08000bb8   0x08000bb8   0x00000046   Code   RO         7417    .text               c_w.l(setvbuf.o)
    0x08000bfe   0x08000bfe   0x00000002   PAD
    0x08000c00   0x08000c00   0x000000ec   Code   RO         7420    .text               c_w.l(fopen.o)
    0x08000cec   0x08000cec   0x0000004c   Code   RO         7422    .text               c_w.l(fclose.o)
    0x08000d38   0x08000d38   0x00000012   Code   RO         7428    .text               c_w.l(exit.o)
    0x08000d4a   0x08000d4a   0x0000000e   Code   RO         7430    .text               c_w.l(defsig_rtred_outer.o)
    0x08000d58   0x08000d58   0x00000008   Code   RO         7503    .text               c_w.l(libspace.o)
    0x08000d60   0x08000d60   0x00000002   Code   RO         7506    .text               c_w.l(use_no_semi.o)
    0x08000d62   0x08000d62   0x00000000   Code   RO         7508    .text               c_w.l(indicate_semi.o)
    0x08000d62   0x08000d62   0x00000002   PAD
    0x08000d64   0x08000d64   0x00000008   Code   RO         7516    .text               c_w.l(rt_heap_descriptor_intlibspace.o)
    0x08000d6c   0x08000d6c   0x00000004   Code   RO         7518    .text               c_w.l(hguard.o)
    0x08000d70   0x08000d70   0x0000008a   Code   RO         7520    .text               c_w.l(init_alloc.o)
    0x08000dfa   0x08000dfa   0x0000005e   Code   RO         7526    .text               c_w.l(h1_alloc.o)
    0x08000e58   0x08000e58   0x000000f8   Code   RO         7542    .text               c_w.l(fseek.o)
    0x08000f50   0x08000f50   0x000000f0   Code   RO         7544    .text               c_w.l(stdio.o)
    0x08001040   0x08001040   0x0000000a   Code   RO         7550    .text               c_w.l(defsig_exit.o)
    0x0800104a   0x0800104a   0x00000002   PAD
    0x0800104c   0x0800104c   0x00000034   Code   RO         7552    .text               c_w.l(defsig_rtred_inner.o)
    0x08001080   0x08001080   0x0000003e   Code   RO         7556    .text               c_w.l(strlen.o)
    0x080010be   0x080010be   0x00000002   PAD
    0x080010c0   0x080010c0   0x0000000c   Code   RO         7562    .text               c_w.l(sys_exit.o)
    0x080010cc   0x080010cc   0x0000000e   Code   RO         7573    .text               c_w.l(h1_init.o)
    0x080010da   0x080010da   0x00000034   Code   RO         7575    .text               c_w.l(h1_extend.o)
    0x0800110e   0x0800110e   0x00000042   Code   RO         7585    .text               c_w.l(ftell.o)
    0x08001150   0x08001150   0x00000032   Code   RO         7593    .text               c_w.l(defsig_general.o)
    0x08001182   0x08001182   0x0000000e   Code   RO         7595    .text               c_w.l(defsig_rtmem_outer.o)
    0x08001190   0x08001190   0x0000000e   Code   RO         7608    .text               c_w.l(sys_wrch.o)
    0x0800119e   0x0800119e   0x00000002   PAD
    0x080011a0   0x080011a0   0x00000008   Code   RO         7615    .text               c_w.l(rt_errno_addr_intlibspace.o)
    0x080011a8   0x080011a8   0x00000050   Code   RO         7621    .text               c_w.l(defsig_rtmem_inner.o)
    0x080011f8   0x080011f8   0x0000008c   Code   RO          265    i.BSP_GPIO_Init     bsp_gpio.o
    0x08001284   0x08001284   0x0000009c   Code   RO          266    i.BSP_GPIO_RCC_Init  bsp_gpio.o
    0x08001320   0x08001320   0x00000062   Code   RO          317    i.BSP_TIM_INT_Init  bsp_timer.o
    0x08001382   0x08001382   0x00000002   PAD
    0x08001384   0x08001384   0x00000140   Code   RO          381    i.BSP_TIM_PWM_Init  bsp_pwm.o
    0x080014c4   0x080014c4   0x00000118   Code   RO          319    i.BSP_TIM_RCC_Init  bsp_timer.o
    0x080015dc   0x080015dc   0x00000004   Code   RO         5584    i.BusFault_Handler  stm32f4xx_it.o
    0x080015e0   0x080015e0   0x00000002   Code   RO         5585    i.DebugMon_Handler  stm32f4xx_it.o
    0x080015e2   0x080015e2   0x00000002   PAD
    0x080015e4   0x080015e4   0x00000014   Code   RO         5840    i.EXTI9_5_IRQHandler  vl53l0x_it.o
    0x080015f8   0x080015f8   0x0000000c   Code   RO         1941    i.EXTI_ClearITPendingBit  stm32f4xx_exti.o
    0x08001604   0x08001604   0x00000090   Code   RO         2454    i.GPIO_Init         stm32f4xx_gpio.o
    0x08001694   0x08001694   0x00000046   Code   RO         2455    i.GPIO_PinAFConfig  stm32f4xx_gpio.o
    0x080016da   0x080016da   0x000000a6   Code   RO          267    i.GPIO_Pin_TO_GPIO_PinSource  bsp_gpio.o
    0x08001780   0x08001780   0x00000004   Code   RO         2462    i.GPIO_SetBits      stm32f4xx_gpio.o
    0x08001784   0x08001784   0x00000004   Code   RO         5586    i.HardFault_Handler  stm32f4xx_it.o
    0x08001788   0x08001788   0x00000004   Code   RO         5587    i.MemManage_Handler  stm32f4xx_it.o
    0x0800178c   0x0800178c   0x00000002   Code   RO         5588    i.NMI_Handler       stm32f4xx_it.o
    0x0800178e   0x0800178e   0x00000002   PAD
    0x08001790   0x08001790   0x00000078   Code   RO          579    i.NVIC_Init         misc.o
    0x08001808   0x08001808   0x00000014   Code   RO          580    i.NVIC_PriorityGroupConfig  misc.o
    0x0800181c   0x0800181c   0x00000038   Code   RO         6088    i.One_measurement   vl53l0x.o
    0x08001854   0x08001854   0x00000002   Code   RO         5589    i.PendSV_Handler    stm32f4xx_it.o
    0x08001856   0x08001856   0x00000002   PAD
    0x08001858   0x08001858   0x00000020   Code   RO         3380    i.RCC_AHB1PeriphClockCmd  stm32f4xx_rcc.o
    0x08001878   0x08001878   0x00000020   Code   RO         3389    i.RCC_APB1PeriphClockCmd  stm32f4xx_rcc.o
    0x08001898   0x08001898   0x00000020   Code   RO         3392    i.RCC_APB2PeriphClockCmd  stm32f4xx_rcc.o
    0x080018b8   0x080018b8   0x0000004c   Code   RO          412    i.SRF_05_Init       driver_srf_05.o
    0x08001904   0x08001904   0x00000002   Code   RO         5590    i.SVC_Handler       stm32f4xx_it.o
    0x08001906   0x08001906   0x00000002   PAD
    0x08001908   0x08001908   0x000000ec   Code   RO          538    i.SetSysClock       system_stm32f4xx.o
    0x080019f4   0x080019f4   0x00000028   Code   RO          583    i.SysTick_CLKSourceConfig  misc.o
    0x08001a1c   0x08001a1c   0x0000000a   Code   RO         5591    i.SysTick_Handler   stm32f4xx_it.o
    0x08001a26   0x08001a26   0x00000002   PAD
    0x08001a28   0x08001a28   0x00000078   Code   RO          208    i.SysTick_Init      delay.o
    0x08001aa0   0x08001aa0   0x00000068   Code   RO          540    i.SystemInit        system_stm32f4xx.o
    0x08001b08   0x08001b08   0x00000028   Code   RO          416    i.TIM3_IRQHandler   driver_srf_05.o
    0x08001b30   0x08001b30   0x00000018   Code   RO         4764    i.TIM_ARRPreloadConfig  stm32f4xx_tim.o
    0x08001b48   0x08001b48   0x00000006   Code   RO         4770    i.TIM_ClearFlag     stm32f4xx_tim.o
    0x08001b4e   0x08001b4e   0x00000006   Code   RO         4771    i.TIM_ClearITPendingBit  stm32f4xx_tim.o
    0x08001b54   0x08001b54   0x00000018   Code   RO         4776    i.TIM_Cmd           stm32f4xx_tim.o
    0x08001b6c   0x08001b6c   0x0000001e   Code   RO         4778    i.TIM_CtrlPWMOutputs  stm32f4xx_tim.o
    0x08001b8a   0x08001b8a   0x00000022   Code   RO         4797    i.TIM_GetITStatus   stm32f4xx_tim.o
    0x08001bac   0x08001bac   0x00000012   Code   RO         4801    i.TIM_ITConfig      stm32f4xx_tim.o
    0x08001bbe   0x08001bbe   0x00000002   PAD
    0x08001bc0   0x08001bc0   0x0000007c   Code   RO         4805    i.TIM_OC1Init       stm32f4xx_tim.o
    0x08001c3c   0x08001c3c   0x00000012   Code   RO         4808    i.TIM_OC1PreloadConfig  stm32f4xx_tim.o
    0x08001c4e   0x08001c4e   0x00000002   PAD
    0x08001c50   0x08001c50   0x000000a4   Code   RO         4810    i.TIM_OC2Init       stm32f4xx_tim.o
    0x08001cf4   0x08001cf4   0x0000001a   Code   RO         4813    i.TIM_OC2PreloadConfig  stm32f4xx_tim.o
    0x08001d0e   0x08001d0e   0x00000002   PAD
    0x08001d10   0x08001d10   0x000000a0   Code   RO         4815    i.TIM_OC3Init       stm32f4xx_tim.o
    0x08001db0   0x08001db0   0x00000012   Code   RO         4818    i.TIM_OC3PreloadConfig  stm32f4xx_tim.o
    0x08001dc2   0x08001dc2   0x00000002   PAD
    0x08001dc4   0x08001dc4   0x00000078   Code   RO         4820    i.TIM_OC4Init       stm32f4xx_tim.o
    0x08001e3c   0x08001e3c   0x0000001a   Code   RO         4822    i.TIM_OC4PreloadConfig  stm32f4xx_tim.o
    0x08001e56   0x08001e56   0x00000004   Code   RO         4839    i.TIM_SetCompare2   stm32f4xx_tim.o
    0x08001e5a   0x08001e5a   0x00000004   Code   RO         4840    i.TIM_SetCompare3   stm32f4xx_tim.o
    0x08001e5e   0x08001e5e   0x00000002   PAD
    0x08001e60   0x08001e60   0x000000a8   Code   RO          320    i.TIM_TO_GPIO_AF    bsp_timer.o
    0x08001f08   0x08001f08   0x000000c4   Code   RO          321    i.TIM_TO_NVIC_IRQChannel  bsp_timer.o
    0x08001fcc   0x08001fcc   0x00000084   Code   RO         4848    i.TIM_TimeBaseInit  stm32f4xx_tim.o
    0x08002050   0x08002050   0x00000004   Code   RO         5592    i.UsageFault_Handler  stm32f4xx_it.o
    0x08002054   0x08002054   0x00000084   Code   RO         6171    i.VL53L0X_CheckAndLoadInterruptSettings  vl53l0x_api.o
    0x080020d8   0x080020d8   0x00000052   Code   RO         6172    i.VL53L0X_ClearInterruptMask  vl53l0x_api.o
    0x0800212a   0x0800212a   0x00000002   PAD
    0x0800212c   0x0800212c   0x000001ac   Code   RO         6173    i.VL53L0X_DataInit  vl53l0x_api.o
    0x080022d8   0x080022d8   0x00000016   Code   RO         6177    i.VL53L0X_GetDeviceInfo  vl53l0x_api.o
    0x080022ee   0x080022ee   0x0000000a   Code   RO         6178    i.VL53L0X_GetDeviceMode  vl53l0x_api.o
    0x080022f8   0x080022f8   0x000000a0   Code   RO         6179    i.VL53L0X_GetDeviceParameters  vl53l0x_api.o
    0x08002398   0x08002398   0x00000022   Code   RO         6181    i.VL53L0X_GetFractionEnable  vl53l0x_api.o
    0x080023ba   0x080023ba   0x0000003e   Code   RO         6185    i.VL53L0X_GetInterMeasurementPeriodMilliSeconds  vl53l0x_api.o
    0x080023f8   0x080023f8   0x00000030   Code   RO         6186    i.VL53L0X_GetInterruptMaskStatus  vl53l0x_api.o
    0x08002428   0x08002428   0x00000042   Code   RO         6187    i.VL53L0X_GetInterruptThresholds  vl53l0x_api.o
    0x0800246a   0x0800246a   0x0000001c   Code   RO         6189    i.VL53L0X_GetLimitCheckEnable  vl53l0x_api.o
    0x08002486   0x08002486   0x000000b6   Code   RO         6192    i.VL53L0X_GetLimitCheckValue  vl53l0x_api.o
    0x0800253c   0x0800253c   0x00000056   Code   RO         6195    i.VL53L0X_GetMeasurementDataReady  vl53l0x_api.o
    0x08002592   0x08002592   0x00000016   Code   RO         6197    i.VL53L0X_GetMeasurementTimingBudgetMicroSeconds  vl53l0x_api.o
    0x080025a8   0x080025a8   0x00000016   Code   RO         6201    i.VL53L0X_GetOffsetCalibrationDataMicroMeter  vl53l0x_api.o
    0x080025be   0x080025be   0x00000016   Code   RO         6202    i.VL53L0X_GetPalErrorString  vl53l0x_api.o
    0x080025d4   0x080025d4   0x0000016e   Code   RO         6209    i.VL53L0X_GetRangingMeasurementData  vl53l0x_api.o
    0x08002742   0x08002742   0x00000076   Code   RO         6213    i.VL53L0X_GetSequenceStepEnables  vl53l0x_api.o
    0x080027b8   0x080027b8   0x0000001e   Code   RO         6222    i.VL53L0X_GetVcselPulsePeriod  vl53l0x_api.o
    0x080027d6   0x080027d6   0x0000003e   Code   RO         6224    i.VL53L0X_GetWrapAroundCheckEnable  vl53l0x_api.o
    0x08002814   0x08002814   0x0000000c   Code   RO         6225    i.VL53L0X_GetXTalkCompensationEnable  vl53l0x_api.o
    0x08002820   0x08002820   0x00000038   Code   RO         6226    i.VL53L0X_GetXTalkCompensationRateMegaCps  vl53l0x_api.o
    0x08002858   0x08002858   0x00000020   Code   RO         6228    i.VL53L0X_PerformRefCalibration  vl53l0x_api.o
    0x08002878   0x08002878   0x0000001e   Code   RO         6229    i.VL53L0X_PerformRefSpadManagement  vl53l0x_api.o
    0x08002896   0x08002896   0x0000003c   Code   RO         6231    i.VL53L0X_PerformSingleMeasurement  vl53l0x_api.o
    0x080028d2   0x080028d2   0x00000038   Code   RO         6232    i.VL53L0X_PerformSingleRangingMeasurement  vl53l0x_api.o
    0x0800290a   0x0800290a   0x0000001a   Code   RO         6006    i.VL53L0X_PollingDelay  vl53l0x_platform.o
    0x08002924   0x08002924   0x0000002c   Code   RO         6007    i.VL53L0X_RdByte    vl53l0x_platform.o
    0x08002950   0x08002950   0x0000002c   Code   RO         6008    i.VL53L0X_RdDWord   vl53l0x_platform.o
    0x0800297c   0x0800297c   0x0000002c   Code   RO         6009    i.VL53L0X_RdWord    vl53l0x_platform.o
    0x080029a8   0x080029a8   0x00000036   Code   RO         6010    i.VL53L0X_ReadMulti  vl53l0x_platform.o
    0x080029de   0x080029de   0x00000024   Code   RO         6236    i.VL53L0X_SetDeviceAddress  vl53l0x_api.o
    0x08002a02   0x08002a02   0x00000032   Code   RO         6237    i.VL53L0X_SetDeviceMode  vl53l0x_api.o
    0x08002a34   0x08002a34   0x00000166   Code   RO         6240    i.VL53L0X_SetGpioConfig  vl53l0x_api.o
    0x08002b9a   0x08002b9a   0x000000c2   Code   RO         6245    i.VL53L0X_SetLimitCheckEnable  vl53l0x_api.o
    0x08002c5c   0x08002c5c   0x00000076   Code   RO         6246    i.VL53L0X_SetLimitCheckValue  vl53l0x_api.o
    0x08002cd2   0x08002cd2   0x00000016   Code   RO         6248    i.VL53L0X_SetMeasurementTimingBudgetMicroSeconds  vl53l0x_api.o
    0x08002ce8   0x08002ce8   0x00000016   Code   RO         6250    i.VL53L0X_SetOffsetCalibrationDataMicroMeter  vl53l0x_api.o
    0x08002cfe   0x08002cfe   0x0000001e   Code   RO         6253    i.VL53L0X_SetRefCalibration  vl53l0x_api.o
    0x08002d1c   0x08002d1c   0x0000001e   Code   RO         6254    i.VL53L0X_SetReferenceSpads  vl53l0x_api.o
    0x08002d3a   0x08002d3a   0x000000c4   Code   RO         6255    i.VL53L0X_SetSequenceStepEnable  vl53l0x_api.o
    0x08002dfe   0x08002dfe   0x0000001e   Code   RO         6260    i.VL53L0X_SetVcselPulsePeriod  vl53l0x_api.o
    0x08002e1c   0x08002e1c   0x00000040   Code   RO         6263    i.VL53L0X_SetXTalkCompensationRateMegaCps  vl53l0x_api.o
    0x08002e5c   0x08002e5c   0x0000010c   Code   RO         6264    i.VL53L0X_StartMeasurement  vl53l0x_api.o
    0x08002f68   0x08002f68   0x000001a0   Code   RO         6265    i.VL53L0X_StaticInit  vl53l0x_api.o
    0x08003108   0x08003108   0x00000052   Code   RO         6011    i.VL53L0X_UpdateByte  vl53l0x_platform.o
    0x0800315a   0x0800315a   0x0000002c   Code   RO         6012    i.VL53L0X_WrByte    vl53l0x_platform.o
    0x08003186   0x08003186   0x0000002c   Code   RO         6014    i.VL53L0X_WrWord    vl53l0x_platform.o
    0x080031b2   0x080031b2   0x0000003c   Code   RO         6015    i.VL53L0X_WriteMulti  vl53l0x_platform.o
    0x080031ee   0x080031ee   0x00000002   PAD
    0x080031f0   0x080031f0   0x0000018c   Code   RO         6968    i.VL53L0X_calc_dmax  vl53l0x_api_core.o
    0x0800337c   0x0800337c   0x00000016   Code   RO         6969    i.VL53L0X_calc_macro_period_ps  vl53l0x_api_core.o
    0x08003392   0x08003392   0x00000002   PAD
    0x08003394   0x08003394   0x00000310   Code   RO         6970    i.VL53L0X_calc_sigma_estimate  vl53l0x_api_core.o
    0x080036a4   0x080036a4   0x00000034   Code   RO         6971    i.VL53L0X_calc_timeout_mclks  vl53l0x_api_core.o
    0x080036d8   0x080036d8   0x00000034   Code   RO         6972    i.VL53L0X_calc_timeout_us  vl53l0x_api_core.o
    0x0800370c   0x0800370c   0x00000050   Code   RO         7162    i.VL53L0X_check_part_used  vl53l0x_api_strings.o
    0x0800375c   0x0800375c   0x0000000e   Code   RO         6973    i.VL53L0X_decode_timeout  vl53l0x_api_core.o
    0x0800376a   0x0800376a   0x0000000c   Code   RO         6974    i.VL53L0X_decode_vcsel_period  vl53l0x_api_core.o
    0x08003776   0x08003776   0x00000052   Code   RO         6975    i.VL53L0X_device_read_strobe  vl53l0x_api_core.o
    0x080037c8   0x080037c8   0x00000028   Code   RO         6976    i.VL53L0X_encode_timeout  vl53l0x_api_core.o
    0x080037f0   0x080037f0   0x0000000e   Code   RO         6977    i.VL53L0X_encode_vcsel_period  vl53l0x_api_core.o
    0x080037fe   0x080037fe   0x00000002   PAD
    0x08003800   0x08003800   0x000000dc   Code   RO         7164    i.VL53L0X_get_device_info  vl53l0x_api_strings.o
    0x080038dc   0x080038dc   0x0000054a   Code   RO         6978    i.VL53L0X_get_info_from_device  vl53l0x_api_core.o
    0x08003e26   0x08003e26   0x000000ee   Code   RO         6979    i.VL53L0X_get_measurement_timing_budget_micro_seconds  vl53l0x_api_core.o
    0x08003f14   0x08003f14   0x00000056   Code   RO         6806    i.VL53L0X_get_offset_calibration_data_micro_meter  vl53l0x_api_calibration.o
    0x08003f6a   0x08003f6a   0x00000002   PAD
    0x08003f6c   0x08003f6c   0x000002cc   Code   RO         7166    i.VL53L0X_get_pal_error_string  vl53l0x_api_strings.o
    0x08004238   0x08004238   0x00000234   Code   RO         6980    i.VL53L0X_get_pal_range_status  vl53l0x_api_core.o
    0x0800446c   0x0800446c   0x00000028   Code   RO         6981    i.VL53L0X_get_total_signal_rate  vl53l0x_api_core.o
    0x08004494   0x08004494   0x0000003a   Code   RO         6982    i.VL53L0X_get_total_xtalk_rate  vl53l0x_api_core.o
    0x080044ce   0x080044ce   0x00000046   Code   RO         6983    i.VL53L0X_get_vcsel_pulse_period  vl53l0x_api_core.o
    0x08004514   0x08004514   0x00000040   Code   RO         5699    i.VL53L0X_i2c_init  vl53l0x_i2c.o
    0x08004554   0x08004554   0x0000002c   Code   RO         6984    i.VL53L0X_isqrt     vl53l0x_api_core.o
    0x08004580   0x08004580   0x000000ea   Code   RO         6985    i.VL53L0X_load_tuning_settings  vl53l0x_api_core.o
    0x0800466a   0x0800466a   0x00000042   Code   RO         6986    i.VL53L0X_measurement_poll_for_completion  vl53l0x_api_core.o
    0x080046ac   0x080046ac   0x0000007c   Code   RO         6810    i.VL53L0X_perform_phase_calibration  vl53l0x_api_calibration.o
    0x08004728   0x08004728   0x0000004c   Code   RO         6811    i.VL53L0X_perform_ref_calibration  vl53l0x_api_calibration.o
    0x08004774   0x08004774   0x00000292   Code   RO         6812    i.VL53L0X_perform_ref_spad_management  vl53l0x_api_calibration.o
    0x08004a06   0x08004a06   0x00000040   Code   RO         6813    i.VL53L0X_perform_single_ref_calibration  vl53l0x_api_calibration.o
    0x08004a46   0x08004a46   0x0000007e   Code   RO         6814    i.VL53L0X_perform_vhv_calibration  vl53l0x_api_calibration.o
    0x08004ac4   0x08004ac4   0x00000020   Code   RO         5700    i.VL53L0X_read_byte  vl53l0x_i2c.o
    0x08004ae4   0x08004ae4   0x0000003a   Code   RO         5701    i.VL53L0X_read_dword  vl53l0x_i2c.o
    0x08004b1e   0x08004b1e   0x00000028   Code   RO         5702    i.VL53L0X_read_multi  vl53l0x_i2c.o
    0x08004b46   0x08004b46   0x0000002a   Code   RO         5703    i.VL53L0X_read_word  vl53l0x_i2c.o
    0x08004b70   0x08004b70   0x000000b0   Code   RO         6816    i.VL53L0X_ref_calibration_io  vl53l0x_api_calibration.o
    0x08004c20   0x08004c20   0x00000126   Code   RO         6989    i.VL53L0X_set_measurement_timing_budget_micro_seconds  vl53l0x_api_core.o
    0x08004d46   0x08004d46   0x00000002   PAD
    0x08004d48   0x08004d48   0x00000054   Code   RO         6817    i.VL53L0X_set_offset_calibration_data_micro_meter  vl53l0x_api_calibration.o
    0x08004d9c   0x08004d9c   0x0000002e   Code   RO         6818    i.VL53L0X_set_ref_calibration  vl53l0x_api_calibration.o
    0x08004dca   0x08004dca   0x000000c2   Code   RO         6819    i.VL53L0X_set_reference_spads  vl53l0x_api_calibration.o
    0x08004e8c   0x08004e8c   0x000002fe   Code   RO         6990    i.VL53L0X_set_vcsel_pulse_period  vl53l0x_api_core.o
    0x0800518a   0x0800518a   0x0000001a   Code   RO         5704    i.VL53L0X_write_byte  vl53l0x_i2c.o
    0x080051a4   0x080051a4   0x00000028   Code   RO         5706    i.VL53L0X_write_multi  vl53l0x_i2c.o
    0x080051cc   0x080051cc   0x00000056   Code   RO         5707    i.VL53L0X_write_word  vl53l0x_i2c.o
    0x08005222   0x08005222   0x00000002   PAD
    0x08005224   0x08005224   0x00000050   Code   RO         5708    i.VL_IIC_Ack        vl53l0x_i2c.o
    0x08005274   0x08005274   0x00000050   Code   RO         5709    i.VL_IIC_NAck       vl53l0x_i2c.o
    0x080052c4   0x080052c4   0x0000006c   Code   RO         5711    i.VL_IIC_Read_Byte  vl53l0x_i2c.o
    0x08005330   0x08005330   0x0000006a   Code   RO         5712    i.VL_IIC_Read_nByte  vl53l0x_i2c.o
    0x0800539a   0x0800539a   0x00000002   PAD
    0x0800539c   0x0800539c   0x00000074   Code   RO         5713    i.VL_IIC_Send_Byte  vl53l0x_i2c.o
    0x08005410   0x08005410   0x0000004c   Code   RO         5714    i.VL_IIC_Start      vl53l0x_i2c.o
    0x0800545c   0x0800545c   0x0000004c   Code   RO         5715    i.VL_IIC_Stop       vl53l0x_i2c.o
    0x080054a8   0x080054a8   0x00000060   Code   RO         5716    i.VL_IIC_Wait_Ack   vl53l0x_i2c.o
    0x08005508   0x08005508   0x00000050   Code   RO         5718    i.VL_IIC_Write_nByte  vl53l0x_i2c.o
    0x08005558   0x08005558   0x0000000e   Code   RO         7274    i._is_digit         c_w.l(__printf_wp.o)
    0x08005566   0x08005566   0x00000002   PAD
    0x08005568   0x08005568   0x0000003c   Code   RO          209    i.delay_init        delay.o
    0x080055a4   0x080055a4   0x00000038   Code   RO          210    i.delay_ms          delay.o
    0x080055dc   0x080055dc   0x0000004c   Code   RO          211    i.delay_us          delay.o
    0x08005628   0x08005628   0x0000004c   Code   RO          212    i.delay_xms         delay.o
    0x08005674   0x08005674   0x000000ac   Code   RO         6821    i.enable_ref_spads  vl53l0x_api_calibration.o
    0x08005720   0x08005720   0x00000032   Code   RO         6822    i.enable_spad_bit   vl53l0x_api_calibration.o
    0x08005752   0x08005752   0x0000001a   Code   RO         7337    i.fputc             c_w.l(fputc.o)
    0x0800576c   0x0800576c   0x00000068   Code   RO         6823    i.get_next_good_spad  vl53l0x_api_calibration.o
    0x080057d4   0x080057d4   0x00000018   Code   RO         6824    i.get_ref_spad_map  vl53l0x_api_calibration.o
    0x080057ec   0x080057ec   0x00000122   Code   RO         6991    i.get_sequence_step_timeout  vl53l0x_api_core.o
    0x0800590e   0x0800590e   0x00000002   PAD
    0x08005910   0x08005910   0x00000018   Code   RO         6825    i.is_aperture       vl53l0x_api_calibration.o
    0x08005928   0x08005928   0x00000040   Code   RO            4    i.main              main.o
    0x08005968   0x08005968   0x0000006e   Code   RO         6826    i.perform_ref_signal_measurement  vl53l0x_api_calibration.o
    0x080059d6   0x080059d6   0x00000002   PAD
    0x080059d8   0x080059d8   0x00000034   Code   RO         6090    i.print_pal_error   vl53l0x.o
    0x08005a0c   0x08005a0c   0x00000048   Code   RO         6269    i.sequence_step_enabled  vl53l0x_api.o
    0x08005a54   0x08005a54   0x00000030   Code   RO          481    i.servoStart        driver_servo.o
    0x08005a84   0x08005a84   0x0000003c   Code   RO          483    i.servo_Init        driver_servo.o
    0x08005ac0   0x08005ac0   0x00000018   Code   RO         6827    i.set_ref_spad_map  vl53l0x_api_calibration.o
    0x08005ad8   0x08005ad8   0x00000132   Code   RO         6992    i.set_sequence_step_timeout  vl53l0x_api_core.o
    0x08005c0a   0x08005c0a   0x00000002   PAD
    0x08005c0c   0x08005c0c   0x000000a4   Code   RO         6092    i.vl53l0x_Addr_set  vl53l0x.o
    0x08005cb0   0x08005cb0   0x000000d4   Code   RO         6094    i.vl53l0x_init      vl53l0x.o
    0x08005d84   0x08005d84   0x00000040   Code   RO         6095    i.vl53l0x_reset     vl53l0x.o
    0x08005dc4   0x08005dc4   0x0000019c   Code   RO         5920    i.vl53l0x_set_mode  vl53l0x_gen.o
    0x08005f60   0x08005f60   0x0000000a   Code   RO         7560    x$fpl$fpinit        fz_wm.l(fpinit.o)
    0x08005f6a   0x08005f6a   0x00000002   PAD
    0x08005f6c   0x08005f6c   0x00000580   Data   RO          269    .constdata          bsp_gpio.o
    0x080064ec   0x080064ec   0x00000028   Data   RO         7247    .constdata          c_w.l(_printf_hex_int.o)
    0x08006514   0x08006514   0x00000004   Data   RO         7349    .constdata          c_w.l(sys_io.o)
    0x08006518   0x08006518   0x00000004   Data   RO         7350    .constdata          c_w.l(sys_io.o)
    0x0800651c   0x0800651c   0x00000004   Data   RO         7351    .constdata          c_w.l(sys_io.o)
    0x08006520   0x08006520   0x00000020   Data   RO         7646    Region$$Table       anon$$obj.o


    Execution Region RW_IRAM1 (Exec base: 0x20000000, Load base: 0x08006540, Size: 0x00000cd0, Max: 0x00020000, ABSOLUTE, COMPRESSED[0x000002c8])

    Exec Addr    Load Addr    Size         Type   Attr      Idx    E Section Name        Object

    0x20000000   COMPRESSED   0x00000004   Data   RW          213    .data               delay.o
    0x20000004   COMPRESSED   0x00000010   Data   RW          484    .data               driver_servo.o
    0x20000014   COMPRESSED   0x00000014   Data   RW          541    .data               system_stm32f4xx.o
    0x20000028   COMPRESSED   0x0000000d   Data   RW         5843    .data               vl53l0x_it.o
    0x20000035   COMPRESSED   0x00000039   Data   RW         6098    .data               vl53l0x.o
    0x2000006e   COMPRESSED   0x000002a9   Data   RW         6270    .data               vl53l0x_api.o
    0x20000317   COMPRESSED   0x00000001   PAD
    0x20000318   COMPRESSED   0x00000010   Data   RW         6828    .data               vl53l0x_api_calibration.o
    0x20000328   COMPRESSED   0x00000004   Data   RW         7314    .data               c_w.l(stdio_streams.o)
    0x2000032c   COMPRESSED   0x00000004   Data   RW         7315    .data               c_w.l(stdio_streams.o)
    0x20000330   COMPRESSED   0x00000004   Data   RW         7316    .data               c_w.l(stdio_streams.o)
    0x20000334        -       0x0000000c   Zero   RW          419    .bss                driver_srf_05.o
    0x20000340        -       0x0000003c   Zero   RW         5922    .bss                vl53l0x_gen.o
    0x2000037c        -       0x00000030   Zero   RW         5972    .bss                vl53l0x_cali.o
    0x200003ac        -       0x000001c3   Zero   RW         6097    .bss                vl53l0x.o
    0x2000056f   COMPRESSED   0x00000001   PAD
    0x20000570        -       0x00000054   Zero   RW         7311    .bss                c_w.l(stdio_streams.o)
    0x200005c4        -       0x00000054   Zero   RW         7312    .bss                c_w.l(stdio_streams.o)
    0x20000618        -       0x00000054   Zero   RW         7313    .bss                c_w.l(stdio_streams.o)
    0x2000066c        -       0x00000060   Zero   RW         7504    .bss                c_w.l(libspace.o)
    0x200006cc   COMPRESSED   0x00000004   PAD
    0x200006d0        -       0x00000200   Zero   RW          529    HEAP                startup_stm32f40_41xxx.o
    0x200008d0        -       0x00000400   Zero   RW          528    STACK               startup_stm32f40_41xxx.o


==============================================================================

Image component sizes


      Code (inc. data)   RO Data    RW Data    ZI Data      Debug   Object Name

       462         36       1408          0          0      19165   bsp_gpio.o
       320          6          0          0          0       1371   bsp_pwm.o
       742        152          0          0          0      18996   bsp_timer.o
       388         30          0          4          0      28993   delay.o
       108         16          0         16          0       1662   driver_servo.o
       116         20          0          0         12       1782   driver_srf_05.o
        64          4          0          0          0     269975   main.o
       180         24          0          0          0       2005   misc.o
        64         26        392          0       1536        804   startup_stm32f40_41xxx.o
        12          6          0          0          0        493   stm32f4xx_exti.o
       218          0          0          0          0       2246   stm32f4xx_gpio.o
        34          0          0          0          0       3750   stm32f4xx_it.o
        96         18          0          0          0       1623   stm32f4xx_rcc.o
       938         66          0          0          0      11022   stm32f4xx_tim.o
       340         32          0         20          0       1781   system_stm32f4xx.o
       548         94          0         57        451       4543   vl53l0x.o
      4134         62          0        681          0      32823   vl53l0x_api.o
      2142         16          0         16          0      16467   vl53l0x_api_calibration.o
      5792         16          0          0          0      27587   vl53l0x_api_core.o
      1016        500          0          0          0       3231   vl53l0x_api_strings.o
         0          0          0          0         48        734   vl53l0x_cali.o
       412         12          0          0         60       1772   vl53l0x_gen.o
      1206         98          0          0          0      11050   vl53l0x_i2c.o
        20          4          0         13          0      16433   vl53l0x_it.o
       442          0          0          0          0       6983   vl53l0x_platform.o

    ----------------------------------------------------------------------
     19838       1238       1832        808       2108     487291   Object Totals
         0          0         32          0          0          0   (incl. Generated)
        44          0          0          1          1          0   (incl. Padding)

    ----------------------------------------------------------------------

      Code (inc. data)   RO Data    RW Data    ZI Data      Debug   Library Member Name

       100          0          0          0          0          0   __dclz77c.o
         8          0          0          0          0         68   __main.o
       284          0          0          0          0        156   __printf_wp.o
         0          0          0          0          0          0   __rtentry.o
        12          0          0          0          0          0   __rtentry2.o
         6          0          0          0          0          0   __rtentry4.o
        52          8          0          0          0          0   __scatter.o
        28          0          0          0          0          0   __scatter_zi.o
        44          0          0          0          0        108   _printf_char.o
        48          6          0          0          0         96   _printf_char_common.o
        36          4          0          0          0         80   _printf_char_file.o
         6          0          0          0          0          0   _printf_d.o
       120         16          0          0          0         92   _printf_dec.o
        88          4         40          0          0         88   _printf_hex_int.o
         6          0          0          0          0          0   _printf_i.o
       178          0          0          0          0         88   _printf_intcommon.o
        78          0          0          0          0        108   _printf_pad.o
         0          0          0          0          0          0   _printf_percent.o
         4          0          0          0          0          0   _printf_percent_end.o
         6          0          0          0          0          0   _printf_s.o
        82          0          0          0          0         80   _printf_str.o
         6          0          0          0          0          0   _printf_x.o
        10          0          0          0          0         68   defsig_exit.o
        50          0          0          0          0         88   defsig_general.o
        80         58          0          0          0         76   defsig_rtmem_inner.o
        14          0          0          0          0         80   defsig_rtmem_outer.o
        52         38          0          0          0         76   defsig_rtred_inner.o
        14          0          0          0          0         80   defsig_rtred_outer.o
        18          0          0          0          0         80   exit.o
        76          0          0          0          0         88   fclose.o
         8          0          0          0          0         68   ferror.o
       470          0          0          0          0         88   flsbuf.o
       236          4          0          0          0        128   fopen.o
        26          0          0          0          0         68   fputc.o
       248          6          0          0          0         84   fseek.o
        66          0          0          0          0         76   ftell.o
        94          0          0          0          0         80   h1_alloc.o
        52          0          0          0          0         68   h1_extend.o
        78          0          0          0          0         80   h1_free.o
        14          0          0          0          0         84   h1_init.o
         6          0          0          0          0        152   heapauxi.o
         4          0          0          0          0        136   hguard.o
         0          0          0          0          0          0   indicate_semi.o
       138          0          0          0          0        168   init_alloc.o
       312         46          0          0          0        112   initio.o
         2          0          0          0          0          0   libinit.o
        18          0          0          0          0          0   libinit2.o
         2          0          0          0          0          0   libshutdown.o
         6          0          0          0          0          0   libshutdown2.o
         8          4          0          0         96         68   libspace.o
         0          0          0          0          0          0   maybetermalloc1.o
        24          4          0          0          0         84   noretval__2printf.o
         8          4          0          0          0         68   rt_errno_addr_intlibspace.o
         8          4          0          0          0         68   rt_heap_descriptor_intlibspace.o
        78          0          0          0          0         80   rt_memclr_w.o
       100          0          0          0          0         80   rt_memcpy_w.o
         2          0          0          0          0          0   rtexit.o
        10          0          0          0          0          0   rtexit2.o
        70          0          0          0          0         80   setvbuf.o
       240          6          0          0          0        156   stdio.o
         0          0          0         12        252          0   stdio_streams.o
        72          0          0          0          0         80   strcpy.o
        62          0          0          0          0         76   strlen.o
        12          4          0          0          0         68   sys_exit.o
       102          0         12          0          0        240   sys_io.o
        74          0          0          0          0         80   sys_stackheap_outer.o
        14          0          0          0          0         76   sys_wrch.o
         2          0          0          0          0         68   use_no_semi.o
        10          0          0          0          0        116   fpinit.o

    ----------------------------------------------------------------------
      4198        216         52         12        352       4480   Library Totals
        16          0          0          0          4          0   (incl. Padding)

    ----------------------------------------------------------------------

      Code (inc. data)   RO Data    RW Data    ZI Data      Debug   Library Name

      4172        216         52         12        348       4364   c_w.l
        10          0          0          0          0        116   fz_wm.l

    ----------------------------------------------------------------------
      4198        216         52         12        352       4480   Library Totals

    ----------------------------------------------------------------------

==============================================================================


      Code (inc. data)   RO Data    RW Data    ZI Data      Debug   

     24036       1454       1884        820       2460     472531   Grand Totals
     24036       1454       1884        712       2460     472531   ELF Image Totals (compressed)
     24036       1454       1884        712          0          0   ROM Totals

==============================================================================

    Total RO  Size (Code + RO Data)                25920 (  25.31kB)
    Total RW  Size (RW Data + ZI Data)              3280 (   3.20kB)
    Total ROM Size (Code + RO Data + RW Data)      26632 (  26.01kB)

==============================================================================

