Component: ARM Compiler 5.06 update 6 (build 750) Tool: armlink [4d35ed]

==============================================================================

Section Cross References

    main.o(i.main) refers to misc.o(i.NVIC_PriorityGroupConfig) for NVIC_PriorityGroupConfig
    main.o(i.main) refers to system_stm32f4xx.o(i.SystemInit) for SystemInit
    main.o(i.main) refers to delay.o(i.delay_init) for delay_init
    main.o(i.main) refers to driver_led.o(i.Led_Init) for Led_Init
    main.o(i.main) refers to hj_usart.o(i.wifi_Init) for wifi_Init
    main.o(i.main) refers to hj_usart.o(i.wifiControl) for wifiControl
    main.o(i.main) refers to isp_usart.o(.data) for command
    delay.o(i.SysTick_Init) refers to system_stm32f4xx.o(.data) for SystemCoreClock
    delay.o(i.delay_init) refers to misc.o(i.SysTick_CLKSourceConfig) for SysTick_CLKSourceConfig
    delay.o(i.delay_init) refers to delay.o(.data) for fac_us
    delay.o(i.delay_ms) refers to delay.o(i.delay_xms) for delay_xms
    delay.o(i.delay_us) refers to delay.o(.data) for fac_us
    delay.o(i.delay_xms) refers to delay.o(.data) for fac_ms
    bsp_gpio.o(i.BSP_GPIO_Init) refers to bsp_gpio.o(i.BSP_GPIO_RCC_Init) for BSP_GPIO_RCC_Init
    bsp_gpio.o(i.BSP_GPIO_Init) refers to stm32f4xx_gpio.o(i.GPIO_Init) for GPIO_Init
    bsp_gpio.o(i.BSP_GPIO_RCC_Init) refers to stm32f4xx_rcc.o(i.RCC_AHB1PeriphClockCmd) for RCC_AHB1PeriphClockCmd
    bsp_gpio.o(i.GPIO_Pin_TO_PinAFConfig) refers to bsp_gpio.o(i.GPIO_Pin_TO_GPIO_PinSource) for GPIO_Pin_TO_GPIO_PinSource
    bsp_gpio.o(i.GPIO_Pin_TO_PinAFConfig) refers to stm32f4xx_gpio.o(i.GPIO_PinAFConfig) for GPIO_PinAFConfig
    bsp_timer.o(i.BSP_TIM_ICAP_Init) refers to bsp_timer.o(i.BSP_TIM_RCC_Init) for BSP_TIM_RCC_Init
    bsp_timer.o(i.BSP_TIM_ICAP_Init) refers to bsp_gpio.o(i.BSP_GPIO_Init) for BSP_GPIO_Init
    bsp_timer.o(i.BSP_TIM_ICAP_Init) refers to bsp_timer.o(i.TIM_TO_GPIO_AF) for TIM_TO_GPIO_AF
    bsp_timer.o(i.BSP_TIM_ICAP_Init) refers to bsp_gpio.o(i.GPIO_Pin_TO_GPIO_PinSource) for GPIO_Pin_TO_GPIO_PinSource
    bsp_timer.o(i.BSP_TIM_ICAP_Init) refers to stm32f4xx_gpio.o(i.GPIO_PinAFConfig) for GPIO_PinAFConfig
    bsp_timer.o(i.BSP_TIM_ICAP_Init) refers to stm32f4xx_tim.o(i.TIM_TimeBaseInit) for TIM_TimeBaseInit
    bsp_timer.o(i.BSP_TIM_ICAP_Init) refers to stm32f4xx_tim.o(i.TIM_ICInit) for TIM_ICInit
    bsp_timer.o(i.BSP_TIM_ICAP_Init) refers to stm32f4xx_tim.o(i.TIM_ITConfig) for TIM_ITConfig
    bsp_timer.o(i.BSP_TIM_ICAP_Init) refers to stm32f4xx_tim.o(i.TIM_Cmd) for TIM_Cmd
    bsp_timer.o(i.BSP_TIM_ICAP_Init) refers to bsp_timer.o(i.TIM_TO_NVIC_IRQChannel) for TIM_TO_NVIC_IRQChannel
    bsp_timer.o(i.BSP_TIM_ICAP_Init) refers to misc.o(i.NVIC_Init) for NVIC_Init
    bsp_timer.o(i.BSP_TIM_INT_Init) refers to bsp_timer.o(i.BSP_TIM_RCC_Init) for BSP_TIM_RCC_Init
    bsp_timer.o(i.BSP_TIM_INT_Init) refers to stm32f4xx_tim.o(i.TIM_TimeBaseInit) for TIM_TimeBaseInit
    bsp_timer.o(i.BSP_TIM_INT_Init) refers to stm32f4xx_tim.o(i.TIM_ITConfig) for TIM_ITConfig
    bsp_timer.o(i.BSP_TIM_INT_Init) refers to stm32f4xx_tim.o(i.TIM_Cmd) for TIM_Cmd
    bsp_timer.o(i.BSP_TIM_INT_Init) refers to bsp_timer.o(i.TIM_TO_NVIC_IRQChannel) for TIM_TO_NVIC_IRQChannel
    bsp_timer.o(i.BSP_TIM_INT_Init) refers to misc.o(i.NVIC_Init) for NVIC_Init
    bsp_timer.o(i.BSP_TIM_Init) refers to bsp_timer.o(i.BSP_TIM_RCC_Init) for BSP_TIM_RCC_Init
    bsp_timer.o(i.BSP_TIM_Init) refers to stm32f4xx_tim.o(i.TIM_TimeBaseInit) for TIM_TimeBaseInit
    bsp_timer.o(i.BSP_TIM_Init) refers to stm32f4xx_tim.o(i.TIM_ARRPreloadConfig) for TIM_ARRPreloadConfig
    bsp_timer.o(i.BSP_TIM_Init) refers to stm32f4xx_tim.o(i.TIM_Cmd) for TIM_Cmd
    bsp_timer.o(i.BSP_TIM_RCC_Init) refers to stm32f4xx_rcc.o(i.RCC_APB2PeriphClockCmd) for RCC_APB2PeriphClockCmd
    bsp_timer.o(i.BSP_TIM_RCC_Init) refers to stm32f4xx_rcc.o(i.RCC_APB1PeriphClockCmd) for RCC_APB1PeriphClockCmd
    bsp_pwm.o(i.BSP_TIM_PWM_Init) refers to bsp_timer.o(i.BSP_TIM_RCC_Init) for BSP_TIM_RCC_Init
    bsp_pwm.o(i.BSP_TIM_PWM_Init) refers to bsp_gpio.o(i.BSP_GPIO_Init) for BSP_GPIO_Init
    bsp_pwm.o(i.BSP_TIM_PWM_Init) refers to bsp_timer.o(i.TIM_TO_GPIO_AF) for TIM_TO_GPIO_AF
    bsp_pwm.o(i.BSP_TIM_PWM_Init) refers to bsp_gpio.o(i.GPIO_Pin_TO_GPIO_PinSource) for GPIO_Pin_TO_GPIO_PinSource
    bsp_pwm.o(i.BSP_TIM_PWM_Init) refers to stm32f4xx_gpio.o(i.GPIO_PinAFConfig) for GPIO_PinAFConfig
    bsp_pwm.o(i.BSP_TIM_PWM_Init) refers to stm32f4xx_tim.o(i.TIM_TimeBaseInit) for TIM_TimeBaseInit
    bsp_pwm.o(i.BSP_TIM_PWM_Init) refers to stm32f4xx_tim.o(i.TIM_OC1Init) for TIM_OC1Init
    bsp_pwm.o(i.BSP_TIM_PWM_Init) refers to stm32f4xx_tim.o(i.TIM_OC1PreloadConfig) for TIM_OC1PreloadConfig
    bsp_pwm.o(i.BSP_TIM_PWM_Init) refers to stm32f4xx_tim.o(i.TIM_OC2Init) for TIM_OC2Init
    bsp_pwm.o(i.BSP_TIM_PWM_Init) refers to stm32f4xx_tim.o(i.TIM_OC2PreloadConfig) for TIM_OC2PreloadConfig
[...]
    Removing vl53l0x_api.o(i.VL53L0X_GetDeviceParameters), (160 bytes).
    Removing vl53l0x_api.o(i.VL53L0X_GetDmaxCalParameters), (20 bytes).
    Removing vl53l0x_api.o(i.VL53L0X_GetFractionEnable), (34 bytes).
    Removing vl53l0x_api.o(i.VL53L0X_GetGpioConfig), (160 bytes).
    Removing vl53l0x_api.o(i.VL53L0X_GetHistogramMeasurementData), (8 bytes).
    Removing vl53l0x_api.o(i.VL53L0X_GetHistogramMode), (8 bytes).
    Removing vl53l0x_api.o(i.VL53L0X_GetInterMeasurementPeriodMilliSeconds), (62 bytes).
    Removing vl53l0x_api.o(i.VL53L0X_GetInterruptMaskStatus), (48 bytes).
    Removing vl53l0x_api.o(i.VL53L0X_GetInterruptThresholds), (66 bytes).
    Removing vl53l0x_api.o(i.VL53L0X_GetLimitCheckCurrent), (136 bytes).
    Removing vl53l0x_api.o(i.VL53L0X_GetLimitCheckEnable), (28 bytes).
    Removing vl53l0x_api.o(i.VL53L0X_GetLimitCheckInfo), (30 bytes).
    Removing vl53l0x_api.o(i.VL53L0X_GetLimitCheckStatus), (24 bytes).
    Removing vl53l0x_api.o(i.VL53L0X_GetLimitCheckValue), (182 bytes).
    Removing vl53l0x_api.o(i.VL53L0X_GetLinearityCorrectiveGain), (12 bytes).
    Removing vl53l0x_api.o(i.VL53L0X_GetMaxNumberOfROIZones), (10 bytes).
    Removing vl53l0x_api.o(i.VL53L0X_GetMeasurementDataReady), (86 bytes).
    Removing vl53l0x_api.o(i.VL53L0X_GetMeasurementRefSignal), (46 bytes).
    Removing vl53l0x_api.o(i.VL53L0X_GetMeasurementTimingBudgetMicroSeconds), (22 bytes).
    Removing vl53l0x_api.o(i.VL53L0X_GetNumberOfLimitCheck), (10 bytes).
    Removing vl53l0x_api.o(i.VL53L0X_GetNumberOfROIZones), (10 bytes).
    Removing vl53l0x_api.o(i.VL53L0X_GetNumberOfSequenceSteps), (10 bytes).
    Removing vl53l0x_api.o(i.VL53L0X_GetOffsetCalibrationDataMicroMeter), (22 bytes).
    Removing vl53l0x_api.o(i.VL53L0X_GetPalErrorString), (22 bytes).
    Removing vl53l0x_api.o(i.VL53L0X_GetPalSpecVersion), (24 bytes).
    Removing vl53l0x_api.o(i.VL53L0X_GetPalState), (12 bytes).
    Removing vl53l0x_api.o(i.VL53L0X_GetPalStateString), (22 bytes).
    Removing vl53l0x_api.o(i.VL53L0X_GetPowerMode), (48 bytes).
    Removing vl53l0x_api.o(i.VL53L0X_GetProductRevision), (38 bytes).
    Removing vl53l0x_api.o(i.VL53L0X_GetRangeStatusString), (22 bytes).
    Removing vl53l0x_api.o(i.VL53L0X_GetRangingMeasurementData), (366 bytes).
    Removing vl53l0x_api.o(i.VL53L0X_GetRefCalibration), (30 bytes).
    Removing vl53l0x_api.o(i.VL53L0X_GetReferenceSpads), (30 bytes).
    Removing vl53l0x_api.o(i.VL53L0X_GetSequenceStepEnable), (48 bytes).
    Removing vl53l0x_api.o(i.VL53L0X_GetSequenceStepEnables), (118 bytes).
    Removing vl53l0x_api.o(i.VL53L0X_GetSequenceStepTimeout), (56 bytes).
    Removing vl53l0x_api.o(i.VL53L0X_GetSequenceStepsInfo), (22 bytes).
    Removing vl53l0x_api.o(i.VL53L0X_GetSpadAmbientDamperFactor), (54 bytes).
    Removing vl53l0x_api.o(i.VL53L0X_GetSpadAmbientDamperThreshold), (48 bytes).
    Removing vl53l0x_api.o(i.VL53L0X_GetStopCompletedStatus), (154 bytes).
    Removing vl53l0x_api.o(i.VL53L0X_GetTotalSignalRate), (40 bytes).
    Removing vl53l0x_api.o(i.VL53L0X_GetTuningSettingBuffer), (20 bytes).
    Removing vl53l0x_api.o(i.VL53L0X_GetUpperLimitMilliMeter), (8 bytes).
    Removing vl53l0x_api.o(i.VL53L0X_GetVcselPulsePeriod), (30 bytes).
    Removing vl53l0x_api.o(i.VL53L0X_GetVersion), (24 bytes).
    Removing vl53l0x_api.o(i.VL53L0X_GetWrapAroundCheckEnable), (62 bytes).
    Removing vl53l0x_api.o(i.VL53L0X_GetXTalkCompensationEnable), (12 bytes).
    Removing vl53l0x_api.o(i.VL53L0X_GetXTalkCompensationRateMegaCps), (56 bytes).
    Removing vl53l0x_api.o(i.VL53L0X_PerformOffsetCalibration), (30 bytes).
    Removing vl53l0x_api.o(i.VL53L0X_PerformRefCalibration), (32 bytes).
    Removing vl53l0x_api.o(i.VL53L0X_PerformRefSpadManagement), (30 bytes).
    Removing vl53l0x_api.o(i.VL53L0X_PerformSingleHistogramMeasurement), (8 bytes).
    Removing vl53l0x_api.o(i.VL53L0X_PerformSingleMeasurement), (60 bytes).
    Removing vl53l0x_api.o(i.VL53L0X_PerformSingleRangingMeasurement), (56 bytes).
    Removing vl53l0x_api.o(i.VL53L0X_PerformXTalkCalibration), (30 bytes).
    Removing vl53l0x_api.o(i.VL53L0X_PerformXTalkMeasurement), (10 bytes).
    Removing vl53l0x_api.o(i.VL53L0X_ResetDevice), (102 bytes).
    Removing vl53l0x_api.o(i.VL53L0X_SetDeviceAddress), (36 bytes).
    Removing vl53l0x_api.o(i.VL53L0X_SetDeviceMode), (50 bytes).
    Removing vl53l0x_api.o(i.VL53L0X_SetDeviceParameters), (146 bytes).
    Removing vl53l0x_api.o(i.VL53L0X_SetDmaxCalParameters), (62 bytes).
    Removing vl53l0x_api.o(i.VL53L0X_SetGpioConfig), (358 bytes).
    Removing vl53l0x_api.o(i.VL53L0X_SetGroupParamHold), (8 bytes).
    Removing vl53l0x_api.o(i.VL53L0X_SetHistogramMode), (8 bytes).
    Removing vl53l0x_api.o(i.VL53L0X_SetInterMeasurementPeriodMilliSeconds), (60 bytes).
    Removing vl53l0x_api.o(i.VL53L0X_SetInterruptThresholds), (54 bytes).
    Removing vl53l0x_api.o(i.VL53L0X_SetLimitCheckEnable), (194 bytes).
    Removing vl53l0x_api.o(i.VL53L0X_SetLimitCheckValue), (118 bytes).
    Removing vl53l0x_api.o(i.VL53L0X_SetLinearityCorrectiveGain), (50 bytes).
    Removing vl53l0x_api.o(i.VL53L0X_SetMeasurementTimingBudgetMicroSeconds), (22 bytes).
    Removing vl53l0x_api.o(i.VL53L0X_SetNumberOfROIZones), (12 bytes).
    Removing vl53l0x_api.o(i.VL53L0X_SetOffsetCalibrationDataMicroMeter), (22 bytes).
    Removing vl53l0x_api.o(i.VL53L0X_SetPowerMode), (84 bytes).
    Removing vl53l0x_api.o(i.VL53L0X_SetRangeFractionEnable), (30 bytes).
    Removing vl53l0x_api.o(i.VL53L0X_SetRefCalibration), (30 bytes).
    Removing vl53l0x_api.o(i.VL53L0X_SetReferenceSpads), (30 bytes).
    Removing vl53l0x_api.o(i.VL53L0X_SetSequenceStepEnable), (196 bytes).
    Removing vl53l0x_api.o(i.VL53L0X_SetSequenceStepTimeout), (110 bytes).
    Removing vl53l0x_api.o(i.VL53L0X_SetSpadAmbientDamperFactor), (54 bytes).
    Removing vl53l0x_api.o(i.VL53L0X_SetSpadAmbientDamperThreshold), (48 bytes).
    Removing vl53l0x_api.o(i.VL53L0X_SetTuningSettingBuffer), (40 bytes).
    Removing vl53l0x_api.o(i.VL53L0X_SetVcselPulsePeriod), (30 bytes).
    Removing vl53l0x_api.o(i.VL53L0X_SetWrapAroundCheckEnable), (80 bytes).
    Removing vl53l0x_api.o(i.VL53L0X_SetXTalkCompensationEnable), (62 bytes).
    Removing vl53l0x_api.o(i.VL53L0X_SetXTalkCompensationRateMegaCps), (64 bytes).
    Removing vl53l0x_api.o(i.VL53L0X_StartMeasurement), (268 bytes).
    Removing vl53l0x_api.o(i.VL53L0X_StaticInit), (416 bytes).
    Removing vl53l0x_api.o(i.VL53L0X_StopMeasurement), (102 bytes).
    Removing vl53l0x_api.o(i.VL53L0X_WaitDeviceBooted), (8 bytes).
    Removing vl53l0x_api.o(i.VL53L0X_WaitDeviceReadyForNewMeasurement), (8 bytes).
    Removing vl53l0x_api.o(i.sequence_step_enabled), (72 bytes).
    Removing vl53l0x_api.o(.data), (681 bytes).
    Removing vl53l0x_api_calibration.o(.rev16_text), (4 bytes).
    Removing vl53l0x_api_calibration.o(.revsh_text), (4 bytes).
    Removing vl53l0x_api_calibration.o(.rrx_text), (6 bytes).
    Removing vl53l0x_api_calibration.o(i.VL53L0X_apply_offset_adjustment), (58 bytes).
    Removing vl53l0x_api_calibration.o(i.VL53L0X_get_offset_calibration_data_micro_meter), (86 bytes).
    Removing vl53l0x_api_calibration.o(i.VL53L0X_get_ref_calibration), (48 bytes).
    Removing vl53l0x_api_calibration.o(i.VL53L0X_get_reference_spads), (120 bytes).
    Removing vl53l0x_api_calibration.o(i.VL53L0X_perform_offset_calibration), (228 bytes).
    Removing vl53l0x_api_calibration.o(i.VL53L0X_perform_phase_calibration), (124 bytes).
    Removing vl53l0x_api_calibration.o(i.VL53L0X_perform_ref_calibration), (76 bytes).
    Removing vl53l0x_api_calibration.o(i.VL53L0X_perform_ref_spad_management), (658 bytes).
    Removing vl53l0x_api_calibration.o(i.VL53L0X_perform_single_ref_calibration), (64 bytes).
    Removing vl53l0x_api_calibration.o(i.VL53L0X_perform_vhv_calibration), (126 bytes).
    Removing vl53l0x_api_calibration.o(i.VL53L0X_perform_xtalk_calibration), (296 bytes).
    Removing vl53l0x_api_calibration.o(i.VL53L0X_ref_calibration_io), (176 bytes).
    Removing vl53l0x_api_calibration.o(i.VL53L0X_set_offset_calibration_data_micro_meter), (84 bytes).
    Removing vl53l0x_api_calibration.o(i.VL53L0X_set_ref_calibration), (46 bytes).
    Removing vl53l0x_api_calibration.o(i.VL53L0X_set_reference_spads), (194 bytes).
    Removing vl53l0x_api_calibration.o(i.count_enabled_spads), (180 bytes).
    Removing vl53l0x_api_calibration.o(i.enable_ref_spads), (172 bytes).
    Removing vl53l0x_api_calibration.o(i.enable_spad_bit), (50 bytes).
    Removing vl53l0x_api_calibration.o(i.get_next_good_spad), (104 bytes).
    Removing vl53l0x_api_calibration.o(i.get_ref_spad_map), (24 bytes).
    Removing vl53l0x_api_calibration.o(i.is_aperture), (24 bytes).
    Removing vl53l0x_api_calibration.o(i.perform_ref_signal_measurement), (110 bytes).
    Removing vl53l0x_api_calibration.o(i.set_ref_spad_map), (24 bytes).
    Removing vl53l0x_api_calibration.o(.data), (16 bytes).
    Removing vl53l0x_api_core.o(.rev16_text), (4 bytes).
    Removing vl53l0x_api_core.o(.revsh_text), (4 bytes).
    Removing vl53l0x_api_core.o(.rrx_text), (6 bytes).
    Removing vl53l0x_api_core.o(i.VL53L0X_calc_dmax), (396 bytes).
    Removing vl53l0x_api_core.o(i.VL53L0X_calc_macro_period_ps), (22 bytes).
    Removing vl53l0x_api_core.o(i.VL53L0X_calc_sigma_estimate), (784 bytes).
    Removing vl53l0x_api_core.o(i.VL53L0X_calc_timeout_mclks), (52 bytes).
    Removing vl53l0x_api_core.o(i.VL53L0X_calc_timeout_us), (52 bytes).
    Removing vl53l0x_api_core.o(i.VL53L0X_decode_timeout), (14 bytes).
    Removing vl53l0x_api_core.o(i.VL53L0X_decode_vcsel_period), (12 bytes).
    Removing vl53l0x_api_core.o(i.VL53L0X_device_read_strobe), (82 bytes).
    Removing vl53l0x_api_core.o(i.VL53L0X_encode_timeout), (40 bytes).
    Removing vl53l0x_api_core.o(i.VL53L0X_encode_vcsel_period), (14 bytes).
    Removing vl53l0x_api_core.o(i.VL53L0X_get_info_from_device), (1354 bytes).
    Removing vl53l0x_api_core.o(i.VL53L0X_get_measurement_timing_budget_micro_seconds), (238 bytes).
    Removing vl53l0x_api_core.o(i.VL53L0X_get_pal_range_status), (564 bytes).
    Removing vl53l0x_api_core.o(i.VL53L0X_get_total_signal_rate), (40 bytes).
    Removing vl53l0x_api_core.o(i.VL53L0X_get_total_xtalk_rate), (58 bytes).
    Removing vl53l0x_api_core.o(i.VL53L0X_get_vcsel_pulse_period), (70 bytes).
    Removing vl53l0x_api_core.o(i.VL53L0X_isqrt), (44 bytes).
    Removing vl53l0x_api_core.o(i.VL53L0X_load_tuning_settings), (234 bytes).
    Removing vl53l0x_api_core.o(i.VL53L0X_measurement_poll_for_completion), (66 bytes).
    Removing vl53l0x_api_core.o(i.VL53L0X_quadrature_sum), (44 bytes).
    Removing vl53l0x_api_core.o(i.VL53L0X_reverse_bytes), (34 bytes).
    Removing vl53l0x_api_core.o(i.VL53L0X_set_measurement_timing_budget_micro_seconds), (294 bytes).
    Removing vl53l0x_api_core.o(i.VL53L0X_set_vcsel_pulse_period), (766 bytes).
    Removing vl53l0x_api_core.o(i.get_sequence_step_timeout), (290 bytes).
    Removing vl53l0x_api_core.o(i.set_sequence_step_timeout), (306 bytes).
    Removing vl53l0x_api_ranging.o(.rev16_text), (4 bytes).
    Removing vl53l0x_api_ranging.o(.revsh_text), (4 bytes).
    Removing vl53l0x_api_ranging.o(.rrx_text), (6 bytes).
    Removing vl53l0x_api_strings.o(.rev16_text), (4 bytes).
    Removing vl53l0x_api_strings.o(.revsh_text), (4 bytes).
    Removing vl53l0x_api_strings.o(.rrx_text), (6 bytes).
    Removing vl53l0x_api_strings.o(i.VL53L0X_check_part_used), (80 bytes).
    Removing vl53l0x_api_strings.o(i.VL53L0X_get_device_error_string), (560 bytes).
    Removing vl53l0x_api_strings.o(i.VL53L0X_get_device_info), (220 bytes).
    Removing vl53l0x_api_strings.o(i.VL53L0X_get_limit_check_info), (252 bytes).
    Removing vl53l0x_api_strings.o(i.VL53L0X_get_pal_error_string), (716 bytes).
    Removing vl53l0x_api_strings.o(i.VL53L0X_get_pal_state_string), (244 bytes).
    Removing vl53l0x_api_strings.o(i.VL53L0X_get_range_status_string), (212 bytes).
    Removing vl53l0x_api_strings.o(i.VL53L0X_get_sequence_steps_info), (124 bytes).
    Removing hj_usart.o(.rev16_text), (4 bytes).
    Removing hj_usart.o(.revsh_text), (4 bytes).
    Removing hj_usart.o(.rrx_text), (6 bytes).
    Removing dadd.o(.text), (334 bytes).
    Removing dmul.o(.text), (228 bytes).
    Removing dfixul.o(.text), (48 bytes).
    Removing cdrcmple.o(.text), (48 bytes).

1119 unused section(s) (total 63909 bytes) removed from the image.

==============================================================================

Image Symbol Table

    Local Symbols

    Symbol Name                              Value     Ov Type        Size  Object(Section)

    ../clib/microlib/division.c              0x00000000   Number         0  uldiv.o ABSOLUTE
    ../clib/microlib/division.c              0x00000000   Number         0  uidiv.o ABSOLUTE
    ../clib/microlib/init/entry.s            0x00000000   Number         0  entry.o ABSOLUTE
    ../clib/microlib/init/entry.s            0x00000000   Number         0  entry11b.o ABSOLUTE
    ../clib/microlib/init/entry.s            0x00000000   Number         0  entry11a.o ABSOLUTE
    ../clib/microlib/init/entry.s            0x00000000   Number         0  entry10b.o ABSOLUTE
    ../clib/microlib/init/entry.s            0x00000000   Number         0  entry10a.o ABSOLUTE
    ../clib/microlib/init/entry.s            0x00000000   Number         0  entry9b.o ABSOLUTE
    ../clib/microlib/init/entry.s            0x00000000   Number         0  entry8b.o ABSOLUTE
    ../clib/microlib/init/entry.s            0x00000000   Number         0  entry9a.o ABSOLUTE
    ../clib/microlib/init/entry.s            0x00000000   Number         0  entry2.o ABSOLUTE
    ../clib/microlib/init/entry.s            0x00000000   Number         0  entry5.o ABSOLUTE
    ../clib/microlib/init/entry.s            0x00000000   Number         0  entry7a.o ABSOLUTE
    ../clib/microlib/init/entry.s            0x00000000   Number         0  entry7b.o ABSOLUTE
    ../clib/microlib/init/entry.s            0x00000000   Number         0  entry8a.o ABSOLUTE
    ../clib/microlib/longlong.c              0x00000000   Number         0  llshl.o ABSOLUTE
    ../clib/microlib/longlong.c              0x00000000   Number         0  llushr.o ABSOLUTE
    ../clib/microlib/longlong.c              0x00000000   Number         0  llsshr.o ABSOLUTE
    ../clib/microlib/printf/printf.c         0x00000000   Number         0  printf6.o ABSOLUTE
    ../clib/microlib/printf/printf.c         0x00000000   Number         0  printf2.o ABSOLUTE
    ../clib/microlib/printf/printf.c         0x00000000   Number         0  printf0.o ABSOLUTE
    ../clib/microlib/printf/printf.c         0x00000000   Number         0  printf1.o ABSOLUTE
    ../clib/microlib/printf/printf.c         0x00000000   Number         0  printf4.o ABSOLUTE
    ../clib/microlib/printf/printf.c         0x00000000   Number         0  printf5.o ABSOLUTE
    ../clib/microlib/printf/printf.c         0x00000000   Number         0  printf7.o ABSOLUTE
    ../clib/microlib/printf/printf.c         0x00000000   Number         0  printf8.o ABSOLUTE
    ../clib/microlib/printf/printf.c         0x00000000   Number         0  printf3.o ABSOLUTE
    ../clib/microlib/printf/printf.c         0x00000000   Number         0  printfa.o ABSOLUTE
    ../clib/microlib/printf/printf.c         0x00000000   Number         0  printfb.o ABSOLUTE
    ../clib/microlib/printf/stubs.s          0x00000000   Number         0  stubs.o ABSOLUTE
    ../clib/microlib/stdio/fputc.c           0x00000000   Number         0  fputc.o ABSOLUTE
    ../clib/microlib/stdio/semi.s            0x00000000   Number         0  semi.o ABSOLUTE
    ../clib/microlib/stdio/streams.c         0x00000000   Number         0  stdout.o ABSOLUTE
    ../clib/microlib/string/memcpy.c         0x00000000   Number         0  memcpyb.o ABSOLUTE
    ../clib/microlib/string/memcpy.c         0x00000000   Number         0  memcpya.o ABSOLUTE
    ../clib/microlib/string/memset.c         0x00000000   Number         0  memseta.o ABSOLUTE
    ../clib/microlib/string/strcpy.c         0x00000000   Number         0  strcpy.o ABSOLUTE
    ../clib/microlib/stubs.s                 0x00000000   Number         0  iusefp.o ABSOLUTE
    ../clib/microlib/stubs.s                 0x00000000   Number         0  iusesemip.o ABSOLUTE
    ../fplib/microlib/d2f.c                  0x00000000   Number         0  d2f.o ABSOLUTE
    ../fplib/microlib/fpadd.c                0x00000000   Number         0  dadd.o ABSOLUTE
    ../fplib/microlib/fpdiv.c                0x00000000   Number         0  ddiv.o ABSOLUTE
    ../fplib/microlib/fpepilogue.c           0x00000000   Number         0  fepilogue.o ABSOLUTE
    ../fplib/microlib/fpepilogue.c           0x00000000   Number         0  depilogue.o ABSOLUTE
    ../fplib/microlib/fpfix.c                0x00000000   Number         0  dfixul.o ABSOLUTE
    ../fplib/microlib/fpflt.c                0x00000000   Number         0  dfltui.o ABSOLUTE
    ../fplib/microlib/fpmul.c                0x00000000   Number         0  dmul.o ABSOLUTE
    App\\delay.c                             0x00000000   Number         0  delay.o ABSOLUTE
    App\\main.c                              0x00000000   Number         0  main.o ABSOLUTE
    App\delay.c                              0x00000000   Number         0  delay.o ABSOLUTE
    App\main.c                               0x00000000   Number         0  main.o ABSOLUTE
    BSP\BSP_EXIT.c                           0x00000000   Number         0  bsp_exit.o ABSOLUTE
    BSP\BSP_GPIO.c                           0x00000000   Number         0  bsp_gpio.o ABSOLUTE
    BSP\BSP_PWM.c                            0x00000000   Number         0  bsp_pwm.o ABSOLUTE
    BSP\BSP_Timer.c                          0x00000000   Number         0  bsp_timer.o ABSOLUTE
    BSP\\BSP_EXIT.c                          0x00000000   Number         0  bsp_exit.o ABSOLUTE
    BSP\\BSP_GPIO.c                          0x00000000   Number         0  bsp_gpio.o ABSOLUTE
    BSP\\BSP_PWM.c                           0x00000000   Number         0  bsp_pwm.o ABSOLUTE
    BSP\\BSP_Timer.c                         0x00000000   Number         0  bsp_timer.o ABSOLUTE
    CMISS\\system_stm32f4xx.c                0x00000000   Number         0  system_stm32f4xx.o ABSOLUTE
    CMISS\startup_stm32f40_41xxx.s           0x00000000   Number         0  startup_stm32f40_41xxx.o ABSOLUTE
    CMISS\system_stm32f4xx.c                 0x00000000   Number         0  system_stm32f4xx.o ABSOLUTE
    Driver\Driver_LED.c                      0x00000000   Number         0  driver_led.o ABSOLUTE
    Driver\Driver_SRF_05.c                   0x00000000   Number         0  driver_srf_05.o ABSOLUTE
    Driver\Driver_Servo.c                    0x00000000   Number         0  driver_servo.o ABSOLUTE
    Driver\ISP_EXIT.c                        0x00000000   Number         0  isp_exit.o ABSOLUTE
    Driver\ISP_USART.c                       0x00000000   Number         0  isp_usart.o ABSOLUTE
    Driver\\Driver_LED.c                     0x00000000   Number         0  driver_led.o ABSOLUTE
    Driver\\Driver_SRF_05.c                  0x00000000   Number         0  driver_srf_05.o ABSOLUTE
    Driver\\Driver_Servo.c                   0x00000000   Number         0  driver_servo.o ABSOLUTE
    Driver\\ISP_EXIT.c                       0x00000000   Number         0  isp_exit.o ABSOLUTE
    Driver\\ISP_USART.c                      0x00000000   Number         0  isp_usart.o ABSOLUTE
    HJ_WIFI\HJ_USART.c                       0x00000000   Number         0  hj_usart.o ABSOLUTE
    HJ_WIFI\\HJ_USART.c                      0x00000000   Number         0  hj_usart.o ABSOLUTE
    VL53L0X\\vl53l0x.c                       0x00000000   Number         0  vl53l0x.o ABSOLUTE
    VL53L0X\\vl53l0x_api.c                   0x00000000   Number         0  vl53l0x_api.o ABSOLUTE
    VL53L0X\\vl53l0x_api_calibration.c       0x00000000   Number         0  vl53l0x_api_calibration.o ABSOLUTE
    VL53L0X\\vl53l0x_api_core.c              0x00000000   Number         0  vl53l0x_api_core.o ABSOLUTE
    VL53L0X\\vl53l0x_api_ranging.c           0x00000000   Number         0  vl53l0x_api_ranging.o ABSOLUTE
    VL53L0X\\vl53l0x_api_strings.c           0x00000000   Number         0  vl53l0x_api_strings.o ABSOLUTE
    VL53L0X\\vl53l0x_cali.c                  0x00000000   Number         0  vl53l0x_cali.o ABSOLUTE
    VL53L0X\\vl53l0x_gen.c                   0x00000000   Number         0  vl53l0x_gen.o ABSOLUTE
    VL53L0X\\vl53l0x_i2c.c                   0x00000000   Number         0  vl53l0x_i2c.o ABSOLUTE
    VL53L0X\\vl53l0x_it.c                    0x00000000   Number         0  vl53l0x_it.o ABSOLUTE
    VL53L0X\\vl53l0x_platform.c              0x00000000   Number         0  vl53l0x_platform.o ABSOLUTE
    VL53L0X\vl53l0x.c                        0x00000000   Number         0  vl53l0x.o ABSOLUTE
    VL53L0X\vl53l0x_api.c                    0x00000000   Number         0  vl53l0x_api.o ABSOLUTE
    VL53L0X\vl53l0x_api_calibration.c        0x00000000   Number         0  vl53l0x_api_calibration.o ABSOLUTE
    VL53L0X\vl53l0x_api_core.c               0x00000000   Number         0  vl53l0x_api_core.o ABSOLUTE
    VL53L0X\vl53l0x_api_ranging.c            0x00000000   Number         0  vl53l0x_api_ranging.o ABSOLUTE
    VL53L0X\vl53l0x_api_strings.c            0x00000000   Number         0  vl53l0x_api_strings.o ABSOLUTE
    VL53L0X\vl53l0x_cali.c                   0x00000000   Number         0  vl53l0x_cali.o ABSOLUTE
    VL53L0X\vl53l0x_gen.c                    0x00000000   Number         0  vl53l0x_gen.o ABSOLUTE
    VL53L0X\vl53l0x_i2c.c                    0x00000000   Number         0  vl53l0x_i2c.o ABSOLUTE
    VL53L0X\vl53l0x_it.c                     0x00000000   Number         0  vl53l0x_it.o ABSOLUTE
    VL53L0X\vl53l0x_platform.c               0x00000000   Number         0  vl53l0x_platform.o ABSOLUTE
    cdrcmple.s                               0x00000000   Number         0  cdrcmple.o ABSOLUTE
    dc.s                                     0x00000000   Number         0  dc.o ABSOLUTE
    handlers.s                               0x00000000   Number         0  handlers.o ABSOLUTE
    init.s                                   0x00000000   Number         0  init.o ABSOLUTE
    lib\\src\\misc.c                         0x00000000   Number         0  misc.o ABSOLUTE
    lib\\src\\stm32f4xx_adc.c                0x00000000   Number         0  stm32f4xx_adc.o ABSOLUTE
    lib\\src\\stm32f4xx_can.c                0x00000000   Number         0  stm32f4xx_can.o ABSOLUTE
    lib\\src\\stm32f4xx_cec.c                0x00000000   Number         0  stm32f4xx_cec.o ABSOLUTE
    lib\\src\\stm32f4xx_crc.c                0x00000000   Number         0  stm32f4xx_crc.o ABSOLUTE
    lib\\src\\stm32f4xx_cryp.c               0x00000000   Number         0  stm32f4xx_cryp.o ABSOLUTE
    lib\\src\\stm32f4xx_cryp_aes.c           0x00000000   Number         0  stm32f4xx_cryp_aes.o ABSOLUTE
    lib\\src\\stm32f4xx_cryp_des.c           0x00000000   Number         0  stm32f4xx_cryp_des.o ABSOLUTE
    lib\\src\\stm32f4xx_cryp_tdes.c          0x00000000   Number         0  stm32f4xx_cryp_tdes.o ABSOLUTE
    lib\\src\\stm32f4xx_dac.c                0x00000000   Number         0  stm32f4xx_dac.o ABSOLUTE
    lib\\src\\stm32f4xx_dbgmcu.c             0x00000000   Number         0  stm32f4xx_dbgmcu.o ABSOLUTE
    lib\\src\\stm32f4xx_dcmi.c               0x00000000   Number         0  stm32f4xx_dcmi.o ABSOLUTE
    lib\\src\\stm32f4xx_dfsdm.c              0x00000000   Number         0  stm32f4xx_dfsdm.o ABSOLUTE
    lib\\src\\stm32f4xx_dma.c                0x00000000   Number         0  stm32f4xx_dma.o ABSOLUTE
    lib\\src\\stm32f4xx_dma2d.c              0x00000000   Number         0  stm32f4xx_dma2d.o ABSOLUTE
    lib\\src\\stm32f4xx_dsi.c                0x00000000   Number         0  stm32f4xx_dsi.o ABSOLUTE
    lib\\src\\stm32f4xx_exti.c               0x00000000   Number         0  stm32f4xx_exti.o ABSOLUTE
    lib\\src\\stm32f4xx_flash.c              0x00000000   Number         0  stm32f4xx_flash.o ABSOLUTE
    lib\\src\\stm32f4xx_flash_ramfunc.c      0x00000000   Number         0  stm32f4xx_flash_ramfunc.o ABSOLUTE
    lib\\src\\stm32f4xx_fmpi2c.c             0x00000000   Number         0  stm32f4xx_fmpi2c.o ABSOLUTE
    lib\\src\\stm32f4xx_fsmc.c               0x00000000   Number         0  stm32f4xx_fsmc.o ABSOLUTE
    lib\\src\\stm32f4xx_gpio.c               0x00000000   Number         0  stm32f4xx_gpio.o ABSOLUTE
    lib\\src\\stm32f4xx_hash.c               0x00000000   Number         0  stm32f4xx_hash.o ABSOLUTE
    lib\\src\\stm32f4xx_hash_md5.c           0x00000000   Number         0  stm32f4xx_hash_md5.o ABSOLUTE
    lib\\src\\stm32f4xx_hash_sha1.c          0x00000000   Number         0  stm32f4xx_hash_sha1.o ABSOLUTE
    lib\\src\\stm32f4xx_i2c.c                0x00000000   Number         0  stm32f4xx_i2c.o ABSOLUTE
    lib\\src\\stm32f4xx_iwdg.c               0x00000000   Number         0  stm32f4xx_iwdg.o ABSOLUTE
    lib\\src\\stm32f4xx_lptim.c              0x00000000   Number         0  stm32f4xx_lptim.o ABSOLUTE
    lib\\src\\stm32f4xx_ltdc.c               0x00000000   Number         0  stm32f4xx_ltdc.o ABSOLUTE
    lib\\src\\stm32f4xx_pwr.c                0x00000000   Number         0  stm32f4xx_pwr.o ABSOLUTE
    lib\\src\\stm32f4xx_qspi.c               0x00000000   Number         0  stm32f4xx_qspi.o ABSOLUTE
    lib\\src\\stm32f4xx_rcc.c                0x00000000   Number         0  stm32f4xx_rcc.o ABSOLUTE
    lib\\src\\stm32f4xx_rng.c                0x00000000   Number         0  stm32f4xx_rng.o ABSOLUTE
    lib\\src\\stm32f4xx_rtc.c                0x00000000   Number         0  stm32f4xx_rtc.o ABSOLUTE
    lib\\src\\stm32f4xx_sai.c                0x00000000   Number         0  stm32f4xx_sai.o ABSOLUTE
    lib\\src\\stm32f4xx_sdio.c               0x00000000   Number         0  stm32f4xx_sdio.o ABSOLUTE
    lib\\src\\stm32f4xx_spdifrx.c            0x00000000   Number         0  stm32f4xx_spdifrx.o ABSOLUTE
    lib\\src\\stm32f4xx_spi.c                0x00000000   Number         0  stm32f4xx_spi.o ABSOLUTE
    lib\\src\\stm32f4xx_syscfg.c             0x00000000   Number         0  stm32f4xx_syscfg.o ABSOLUTE
    lib\\src\\stm32f4xx_tim.c                0x00000000   Number         0  stm32f4xx_tim.o ABSOLUTE
    lib\\src\\stm32f4xx_usart.c              0x00000000   Number         0  stm32f4xx_usart.o ABSOLUTE
    lib\\src\\stm32f4xx_wwdg.c               0x00000000   Number         0  stm32f4xx_wwdg.o ABSOLUTE
    lib\src\misc.c                           0x00000000   Number         0  misc.o ABSOLUTE
    lib\src\stm32f4xx_adc.c                  0x00000000   Number         0  stm32f4xx_adc.o ABSOLUTE
    lib\src\stm32f4xx_can.c                  0x00000000   Number         0  stm32f4xx_can.o ABSOLUTE
    lib\src\stm32f4xx_cec.c                  0x00000000   Number         0  stm32f4xx_cec.o ABSOLUTE
    lib\src\stm32f4xx_crc.c                  0x00000000   Number         0  stm32f4xx_crc.o ABSOLUTE
    lib\src\stm32f4xx_cryp.c                 0x00000000   Number         0  stm32f4xx_cryp.o ABSOLUTE
    lib\src\stm32f4xx_cryp_aes.c             0x00000000   Number         0  stm32f4xx_cryp_aes.o ABSOLUTE
    lib\src\stm32f4xx_cryp_des.c             0x00000000   Number         0  stm32f4xx_cryp_des.o ABSOLUTE
    lib\src\stm32f4xx_cryp_tdes.c            0x00000000   Number         0  stm32f4xx_cryp_tdes.o ABSOLUTE
    lib\src\stm32f4xx_dac.c                  0x00000000   Number         0  stm32f4xx_dac.o ABSOLUTE
    lib\src\stm32f4xx_dbgmcu.c               0x00000000   Number         0  stm32f4xx_dbgmcu.o ABSOLUTE
    lib\src\stm32f4xx_dcmi.c                 0x00000000   Number         0  stm32f4xx_dcmi.o ABSOLUTE
    lib\src\stm32f4xx_dfsdm.c                0x00000000   Number         0  stm32f4xx_dfsdm.o ABSOLUTE
    lib\src\stm32f4xx_dma.c                  0x00000000   Number         0  stm32f4xx_dma.o ABSOLUTE
    lib\src\stm32f4xx_dma2d.c                0x00000000   Number         0  stm32f4xx_dma2d.o ABSOLUTE
    lib\src\stm32f4xx_dsi.c                  0x00000000   Number         0  stm32f4xx_dsi.o ABSOLUTE
    lib\src\stm32f4xx_exti.c                 0x00000000   Number         0  stm32f4xx_exti.o ABSOLUTE
    lib\src\stm32f4xx_flash.c                0x00000000   Number         0  stm32f4xx_flash.o ABSOLUTE
    lib\src\stm32f4xx_flash_ramfunc.c        0x00000000   Number         0  stm32f4xx_flash_ramfunc.o ABSOLUTE
    lib\src\stm32f4xx_fmpi2c.c               0x00000000   Number         0  stm32f4xx_fmpi2c.o ABSOLUTE
    lib\src\stm32f4xx_fsmc.c                 0x00000000   Number         0  stm32f4xx_fsmc.o ABSOLUTE
    lib\src\stm32f4xx_gpio.c                 0x00000000   Number         0  stm32f4xx_gpio.o ABSOLUTE
    lib\src\stm32f4xx_hash.c                 0x00000000   Number         0  stm32f4xx_hash.o ABSOLUTE
    lib\src\stm32f4xx_hash_md5.c             0x00000000   Number         0  stm32f4xx_hash_md5.o ABSOLUTE
    lib\src\stm32f4xx_hash_sha1.c            0x00000000   Number         0  stm32f4xx_hash_sha1.o ABSOLUTE
    lib\src\stm32f4xx_i2c.c                  0x00000000   Number         0  stm32f4xx_i2c.o ABSOLUTE
    lib\src\stm32f4xx_iwdg.c                 0x00000000   Number         0  stm32f4xx_iwdg.o ABSOLUTE
    lib\src\stm32f4xx_lptim.c                0x00000000   Number         0  stm32f4xx_lptim.o ABSOLUTE
    lib\src\stm32f4xx_ltdc.c                 0x00000000   Number         0  stm32f4xx_ltdc.o ABSOLUTE
    lib\src\stm32f4xx_pwr.c                  0x00000000   Number         0  stm32f4xx_pwr.o ABSOLUTE
    lib\src\stm32f4xx_qspi.c                 0x00000000   Number         0  stm32f4xx_qspi.o ABSOLUTE
    lib\src\stm32f4xx_rcc.c                  0x00000000   Number         0  stm32f4xx_rcc.o ABSOLUTE
    lib\src\stm32f4xx_rng.c                  0x00000000   Number         0  stm32f4xx_rng.o ABSOLUTE
    lib\src\stm32f4xx_rtc.c                  0x00000000   Number         0  stm32f4xx_rtc.o ABSOLUTE
    lib\src\stm32f4xx_sai.c                  0x00000000   Number         0  stm32f4xx_sai.o ABSOLUTE
    lib\src\stm32f4xx_sdio.c                 0x00000000   Number         0  stm32f4xx_sdio.o ABSOLUTE
    lib\src\stm32f4xx_spdifrx.c              0x00000000   Number         0  stm32f4xx_spdifrx.o ABSOLUTE
    lib\src\stm32f4xx_spi.c                  0x00000000   Number         0  stm32f4xx_spi.o ABSOLUTE
    lib\src\stm32f4xx_syscfg.c               0x00000000   Number         0  stm32f4xx_syscfg.o ABSOLUTE
    lib\src\stm32f4xx_tim.c                  0x00000000   Number         0  stm32f4xx_tim.o ABSOLUTE
    lib\src\stm32f4xx_usart.c                0x00000000   Number         0  stm32f4xx_usart.o ABSOLUTE
    lib\src\stm32f4xx_wwdg.c                 0x00000000   Number         0  stm32f4xx_wwdg.o ABSOLUTE
    stm32f4xx_it.c                           0x00000000   Number         0  stm32f4xx_it.o ABSOLUTE
    stm32f4xx_it.c                           0x00000000   Number         0  stm32f4xx_it.o ABSOLUTE
    RESET                                    0x08000000   Section      392  startup_stm32f40_41xxx.o(RESET)
    .ARM.Collect$$$$00000000                 0x08000188   Section        0  entry.o(.ARM.Collect$$$$00000000)
    .ARM.Collect$$$$00000001                 0x08000188   Section        4  entry2.o(.ARM.Collect$$$$00000001)
    .ARM.Collect$$$$00000004                 0x0800018c   Section        4  entry5.o(.ARM.Collect$$$$00000004)
    .ARM.Collect$$$$00000008                 0x08000190   Section        0  entry7b.o(.ARM.Collect$$$$00000008)
    .ARM.Collect$$$$0000000A                 0x08000190   Section        0  entry8b.o(.ARM.Collect$$$$0000000A)
    .ARM.Collect$$$$0000000B                 0x08000190   Section        8  entry9a.o(.ARM.Collect$$$$0000000B)
    .ARM.Collect$$$$0000000D                 0x08000198   Section        0  entry10a.o(.ARM.Collect$$$$0000000D)
    .ARM.Collect$$$$0000000F                 0x08000198   Section        0  entry11a.o(.ARM.Collect$$$$0000000F)
    .ARM.Collect$$$$00002712                 0x08000198   Section        4  entry2.o(.ARM.Collect$$$$00002712)
    __lit__00000000                          0x08000198   Data           4  entry2.o(.ARM.Collect$$$$00002712)
    .text                                    0x0800019c   Section       36  startup_stm32f40_41xxx.o(.text)
    $v0                                      0x0800019c   Number         0  startup_stm32f40_41xxx.o(.text)
    .text                                    0x080001c0   Section        0  ddiv.o(.text)
    .text                                    0x0800029e   Section        0  dfltui.o(.text)
    .text                                    0x080002b8   Section        0  d2f.o(.text)
    .text                                    0x080002f0   Section        0  fepilogue.o(.text)
    .text                                    0x080002f0   Section        0  iusefp.o(.text)
    .text                                    0x0800035e   Section        0  depilogue.o(.text)
    .text                                    0x08000418   Section       36  init.o(.text)
    .text                                    0x0800043c   Section        0  llshl.o(.text)
    .text                                    0x0800045a   Section        0  llushr.o(.text)
    i.BSP_GPIO_Init                          0x0800047a   Section        0  bsp_gpio.o(i.BSP_GPIO_Init)
    i.BSP_GPIO_RCC_Init                      0x08000508   Section        0  bsp_gpio.o(i.BSP_GPIO_RCC_Init)
    i.BusFault_Handler                       0x080005a4   Section        0  stm32f4xx_it.o(i.BusFault_Handler)
    i.DebugMon_Handler                       0x080005a8   Section        0  stm32f4xx_it.o(i.DebugMon_Handler)
    i.EXTI9_5_IRQHandler                     0x080005ac   Section        0  vl53l0x_it.o(i.EXTI9_5_IRQHandler)
    i.EXTI_ClearITPendingBit                 0x080005c0   Section        0  stm32f4xx_exti.o(i.EXTI_ClearITPendingBit)
    i.GPIO_Init                              0x080005cc   Section        0  stm32f4xx_gpio.o(i.GPIO_Init)
    i.GPIO_PinAFConfig                       0x0800065c   Section        0  stm32f4xx_gpio.o(i.GPIO_PinAFConfig)
    i.GPIO_Pin_TO_GPIO_PinSource             0x080006a2   Section        0  bsp_gpio.o(i.GPIO_Pin_TO_GPIO_PinSource)
    i.GPIO_Pin_TO_PinAFConfig                0x08000748   Section        0  bsp_gpio.o(i.GPIO_Pin_TO_PinAFConfig)
    i.GPIO_ResetBits                         0x08000762   Section        0  stm32f4xx_gpio.o(i.GPIO_ResetBits)
    i.GPIO_SetBits                           0x08000766   Section        0  stm32f4xx_gpio.o(i.GPIO_SetBits)
    i.GPIO_TO_EXTI_PinSource                 0x0800076a   Section        0  bsp_exit.o(i.GPIO_TO_EXTI_PinSource)
    i.GPIO_TO_EXTI_PortSource                0x08000810   Section        0  bsp_exit.o(i.GPIO_TO_EXTI_PortSource)
    i.Get_Distance                           0x080008a4   Section        0  driver_srf_05.o(i.Get_Distance)
    i.HardFault_Handler                      0x080008ec   Section        0  stm32f4xx_it.o(i.HardFault_Handler)
    i.Led_Init                               0x080008f0   Section        0  driver_led.o(i.Led_Init)
    i.Led_On                                 0x0800090c   Section        0  driver_led.o(i.Led_On)
    i.MemManage_Handler                      0x08000924   Section        0  stm32f4xx_it.o(i.MemManage_Handler)
    i.NMI_Handler                            0x08000928   Section        0  stm32f4xx_it.o(i.NMI_Handler)
    i.NVIC_Init                              0x0800092c   Section        0  misc.o(i.NVIC_Init)
    i.NVIC_PriorityGroupConfig               0x080009a4   Section        0  misc.o(i.NVIC_PriorityGroupConfig)
    i.PendSV_Handler                         0x080009b8   Section        0  stm32f4xx_it.o(i.PendSV_Handler)
    i.RCC_AHB1PeriphClockCmd                 0x080009bc   Section        0  stm32f4xx_rcc.o(i.RCC_AHB1PeriphClockCmd)
    i.RCC_APB2PeriphClockCmd                 0x080009dc   Section        0  stm32f4xx_rcc.o(i.RCC_APB2PeriphClockCmd)
    i.RCC_GetClocksFreq                      0x080009fc   Section        0  stm32f4xx_rcc.o(i.RCC_GetClocksFreq)
    i.SRF_05_Start                           0x08000ae4   Section        0  driver_srf_05.o(i.SRF_05_Start)
    i.SVC_Handler                            0x08000b20   Section        0  stm32f4xx_it.o(i.SVC_Handler)
    i.SetSysClock                            0x08000b24   Section        0  system_stm32f4xx.o(i.SetSysClock)
    SetSysClock                              0x08000b25   Thumb Code   220  system_stm32f4xx.o(i.SetSysClock)
    i.SysTick_CLKSourceConfig                0x08000c10   Section        0  misc.o(i.SysTick_CLKSourceConfig)
    i.SysTick_Handler                        0x08000c38   Section        0  stm32f4xx_it.o(i.SysTick_Handler)
    i.SystemInit                             0x08000c48   Section        0  system_stm32f4xx.o(i.SystemInit)
    i.TIM3_IRQHandler                        0x08000cb0   Section        0  driver_srf_05.o(i.TIM3_IRQHandler)
    i.TIM_ClearITPendingBit                  0x08000ccc   Section        0  stm32f4xx_tim.o(i.TIM_ClearITPendingBit)
    i.TIM_GetCounter                         0x08000cd2   Section        0  stm32f4xx_tim.o(i.TIM_GetCounter)
    i.TIM_GetITStatus                        0x08000cd8   Section        0  stm32f4xx_tim.o(i.TIM_GetITStatus)
    i.USART1_IRQHandler                      0x08000cfc   Section        0  isp_usart.o(i.USART1_IRQHandler)
    i.USART_Cmd                              0x08000d2c   Section        0  stm32f4xx_usart.o(i.USART_Cmd)
    i.USART_GetFlagStatus                    0x08000d44   Section        0  stm32f4xx_usart.o(i.USART_GetFlagStatus)
    i.USART_GetITStatus                      0x08000d5e   Section        0  stm32f4xx_usart.o(i.USART_GetITStatus)
    i.USART_ITConfig                         0x08000db2   Section        0  stm32f4xx_usart.o(i.USART_ITConfig)
    i.USART_Init                             0x08000dfc   Section        0  stm32f4xx_usart.o(i.USART_Init)
    i.USART_ReceiveData                      0x08000ed0   Section        0  stm32f4xx_usart.o(i.USART_ReceiveData)
    i.UsageFault_Handler                     0x08000eda   Section        0  stm32f4xx_it.o(i.UsageFault_Handler)
    i.__scatterload_copy                     0x08000ede   Section       14  handlers.o(i.__scatterload_copy)
    i.__scatterload_null                     0x08000eec   Section        2  handlers.o(i.__scatterload_null)
    i.__scatterload_zeroinit                 0x08000eee   Section       14  handlers.o(i.__scatterload_zeroinit)
    i.delay_init                             0x08000efc   Section        0  delay.o(i.delay_init)
    i.delay_us                               0x08000f38   Section        0  delay.o(i.delay_us)
    i.main                                   0x08000f84   Section        0  main.o(i.main)
    i.wifiControl                            0x08000fb0   Section        0  hj_usart.o(i.wifiControl)
    i.wifi_Init                              0x08000fe8   Section        0  hj_usart.o(i.wifi_Init)
    .constdata                               0x08001080   Section     1408  bsp_gpio.o(.constdata)
    .data                                    0x20000000   Section        4  delay.o(.data)
    fac_us                                   0x20000000   Data           1  delay.o(.data)
    fac_ms                                   0x20000002   Data           2  delay.o(.data)
    .data                                    0x20000004   Section       16  driver_servo.o(.data)
    .data                                    0x20000014   Section        1  isp_usart.o(.data)
    .data                                    0x20000015   Section       16  stm32f4xx_rcc.o(.data)
    APBAHBPrescTable                         0x20000015   Data          16  stm32f4xx_rcc.o(.data)
    .data                                    0x20000028   Section       13  vl53l0x_it.o(.data)
    .bss                                     0x20000038   Section       12  driver_srf_05.o(.bss)
    STACK                                    0x20000048   Section     1024  startup_stm32f40_41xxx.o(STACK)

    Global Symbols

    Symbol Name                              Value     Ov Type        Size  Object(Section)

    BuildAttributes$$THM_ISAv4$E$P$D$K$B$S$7EM$VFPi3$EXTD16$VFPS$VFMA$PE$A:L22UL41UL21$X:L11$S22US41US21$IEEE1$IW$USESV6$~STKCKD$USESV7$~SHL$OTIME$ROPI$EBA8$MICROLIB$REQ8$PRES8$EABIv2 0x00000000   Number         0  anon$$obj.o ABSOLUTE
    __ARM_use_no_argv                        0x00000000   Number         0  main.o ABSOLUTE
    _printf_a                                0x00000000   Number         0  stubs.o ABSOLUTE
    _printf_c                                0x00000000   Number         0  stubs.o ABSOLUTE
    _printf_charcount                        0x00000000   Number         0  stubs.o ABSOLUTE
    _printf_d                                0x00000000   Number         0  stubs.o ABSOLUTE
    _printf_e                                0x00000000   Number         0  stubs.o ABSOLUTE
    _printf_f                                0x00000000   Number         0  stubs.o ABSOLUTE
    _printf_flags                            0x00000000   Number         0  stubs.o ABSOLUTE
    _printf_fp_dec                           0x00000000   Number         0  stubs.o ABSOLUTE
    _printf_fp_hex                           0x00000000   Number         0  stubs.o ABSOLUTE
    _printf_g                                0x00000000   Number         0  stubs.o ABSOLUTE
    _printf_i                                0x00000000   Number         0  stubs.o ABSOLUTE
    _printf_int_dec                          0x00000000   Number         0  stubs.o ABSOLUTE
    _printf_l                                0x00000000   Number         0  stubs.o ABSOLUTE
    _printf_lc                               0x00000000   Number         0  stubs.o ABSOLUTE
    _printf_ll                               0x00000000   Number         0  stubs.o ABSOLUTE
    _printf_lld                              0x00000000   Number         0  stubs.o ABSOLUTE
    _printf_lli                              0x00000000   Number         0  stubs.o ABSOLUTE
    _printf_llo                              0x00000000   Number         0  stubs.o ABSOLUTE
    _printf_llu                              0x00000000   Number         0  stubs.o ABSOLUTE
    _printf_llx                              0x00000000   Number         0  stubs.o ABSOLUTE
    _printf_longlong_dec                     0x00000000   Number         0  stubs.o ABSOLUTE
    _printf_longlong_hex                     0x00000000   Number         0  stubs.o ABSOLUTE
    _printf_longlong_oct                     0x00000000   Number         0  stubs.o ABSOLUTE
    _printf_ls                               0x00000000   Number         0  stubs.o ABSOLUTE
    _printf_mbtowc                           0x00000000   Number         0  stubs.o ABSOLUTE
    _printf_n                                0x00000000   Number         0  stubs.o ABSOLUTE
    _printf_o                                0x00000000   Number         0  stubs.o ABSOLUTE
    _printf_p                                0x00000000   Number         0  stubs.o ABSOLUTE
    _printf_percent                          0x00000000   Number         0  stubs.o ABSOLUTE
    _printf_pre_padding                      0x00000000   Number         0  stubs.o ABSOLUTE
    _printf_return_value                     0x00000000   Number         0  stubs.o ABSOLUTE
    _printf_s                                0x00000000   Number         0  stubs.o ABSOLUTE
    _printf_sizespec                         0x00000000   Number         0  stubs.o ABSOLUTE
    _printf_str                              0x00000000   Number         0  stubs.o ABSOLUTE
    _printf_truncate_signed                  0x00000000   Number         0  stubs.o ABSOLUTE
    _printf_truncate_unsigned                0x00000000   Number         0  stubs.o ABSOLUTE
    _printf_u                                0x00000000   Number         0  stubs.o ABSOLUTE
    _printf_wc                               0x00000000   Number         0  stubs.o ABSOLUTE
    _printf_wctomb                           0x00000000   Number         0  stubs.o ABSOLUTE
    _printf_widthprec                        0x00000000   Number         0  stubs.o ABSOLUTE
    _printf_x                                0x00000000   Number         0  stubs.o ABSOLUTE
    __cpp_initialize__aeabi_                  - Undefined Weak Reference
    __cxa_finalize                            - Undefined Weak Reference
    __decompress                              - Undefined Weak Reference
    _clock_init                               - Undefined Weak Reference
    _microlib_exit                            - Undefined Weak Reference
    __Vectors_Size                           0x00000188   Number         0  startup_stm32f40_41xxx.o ABSOLUTE
    __Vectors                                0x08000000   Data           4  startup_stm32f40_41xxx.o(RESET)
    __Vectors_End                            0x08000188   Data           0  startup_stm32f40_41xxx.o(RESET)
    __main                                   0x08000189   Thumb Code     0  entry.o(.ARM.Collect$$$$00000000)
    _main_stk                                0x08000189   Thumb Code     0  entry2.o(.ARM.Collect$$$$00000001)
    _main_scatterload                        0x0800018d   Thumb Code     0  entry5.o(.ARM.Collect$$$$00000004)
    __main_after_scatterload                 0x08000191   Thumb Code     0  entry5.o(.ARM.Collect$$$$00000004)
    _main_clock                              0x08000191   Thumb Code     0  entry7b.o(.ARM.Collect$$$$00000008)
    _main_cpp_init                           0x08000191   Thumb Code     0  entry8b.o(.ARM.Collect$$$$0000000A)
    _main_init                               0x08000191   Thumb Code     0  entry9a.o(.ARM.Collect$$$$0000000B)
    __rt_final_cpp                           0x08000199   Thumb Code     0  entry10a.o(.ARM.Collect$$$$0000000D)
    __rt_final_exit                          0x08000199   Thumb Code     0  entry11a.o(.ARM.Collect$$$$0000000F)
    Reset_Handler                            0x0800019d   Thumb Code     8  startup_stm32f40_41xxx.o(.text)
    ADC_IRQHandler                           0x080001b7   Thumb Code     0  startup_stm32f40_41xxx.o(.text)
    CAN1_RX0_IRQHandler                      0x080001b7   Thumb Code     0  startup_stm32f40_41xxx.o(.text)
    CAN1_RX1_IRQHandler                      0x080001b7   Thumb Code     0  startup_stm32f40_41xxx.o(.text)
    CAN1_SCE_IRQHandler                      0x080001b7   Thumb Code     0  startup_stm32f40_41xxx.o(.text)
    CAN1_TX_IRQHandler                       0x080001b7   Thumb Code     0  startup_stm32f40_41xxx.o(.text)
    CAN2_RX0_IRQHandler                      0x080001b7   Thumb Code     0  startup_stm32f40_41xxx.o(.text)
    CAN2_RX1_IRQHandler                      0x080001b7   Thumb Code     0  startup_stm32f40_41xxx.o(.text)
    CAN2_SCE_IRQHandler                      0x080001b7   Thumb Code     0  startup_stm32f40_41xxx.o(.text)
    CAN2_TX_IRQHandler                       0x080001b7   Thumb Code     0  startup_stm32f40_41xxx.o(.text)
    CRYP_IRQHandler                          0x080001b7   Thumb Code     0  startup_stm32f40_41xxx.o(.text)
    DCMI_IRQHandler                          0x080001b7   Thumb Code     0  startup_stm32f40_41xxx.o(.text)
    DMA1_Stream0_IRQHandler                  0x080001b7   Thumb Code     0  startup_stm32f40_41xxx.o(.text)
    DMA1_Stream1_IRQHandler                  0x080001b7   Thumb Code     0  startup_stm32f40_41xxx.o(.text)
    DMA1_Stream2_IRQHandler                  0x080001b7   Thumb Code     0  startup_stm32f40_41xxx.o(.text)
    DMA1_Stream3_IRQHandler                  0x080001b7   Thumb Code     0  startup_stm32f40_41xxx.o(.text)
    DMA1_Stream4_IRQHandler                  0x080001b7   Thumb Code     0  startup_stm32f40_41xxx.o(.text)
    DMA1_Stream5_IRQHandler                  0x080001b7   Thumb Code     0  startup_stm32f40_41xxx.o(.text)
    DMA1_Stream6_IRQHandler                  0x080001b7   Thumb Code     0  startup_stm32f40_41xxx.o(.text)
    DMA1_Stream7_IRQHandler                  0x080001b7   Thumb Code     0  startup_stm32f40_41xxx.o(.text)
    DMA2_Stream0_IRQHandler                  0x080001b7   Thumb Code     0  startup_stm32f40_41xxx.o(.text)
    DMA2_Stream1_IRQHandler                  0x080001b7   Thumb Code     0  startup_stm32f40_41xxx.o(.text)
    DMA2_Stream2_IRQHandler                  0x080001b7   Thumb Code     0  startup_stm32f40_41xxx.o(.text)
    DMA2_Stream3_IRQHandler                  0x080001b7   Thumb Code     0  startup_stm32f40_41xxx.o(.text)
    DMA2_Stream4_IRQHandler                  0x080001b7   Thumb Code     0  startup_stm32f40_41xxx.o(.text)
    DMA2_Stream5_IRQHandler                  0x080001b7   Thumb Code     0  startup_stm32f40_41xxx.o(.text)
    DMA2_Stream6_IRQHandler                  0x080001b7   Thumb Code     0  startup_stm32f40_41xxx.o(.text)
    DMA2_Stream7_IRQHandler                  0x080001b7   Thumb Code     0  startup_stm32f40_41xxx.o(.text)
    ETH_IRQHandler                           0x080001b7   Thumb Code     0  startup_stm32f40_41xxx.o(.text)
    ETH_WKUP_IRQHandler                      0x080001b7   Thumb Code     0  startup_stm32f40_41xxx.o(.text)
    EXTI0_IRQHandler                         0x080001b7   Thumb Code     0  startup_stm32f40_41xxx.o(.text)
    EXTI15_10_IRQHandler                     0x080001b7   Thumb Code     0  startup_stm32f40_41xxx.o(.text)
    EXTI1_IRQHandler                         0x080001b7   Thumb Code     0  startup_stm32f40_41xxx.o(.text)
    EXTI2_IRQHandler                         0x080001b7   Thumb Code     0  startup_stm32f40_41xxx.o(.text)
    EXTI3_IRQHandler                         0x080001b7   Thumb Code     0  startup_stm32f40_41xxx.o(.text)
    EXTI4_IRQHandler                         0x080001b7   Thumb Code     0  startup_stm32f40_41xxx.o(.text)
    FLASH_IRQHandler                         0x080001b7   Thumb Code     0  startup_stm32f40_41xxx.o(.text)
    FPU_IRQHandler                           0x080001b7   Thumb Code     0  startup_stm32f40_41xxx.o(.text)
    FSMC_IRQHandler                          0x080001b7   Thumb Code     0  startup_stm32f40_41xxx.o(.text)
    HASH_RNG_IRQHandler                      0x080001b7   Thumb Code     0  startup_stm32f40_41xxx.o(.text)
    I2C1_ER_IRQHandler                       0x080001b7   Thumb Code     0  startup_stm32f40_41xxx.o(.text)
    I2C1_EV_IRQHandler                       0x080001b7   Thumb Code     0  startup_stm32f40_41xxx.o(.text)
    I2C2_ER_IRQHandler                       0x080001b7   Thumb Code     0  startup_stm32f40_41xxx.o(.text)
    I2C2_EV_IRQHandler                       0x080001b7   Thumb Code     0  startup_stm32f40_41xxx.o(.text)
    I2C3_ER_IRQHandler                       0x080001b7   Thumb Code     0  startup_stm32f40_41xxx.o(.text)
    I2C3_EV_IRQHandler                       0x080001b7   Thumb Code     0  startup_stm32f40_41xxx.o(.text)
    OTG_FS_IRQHandler                        0x080001b7   Thumb Code     0  startup_stm32f40_41xxx.o(.text)
    OTG_FS_WKUP_IRQHandler                   0x080001b7   Thumb Code     0  startup_stm32f40_41xxx.o(.text)
    OTG_HS_EP1_IN_IRQHandler                 0x080001b7   Thumb Code     0  startup_stm32f40_41xxx.o(.text)
    OTG_HS_EP1_OUT_IRQHandler                0x080001b7   Thumb Code     0  startup_stm32f40_41xxx.o(.text)
    OTG_HS_IRQHandler                        0x080001b7   Thumb Code     0  startup_stm32f40_41xxx.o(.text)
    OTG_HS_WKUP_IRQHandler                   0x080001b7   Thumb Code     0  startup_stm32f40_41xxx.o(.text)
    PVD_IRQHandler                           0x080001b7   Thumb Code     0  startup_stm32f40_41xxx.o(.text)
    RCC_IRQHandler                           0x080001b7   Thumb Code     0  startup_stm32f40_41xxx.o(.text)
    RTC_Alarm_IRQHandler                     0x080001b7   Thumb Code     0  startup_stm32f40_41xxx.o(.text)
    RTC_WKUP_IRQHandler                      0x080001b7   Thumb Code     0  startup_stm32f40_41xxx.o(.text)
    SDIO_IRQHandler                          0x080001b7   Thumb Code     0  startup_stm32f40_41xxx.o(.text)
    SPI1_IRQHandler                          0x080001b7   Thumb Code     0  startup_stm32f40_41xxx.o(.text)
    SPI2_IRQHandler                          0x080001b7   Thumb Code     0  startup_stm32f40_41xxx.o(.text)
    SPI3_IRQHandler                          0x080001b7   Thumb Code     0  startup_stm32f40_41xxx.o(.text)
    TAMP_STAMP_IRQHandler                    0x080001b7   Thumb Code     0  startup_stm32f40_41xxx.o(.text)
    TIM1_BRK_TIM9_IRQHandler                 0x080001b7   Thumb Code     0  startup_stm32f40_41xxx.o(.text)
    TIM1_CC_IRQHandler                       0x080001b7   Thumb Code     0  startup_stm32f40_41xxx.o(.text)
    TIM1_TRG_COM_TIM11_IRQHandler            0x080001b7   Thumb Code     0  startup_stm32f40_41xxx.o(.text)
    TIM1_UP_TIM10_IRQHandler                 0x080001b7   Thumb Code     0  startup_stm32f40_41xxx.o(.text)
    TIM2_IRQHandler                          0x080001b7   Thumb Code     0  startup_stm32f40_41xxx.o(.text)
    TIM4_IRQHandler                          0x080001b7   Thumb Code     0  startup_stm32f40_41xxx.o(.text)
    TIM5_IRQHandler                          0x080001b7   Thumb Code     0  startup_stm32f40_41xxx.o(.text)
    TIM6_DAC_IRQHandler                      0x080001b7   Thumb Code     0  startup_stm32f40_41xxx.o(.text)
    TIM7_IRQHandler                          0x080001b7   Thumb Code     0  startup_stm32f40_41xxx.o(.text)
    TIM8_BRK_TIM12_IRQHandler                0x080001b7   Thumb Code     0  startup_stm32f40_41xxx.o(.text)
    TIM8_CC_IRQHandler                       0x080001b7   Thumb Code     0  startup_stm32f40_41xxx.o(.text)
    TIM8_TRG_COM_TIM14_IRQHandler            0x080001b7   Thumb Code     0  startup_stm32f40_41xxx.o(.text)
    TIM8_UP_TIM13_IRQHandler                 0x080001b7   Thumb Code     0  startup_stm32f40_41xxx.o(.text)
    UART4_IRQHandler                         0x080001b7   Thumb Code     0  startup_stm32f40_41xxx.o(.text)
    UART5_IRQHandler                         0x080001b7   Thumb Code     0  startup_stm32f40_41xxx.o(.text)
    USART2_IRQHandler                        0x080001b7   Thumb Code     0  startup_stm32f40_41xxx.o(.text)
    USART3_IRQHandler                        0x080001b7   Thumb Code     0  startup_stm32f40_41xxx.o(.text)
    USART6_IRQHandler                        0x080001b7   Thumb Code     0  startup_stm32f40_41xxx.o(.text)
    WWDG_IRQHandler                          0x080001b7   Thumb Code     0  startup_stm32f40_41xxx.o(.text)
    __aeabi_ddiv                             0x080001c1   Thumb Code   222  ddiv.o(.text)
    __aeabi_ui2d                             0x0800029f   Thumb Code    26  dfltui.o(.text)
    __aeabi_d2f                              0x080002b9   Thumb Code    56  d2f.o(.text)
    __I$use$fp                               0x080002f1   Thumb Code     0  iusefp.o(.text)
    _float_round                             0x080002f1   Thumb Code    18  fepilogue.o(.text)
    _float_epilogue                          0x08000303   Thumb Code    92  fepilogue.o(.text)
    _double_round                            0x0800035f   Thumb Code    30  depilogue.o(.text)
    _double_epilogue                         0x0800037d   Thumb Code   156  depilogue.o(.text)
    __scatterload                            0x08000419   Thumb Code    28  init.o(.text)
    __scatterload_rt2                        0x08000419   Thumb Code     0  init.o(.text)
    __aeabi_llsl                             0x0800043d   Thumb Code    30  llshl.o(.text)
    _ll_shift_l                              0x0800043d   Thumb Code     0  llshl.o(.text)
    __aeabi_llsr                             0x0800045b   Thumb Code    32  llushr.o(.text)
    _ll_ushift_r                             0x0800045b   Thumb Code     0  llushr.o(.text)
    BSP_GPIO_Init                            0x0800047b   Thumb Code   140  bsp_gpio.o(i.BSP_GPIO_Init)
    BSP_GPIO_RCC_Init                        0x08000509   Thumb Code   120  bsp_gpio.o(i.BSP_GPIO_RCC_Init)
    BusFault_Handler                         0x080005a5   Thumb Code     4  stm32f4xx_it.o(i.BusFault_Handler)
    DebugMon_Handler                         0x080005a9   Thumb Code     2  stm32f4xx_it.o(i.DebugMon_Handler)
    EXTI9_5_IRQHandler                       0x080005ad   Thumb Code    16  vl53l0x_it.o(i.EXTI9_5_IRQHandler)
    EXTI_ClearITPendingBit                   0x080005c1   Thumb Code     6  stm32f4xx_exti.o(i.EXTI_ClearITPendingBit)
    GPIO_Init                                0x080005cd   Thumb Code   144  stm32f4xx_gpio.o(i.GPIO_Init)
    GPIO_PinAFConfig                         0x0800065d   Thumb Code    70  stm32f4xx_gpio.o(i.GPIO_PinAFConfig)
    GPIO_Pin_TO_GPIO_PinSource               0x080006a3   Thumb Code   166  bsp_gpio.o(i.GPIO_Pin_TO_GPIO_PinSource)
    GPIO_Pin_TO_PinAFConfig                  0x08000749   Thumb Code    26  bsp_gpio.o(i.GPIO_Pin_TO_PinAFConfig)
    GPIO_ResetBits                           0x08000763   Thumb Code     4  stm32f4xx_gpio.o(i.GPIO_ResetBits)
    GPIO_SetBits                             0x08000767   Thumb Code     4  stm32f4xx_gpio.o(i.GPIO_SetBits)
    GPIO_TO_EXTI_PinSource                   0x0800076b   Thumb Code   166  bsp_exit.o(i.GPIO_TO_EXTI_PinSource)
    GPIO_TO_EXTI_PortSource                  0x08000811   Thumb Code   110  bsp_exit.o(i.GPIO_TO_EXTI_PortSource)
    Get_Distance                             0x080008a5   Thumb Code    54  driver_srf_05.o(i.Get_Distance)
    HardFault_Handler                        0x080008ed   Thumb Code     4  stm32f4xx_it.o(i.HardFault_Handler)
    Led_Init                                 0x080008f1   Thumb Code    20  driver_led.o(i.Led_Init)
    Led_On                                   0x0800090d   Thumb Code    14  driver_led.o(i.Led_On)
    MemManage_Handler                        0x08000925   Thumb Code     4  stm32f4xx_it.o(i.MemManage_Handler)
    NMI_Handler                              0x08000929   Thumb Code     2  stm32f4xx_it.o(i.NMI_Handler)
    NVIC_Init                                0x0800092d   Thumb Code   106  misc.o(i.NVIC_Init)
    NVIC_PriorityGroupConfig                 0x080009a5   Thumb Code    10  misc.o(i.NVIC_PriorityGroupConfig)
    PendSV_Handler                           0x080009b9   Thumb Code     2  stm32f4xx_it.o(i.PendSV_Handler)
    RCC_AHB1PeriphClockCmd                   0x080009bd   Thumb Code    26  stm32f4xx_rcc.o(i.RCC_AHB1PeriphClockCmd)
    RCC_APB2PeriphClockCmd                   0x080009dd   Thumb Code    26  stm32f4xx_rcc.o(i.RCC_APB2PeriphClockCmd)
    RCC_GetClocksFreq                        0x080009fd   Thumb Code   214  stm32f4xx_rcc.o(i.RCC_GetClocksFreq)
    SRF_05_Start                             0x08000ae5   Thumb Code    54  driver_srf_05.o(i.SRF_05_Start)
    SVC_Handler                              0x08000b21   Thumb Code     2  stm32f4xx_it.o(i.SVC_Handler)
    SysTick_CLKSourceConfig                  0x08000c11   Thumb Code    40  misc.o(i.SysTick_CLKSourceConfig)
    SysTick_Handler                          0x08000c39   Thumb Code    16  stm32f4xx_it.o(i.SysTick_Handler)
    SystemInit                               0x08000c49   Thumb Code    88  system_stm32f4xx.o(i.SystemInit)
    TIM3_IRQHandler                          0x08000cb1   Thumb Code    22  driver_srf_05.o(i.TIM3_IRQHandler)
    TIM_ClearITPendingBit                    0x08000ccd   Thumb Code     6  stm32f4xx_tim.o(i.TIM_ClearITPendingBit)
    TIM_GetCounter                           0x08000cd3   Thumb Code     6  stm32f4xx_tim.o(i.TIM_GetCounter)
    TIM_GetITStatus                          0x08000cd9   Thumb Code    34  stm32f4xx_tim.o(i.TIM_GetITStatus)
    USART1_IRQHandler                        0x08000cfd   Thumb Code    40  isp_usart.o(i.USART1_IRQHandler)
    USART_Cmd                                0x08000d2d   Thumb Code    24  stm32f4xx_usart.o(i.USART_Cmd)
    USART_GetFlagStatus                      0x08000d45   Thumb Code    26  stm32f4xx_usart.o(i.USART_GetFlagStatus)
    USART_GetITStatus                        0x08000d5f   Thumb Code    84  stm32f4xx_usart.o(i.USART_GetITStatus)
    USART_ITConfig                           0x08000db3   Thumb Code    74  stm32f4xx_usart.o(i.USART_ITConfig)
    USART_Init                               0x08000dfd   Thumb Code   204  stm32f4xx_usart.o(i.USART_Init)
    USART_ReceiveData                        0x08000ed1   Thumb Code    10  stm32f4xx_usart.o(i.USART_ReceiveData)
    UsageFault_Handler                       0x08000edb   Thumb Code     4  stm32f4xx_it.o(i.UsageFault_Handler)
    __scatterload_copy                       0x08000edf   Thumb Code    14  handlers.o(i.__scatterload_copy)
    __scatterload_null                       0x08000eed   Thumb Code     2  handlers.o(i.__scatterload_null)
    __scatterload_zeroinit                   0x08000eef   Thumb Code    14  handlers.o(i.__scatterload_zeroinit)
    delay_init                               0x08000efd   Thumb Code    52  delay.o(i.delay_init)
    delay_us                                 0x08000f39   Thumb Code    72  delay.o(i.delay_us)
    main                                     0x08000f85   Thumb Code    38  main.o(i.main)
    wifiControl                              0x08000fb1   Thumb Code    46  hj_usart.o(i.wifiControl)
    wifi_Init                                0x08000fe9   Thumb Code   136  hj_usart.o(i.wifi_Init)
    BSP_GPIOA0_Base                          0x08001080   Data           8  bsp_gpio.o(.constdata)
    BSP_GPIOA1_Base                          0x08001088   Data           8  bsp_gpio.o(.constdata)
    BSP_GPIOA2_Base                          0x08001090   Data           8  bsp_gpio.o(.constdata)
    BSP_GPIOA3_Base                          0x08001098   Data           8  bsp_gpio.o(.constdata)
    BSP_GPIOA4_Base                          0x080010a0   Data           8  bsp_gpio.o(.constdata)
    BSP_GPIOA5_Base                          0x080010a8   Data           8  bsp_gpio.o(.constdata)
    BSP_GPIOA6_Base                          0x080010b0   Data           8  bsp_gpio.o(.constdata)
    BSP_GPIOA7_Base                          0x080010b8   Data           8  bsp_gpio.o(.constdata)
    BSP_GPIOA8_Base                          0x080010c0   Data           8  bsp_gpio.o(.constdata)
    BSP_GPIOA9_Base                          0x080010c8   Data           8  bsp_gpio.o(.constdata)
    BSP_GPIOA10_Base                         0x080010d0   Data           8  bsp_gpio.o(.constdata)
    BSP_GPIOA11_Base                         0x080010d8   Data           8  bsp_gpio.o(.constdata)
    BSP_GPIOA12_Base                         0x080010e0   Data           8  bsp_gpio.o(.constdata)
    BSP_GPIOA13_Base                         0x080010e8   Data           8  bsp_gpio.o(.constdata)
    BSP_GPIOA14_Base                         0x080010f0   Data           8  bsp_gpio.o(.constdata)
    BSP_GPIOA15_Base                         0x080010f8   Data           8  bsp_gpio.o(.constdata)
    BSP_GPIOB0_Base                          0x08001100   Data           8  bsp_gpio.o(.constdata)
    BSP_GPIOB1_Base                          0x08001108   Data           8  bsp_gpio.o(.constdata)
    BSP_GPIOB2_Base                          0x08001110   Data           8  bsp_gpio.o(.constdata)
    BSP_GPIOB3_Base                          0x08001118   Data           8  bsp_gpio.o(.constdata)
    BSP_GPIOB4_Base                          0x08001120   Data           8  bsp_gpio.o(.constdata)
    BSP_GPIOB5_Base                          0x08001128   Data           8  bsp_gpio.o(.constdata)
    BSP_GPIOB6_Base                          0x08001130   Data           8  bsp_gpio.o(.constdata)
    BSP_GPIOB7_Base                          0x08001138   Data           8  bsp_gpio.o(.constdata)
    BSP_GPIOB8_Base                          0x08001140   Data           8  bsp_gpio.o(.constdata)
    BSP_GPIOB9_Base                          0x08001148   Data           8  bsp_gpio.o(.constdata)
    BSP_GPIOB10_Base                         0x08001150   Data           8  bsp_gpio.o(.constdata)
    BSP_GPIOB11_Base                         0x08001158   Data           8  bsp_gpio.o(.constdata)
    BSP_GPIOB12_Base                         0x08001160   Data           8  bsp_gpio.o(.constdata)
    BSP_GPIOB13_Base                         0x08001168   Data           8  bsp_gpio.o(.constdata)
    BSP_GPIOB14_Base                         0x08001170   Data           8  bsp_gpio.o(.constdata)
    BSP_GPIOB15_Base                         0x08001178   Data           8  bsp_gpio.o(.constdata)
    BSP_GPIOC0_Base                          0x08001180   Data           8  bsp_gpio.o(.constdata)
    BSP_GPIOC1_Base                          0x08001188   Data           8  bsp_gpio.o(.constdata)
    BSP_GPIOC2_Base                          0x08001190   Data           8  bsp_gpio.o(.constdata)
    BSP_GPIOC3_Base                          0x08001198   Data           8  bsp_gpio.o(.constdata)
    BSP_GPIOC4_Base                          0x080011a0   Data           8  bsp_gpio.o(.constdata)
    BSP_GPIOC5_Base                          0x080011a8   Data           8  bsp_gpio.o(.constdata)
    BSP_GPIOC6_Base                          0x080011b0   Data           8  bsp_gpio.o(.constdata)
    BSP_GPIOC7_Base                          0x080011b8   Data           8  bsp_gpio.o(.constdata)
    BSP_GPIOC8_Base                          0x080011c0   Data           8  bsp_gpio.o(.constdata)
    BSP_GPIOC9_Base                          0x080011c8   Data           8  bsp_gpio.o(.constdata)
    BSP_GPIOC10_Base                         0x080011d0   Data           8  bsp_gpio.o(.constdata)
    BSP_GPIOC11_Base                         0x080011d8   Data           8  bsp_gpio.o(.constdata)
    BSP_GPIOC12_Base                         0x080011e0   Data           8  bsp_gpio.o(.constdata)
    BSP_GPIOC13_Base                         0x080011e8   Data           8  bsp_gpio.o(.constdata)
    BSP_GPIOC14_Base                         0x080011f0   Data           8  bsp_gpio.o(.constdata)
    BSP_GPIOC15_Base                         0x080011f8   Data           8  bsp_gpio.o(.constdata)
    BSP_GPIOD0_Base                          0x08001200   Data           8  bsp_gpio.o(.constdata)
    BSP_GPIOD1_Base                          0x08001208   Data           8  bsp_gpio.o(.constdata)
    BSP_GPIOD2_Base                          0x08001210   Data           8  bsp_gpio.o(.constdata)
    BSP_GPIOD3_Base                          0x08001218   Data           8  bsp_gpio.o(.constdata)
    BSP_GPIOD4_Base                          0x08001220   Data           8  bsp_gpio.o(.constdata)
    BSP_GPIOD5_Base                          0x08001228   Data           8  bsp_gpio.o(.constdata)
    BSP_GPIOD6_Base                          0x08001230   Data           8  bsp_gpio.o(.constdata)
    BSP_GPIOD7_Base                          0x08001238   Data           8  bsp_gpio.o(.constdata)
    BSP_GPIOD8_Base                          0x08001240   Data           8  bsp_gpio.o(.constdata)
    BSP_GPIOD9_Base                          0x08001248   Data           8  bsp_gpio.o(.constdata)
    BSP_GPIOD10_Base                         0x08001250   Data           8  bsp_gpio.o(.constdata)
    BSP_GPIOD11_Base                         0x08001258   Data           8  bsp_gpio.o(.constdata)
    BSP_GPIOD12_Base                         0x08001260   Data           8  bsp_gpio.o(.constdata)
    BSP_GPIOD13_Base                         0x08001268   Data           8  bsp_gpio.o(.constdata)
    BSP_GPIOD14_Base                         0x08001270   Data           8  bsp_gpio.o(.constdata)
    BSP_GPIOD15_Base                         0x08001278   Data           8  bsp_gpio.o(.constdata)
    BSP_GPIOE0_Base                          0x08001280   Data           8  bsp_gpio.o(.constdata)
    BSP_GPIOE1_Base                          0x08001288   Data           8  bsp_gpio.o(.constdata)
    BSP_GPIOE2_Base                          0x08001290   Data           8  bsp_gpio.o(.constdata)
    BSP_GPIOE3_Base                          0x08001298   Data           8  bsp_gpio.o(.constdata)
    BSP_GPIOE4_Base                          0x080012a0   Data           8  bsp_gpio.o(.constdata)
    BSP_GPIOE5_Base                          0x080012a8   Data           8  bsp_gpio.o(.constdata)
    BSP_GPIOE6_Base                          0x080012b0   Data           8  bsp_gpio.o(.constdata)
    BSP_GPIOE7_Base                          0x080012b8   Data           8  bsp_gpio.o(.constdata)
    BSP_GPIOE8_Base                          0x080012c0   Data           8  bsp_gpio.o(.constdata)
    BSP_GPIOE9_Base                          0x080012c8   Data           8  bsp_gpio.o(.constdata)
    BSP_GPIOE10_Base                         0x080012d0   Data           8  bsp_gpio.o(.constdata)
    BSP_GPIOE11_Base                         0x080012d8   Data           8  bsp_gpio.o(.constdata)
    BSP_GPIOE12_Base                         0x080012e0   Data           8  bsp_gpio.o(.constdata)
    BSP_GPIOE13_Base                         0x080012e8   Data           8  bsp_gpio.o(.constdata)
    BSP_GPIOE14_Base                         0x080012f0   Data           8  bsp_gpio.o(.constdata)
    BSP_GPIOE15_Base                         0x080012f8   Data           8  bsp_gpio.o(.constdata)
    BSP_GPIOF0_Base                          0x08001300   Data           8  bsp_gpio.o(.constdata)
    BSP_GPIOF1_Base                          0x08001308   Data           8  bsp_gpio.o(.constdata)
    BSP_GPIOF2_Base                          0x08001310   Data           8  bsp_gpio.o(.constdata)
    BSP_GPIOF3_Base                          0x08001318   Data           8  bsp_gpio.o(.constdata)
    BSP_GPIOF4_Base                          0x08001320   Data           8  bsp_gpio.o(.constdata)
    BSP_GPIOF5_Base                          0x08001328   Data           8  bsp_gpio.o(.constdata)
    BSP_GPIOF6_Base                          0x08001330   Data           8  bsp_gpio.o(.constdata)
    BSP_GPIOF7_Base                          0x08001338   Data           8  bsp_gpio.o(.constdata)
    BSP_GPIOF8_Base                          0x08001340   Data           8  bsp_gpio.o(.constdata)
    BSP_GPIOF9_Base                          0x08001348   Data           8  bsp_gpio.o(.constdata)
    BSP_GPIOF10_Base                         0x08001350   Data           8  bsp_gpio.o(.constdata)
    BSP_GPIOF11_Base                         0x08001358   Data           8  bsp_gpio.o(.constdata)
    BSP_GPIOF12_Base                         0x08001360   Data           8  bsp_gpio.o(.constdata)
    BSP_GPIOF13_Base                         0x08001368   Data           8  bsp_gpio.o(.constdata)
    BSP_GPIOF14_Base                         0x08001370   Data           8  bsp_gpio.o(.constdata)
    BSP_GPIOF15_Base                         0x08001378   Data           8  bsp_gpio.o(.constdata)
    BSP_GPIOG0_Base                          0x08001380   Data           8  bsp_gpio.o(.constdata)
    BSP_GPIOG1_Base                          0x08001388   Data           8  bsp_gpio.o(.constdata)
    BSP_GPIOG2_Base                          0x08001390   Data           8  bsp_gpio.o(.constdata)
    BSP_GPIOG3_Base                          0x08001398   Data           8  bsp_gpio.o(.constdata)
    BSP_GPIOG4_Base                          0x080013a0   Data           8  bsp_gpio.o(.constdata)
    BSP_GPIOG5_Base                          0x080013a8   Data           8  bsp_gpio.o(.constdata)
    BSP_GPIOG6_Base                          0x080013b0   Data           8  bsp_gpio.o(.constdata)
    BSP_GPIOG7_Base                          0x080013b8   Data           8  bsp_gpio.o(.constdata)
    BSP_GPIOG8_Base                          0x080013c0   Data           8  bsp_gpio.o(.constdata)
    BSP_GPIOG9_Base                          0x080013c8   Data           8  bsp_gpio.o(.constdata)
    BSP_GPIOG10_Base                         0x080013d0   Data           8  bsp_gpio.o(.constdata)
    BSP_GPIOG11_Base                         0x080013d8   Data           8  bsp_gpio.o(.constdata)
    BSP_GPIOG12_Base                         0x080013e0   Data           8  bsp_gpio.o(.constdata)
    BSP_GPIOG13_Base                         0x080013e8   Data           8  bsp_gpio.o(.constdata)
    BSP_GPIOG14_Base                         0x080013f0   Data           8  bsp_gpio.o(.constdata)
    BSP_GPIOG15_Base                         0x080013f8   Data           8  bsp_gpio.o(.constdata)
    BSP_GPIOH0_Base                          0x08001400   Data           8  bsp_gpio.o(.constdata)
    BSP_GPIOH1_Base                          0x08001408   Data           8  bsp_gpio.o(.constdata)
    BSP_GPIOH2_Base                          0x08001410   Data           8  bsp_gpio.o(.constdata)
    BSP_GPIOH3_Base                          0x08001418   Data           8  bsp_gpio.o(.constdata)
    BSP_GPIOH4_Base                          0x08001420   Data           8  bsp_gpio.o(.constdata)
    BSP_GPIOH5_Base                          0x08001428   Data           8  bsp_gpio.o(.constdata)
    BSP_GPIOH6_Base                          0x08001430   Data           8  bsp_gpio.o(.constdata)
    BSP_GPIOH7_Base                          0x08001438   Data           8  bsp_gpio.o(.constdata)
    BSP_GPIOH8_Base                          0x08001440   Data           8  bsp_gpio.o(.constdata)
    BSP_GPIOH9_Base                          0x08001448   Data           8  bsp_gpio.o(.constdata)
    BSP_GPIOH10_Base                         0x08001450   Data           8  bsp_gpio.o(.constdata)
    BSP_GPIOH11_Base                         0x08001458   Data           8  bsp_gpio.o(.constdata)
    BSP_GPIOH12_Base                         0x08001460   Data           8  bsp_gpio.o(.constdata)
    BSP_GPIOH13_Base                         0x08001468   Data           8  bsp_gpio.o(.constdata)
    BSP_GPIOH14_Base                         0x08001470   Data           8  bsp_gpio.o(.constdata)
    BSP_GPIOH15_Base                         0x08001478   Data           8  bsp_gpio.o(.constdata)
    BSP_GPIOI0_Base                          0x08001480   Data           8  bsp_gpio.o(.constdata)
    BSP_GPIOI1_Base                          0x08001488   Data           8  bsp_gpio.o(.constdata)
    BSP_GPIOI2_Base                          0x08001490   Data           8  bsp_gpio.o(.constdata)
    BSP_GPIOI3_Base                          0x08001498   Data           8  bsp_gpio.o(.constdata)
    BSP_GPIOI4_Base                          0x080014a0   Data           8  bsp_gpio.o(.constdata)
    BSP_GPIOI5_Base                          0x080014a8   Data           8  bsp_gpio.o(.constdata)
    BSP_GPIOI6_Base                          0x080014b0   Data           8  bsp_gpio.o(.constdata)
    BSP_GPIOI7_Base                          0x080014b8   Data           8  bsp_gpio.o(.constdata)
    BSP_GPIOI8_Base                          0x080014c0   Data           8  bsp_gpio.o(.constdata)
    BSP_GPIOI9_Base                          0x080014c8   Data           8  bsp_gpio.o(.constdata)
    BSP_GPIOI10_Base                         0x080014d0   Data           8  bsp_gpio.o(.constdata)
    BSP_GPIOI11_Base                         0x080014d8   Data           8  bsp_gpio.o(.constdata)
    BSP_GPIOI12_Base                         0x080014e0   Data           8  bsp_gpio.o(.constdata)
    BSP_GPIOI13_Base                         0x080014e8   Data           8  bsp_gpio.o(.constdata)
    BSP_GPIOI14_Base                         0x080014f0   Data           8  bsp_gpio.o(.constdata)
    BSP_GPIOI15_Base                         0x080014f8   Data           8  bsp_gpio.o(.constdata)
    BSP_GPIOJ0_Base                          0x08001500   Data           8  bsp_gpio.o(.constdata)
    BSP_GPIOJ1_Base                          0x08001508   Data           8  bsp_gpio.o(.constdata)
    BSP_GPIOJ2_Base                          0x08001510   Data           8  bsp_gpio.o(.constdata)
    BSP_GPIOJ3_Base                          0x08001518   Data           8  bsp_gpio.o(.constdata)
    BSP_GPIOJ4_Base                          0x08001520   Data           8  bsp_gpio.o(.constdata)
    BSP_GPIOJ5_Base                          0x08001528   Data           8  bsp_gpio.o(.constdata)
    BSP_GPIOJ6_Base                          0x08001530   Data           8  bsp_gpio.o(.constdata)
    BSP_GPIOJ7_Base                          0x08001538   Data           8  bsp_gpio.o(.constdata)
    BSP_GPIOJ8_Base                          0x08001540   Data           8  bsp_gpio.o(.constdata)
    BSP_GPIOJ9_Base                          0x08001548   Data           8  bsp_gpio.o(.constdata)
    BSP_GPIOJ10_Base                         0x08001550   Data           8  bsp_gpio.o(.constdata)
    BSP_GPIOJ11_Base                         0x08001558   Data           8  bsp_gpio.o(.constdata)
    BSP_GPIOJ12_Base                         0x08001560   Data           8  bsp_gpio.o(.constdata)
    BSP_GPIOJ13_Base                         0x08001568   Data           8  bsp_gpio.o(.constdata)
    BSP_GPIOJ14_Base                         0x08001570   Data           8  bsp_gpio.o(.constdata)
    BSP_GPIOJ15_Base                         0x08001578   Data           8  bsp_gpio.o(.constdata)
    BSP_GPIOK0_Base                          0x08001580   Data           8  bsp_gpio.o(.constdata)
    BSP_GPIOK1_Base                          0x08001588   Data           8  bsp_gpio.o(.constdata)
    BSP_GPIOK2_Base                          0x08001590   Data           8  bsp_gpio.o(.constdata)
    BSP_GPIOK3_Base                          0x08001598   Data           8  bsp_gpio.o(.constdata)
    BSP_GPIOK4_Base                          0x080015a0   Data           8  bsp_gpio.o(.constdata)
    BSP_GPIOK5_Base                          0x080015a8   Data           8  bsp_gpio.o(.constdata)
    BSP_GPIOK6_Base                          0x080015b0   Data           8  bsp_gpio.o(.constdata)
    BSP_GPIOK7_Base                          0x080015b8   Data           8  bsp_gpio.o(.constdata)
    BSP_GPIOK8_Base                          0x080015c0   Data           8  bsp_gpio.o(.constdata)
    BSP_GPIOK9_Base                          0x080015c8   Data           8  bsp_gpio.o(.constdata)
    BSP_GPIOK10_Base                         0x080015d0   Data           8  bsp_gpio.o(.constdata)
    BSP_GPIOK11_Base                         0x080015d8   Data           8  bsp_gpio.o(.constdata)
    BSP_GPIOK12_Base                         0x080015e0   Data           8  bsp_gpio.o(.constdata)
    BSP_GPIOK13_Base                         0x080015e8   Data           8  bsp_gpio.o(.constdata)
    BSP_GPIOK14_Base                         0x080015f0   Data           8  bsp_gpio.o(.constdata)
    BSP_GPIOK15_Base                         0x080015f8   Data           8  bsp_gpio.o(.constdata)
    Region$$Table$$Base                      0x08001600   Number         0  anon$$obj.o(Region$$Table)
    Region$$Table$$Limit                     0x08001620   Number         0  anon$$obj.o(Region$$Table)
    servo1Data                               0x20000004   Data           8  driver_servo.o(.data)
    servo2Data                               0x2000000c   Data           8  driver_servo.o(.data)
    command                                  0x20000014   Data           1  isp_usart.o(.data)
    AlarmModes                               0x20000028   Data          12  vl53l0x_it.o(.data)
    alarm_flag                               0x20000034   Data           1  vl53l0x_it.o(.data)
    SRF_05_Data                              0x20000038   Data          12  driver_srf_05.o(.bss)
    __initial_sp                             0x20000448   Data           0  startup_stm32f40_41xxx.o(STACK)



==============================================================================

Memory Map of the image

  Image Entry point : 0x08000189

  Load Region LR_IROM1 (Base: 0x08000000, Size: 0x00001658, Max: 0x00100000, ABSOLUTE)

    Execution Region ER_IROM1 (Exec base: 0x08000000, Load base: 0x08000000, Size: 0x00001620, Max: 0x00100000, ABSOLUTE)

    Exec Addr    Load Addr    Size         Type   Attr      Idx    E Section Name        Object

    0x08000000   0x08000000   0x00000188   Data   RO          620    RESET               startup_stm32f40_41xxx.o
    0x08000188   0x08000188   0x00000000   Code   RO         7403  * .ARM.Collect$$$$00000000  mc_w.l(entry.o)
    0x08000188   0x08000188   0x00000004   Code   RO         7681    .ARM.Collect$$$$00000001  mc_w.l(entry2.o)
    0x0800018c   0x0800018c   0x00000004   Code   RO         7684    .ARM.Collect$$$$00000004  mc_w.l(entry5.o)
    0x08000190   0x08000190   0x00000000   Code   RO         7686    .ARM.Collect$$$$00000008  mc_w.l(entry7b.o)
    0x08000190   0x08000190   0x00000000   Code   RO         7688    .ARM.Collect$$$$0000000A  mc_w.l(entry8b.o)
    0x08000190   0x08000190   0x00000008   Code   RO         7689    .ARM.Collect$$$$0000000B  mc_w.l(entry9a.o)
    0x08000198   0x08000198   0x00000000   Code   RO         7691    .ARM.Collect$$$$0000000D  mc_w.l(entry10a.o)
    0x08000198   0x08000198   0x00000000   Code   RO         7693    .ARM.Collect$$$$0000000F  mc_w.l(entry11a.o)
    0x08000198   0x08000198   0x00000004   Code   RO         7682    .ARM.Collect$$$$00002712  mc_w.l(entry2.o)
    0x0800019c   0x0800019c   0x00000024   Code   RO          621    .text               startup_stm32f40_41xxx.o
    0x080001c0   0x080001c0   0x000000de   Code   RO         7675    .text               mf_w.l(ddiv.o)
    0x0800029e   0x0800029e   0x0000001a   Code   RO         7677    .text               mf_w.l(dfltui.o)
    0x080002b8   0x080002b8   0x00000038   Code   RO         7679    .text               mf_w.l(d2f.o)
    0x080002f0   0x080002f0   0x00000000   Code   RO         7702    .text               mc_w.l(iusefp.o)
    0x080002f0   0x080002f0   0x0000006e   Code   RO         7703    .text               mf_w.l(fepilogue.o)
    0x0800035e   0x0800035e   0x000000ba   Code   RO         7705    .text               mf_w.l(depilogue.o)
    0x08000418   0x08000418   0x00000024   Code   RO         7715    .text               mc_w.l(init.o)
    0x0800043c   0x0800043c   0x0000001e   Code   RO         7718    .text               mc_w.l(llshl.o)
    0x0800045a   0x0800045a   0x00000020   Code   RO         7720    .text               mc_w.l(llushr.o)
    0x0800047a   0x0800047a   0x0000008c   Code   RO          220    i.BSP_GPIO_Init     bsp_gpio.o
    0x08000506   0x08000506   0x00000002   PAD
    0x08000508   0x08000508   0x0000009c   Code   RO          221    i.BSP_GPIO_RCC_Init  bsp_gpio.o
    0x080005a4   0x080005a4   0x00000004   Code   RO         5674    i.BusFault_Handler  stm32f4xx_it.o
    0x080005a8   0x080005a8   0x00000002   Code   RO         5675    i.DebugMon_Handler  stm32f4xx_it.o
    0x080005aa   0x080005aa   0x00000002   PAD
    0x080005ac   0x080005ac   0x00000014   Code   RO         5979    i.EXTI9_5_IRQHandler  vl53l0x_it.o
    0x080005c0   0x080005c0   0x0000000c   Code   RO         2031    i.EXTI_ClearITPendingBit  stm32f4xx_exti.o
    0x080005cc   0x080005cc   0x00000090   Code   RO         2544    i.GPIO_Init         stm32f4xx_gpio.o
    0x0800065c   0x0800065c   0x00000046   Code   RO         2545    i.GPIO_PinAFConfig  stm32f4xx_gpio.o
    0x080006a2   0x080006a2   0x000000a6   Code   RO          222    i.GPIO_Pin_TO_GPIO_PinSource  bsp_gpio.o
    0x08000748   0x08000748   0x0000001a   Code   RO          223    i.GPIO_Pin_TO_PinAFConfig  bsp_gpio.o
    0x08000762   0x08000762   0x00000004   Code   RO         2551    i.GPIO_ResetBits    stm32f4xx_gpio.o
    0x08000766   0x08000766   0x00000004   Code   RO         2552    i.GPIO_SetBits      stm32f4xx_gpio.o
    0x0800076a   0x0800076a   0x000000a6   Code   RO          368    i.GPIO_TO_EXTI_PinSource  bsp_exit.o
    0x08000810   0x08000810   0x00000094   Code   RO          369    i.GPIO_TO_EXTI_PortSource  bsp_exit.o
    0x080008a4   0x080008a4   0x00000048   Code   RO          416    i.Get_Distance      driver_srf_05.o
    0x080008ec   0x080008ec   0x00000004   Code   RO         5676    i.HardFault_Handler  stm32f4xx_it.o
    0x080008f0   0x080008f0   0x0000001c   Code   RO          525    i.Led_Init          driver_led.o
    0x0800090c   0x0800090c   0x00000018   Code   RO          526    i.Led_On            driver_led.o
    0x08000924   0x08000924   0x00000004   Code   RO         5677    i.MemManage_Handler  stm32f4xx_it.o
    0x08000928   0x08000928   0x00000002   Code   RO         5678    i.NMI_Handler       stm32f4xx_it.o
    0x0800092a   0x0800092a   0x00000002   PAD
    0x0800092c   0x0800092c   0x00000078   Code   RO          669    i.NVIC_Init         misc.o
    0x080009a4   0x080009a4   0x00000014   Code   RO          670    i.NVIC_PriorityGroupConfig  misc.o
    0x080009b8   0x080009b8   0x00000002   Code   RO         5679    i.PendSV_Handler    stm32f4xx_it.o
    0x080009ba   0x080009ba   0x00000002   PAD
    0x080009bc   0x080009bc   0x00000020   Code   RO         3470    i.RCC_AHB1PeriphClockCmd  stm32f4xx_rcc.o
    0x080009dc   0x080009dc   0x00000020   Code   RO         3482    i.RCC_APB2PeriphClockCmd  stm32f4xx_rcc.o
    0x080009fc   0x080009fc   0x000000e8   Code   RO         3491    i.RCC_GetClocksFreq  stm32f4xx_rcc.o
    0x08000ae4   0x08000ae4   0x0000003c   Code   RO          418    i.SRF_05_Start      driver_srf_05.o
    0x08000b20   0x08000b20   0x00000002   Code   RO         5680    i.SVC_Handler       stm32f4xx_it.o
    0x08000b22   0x08000b22   0x00000002   PAD
    0x08000b24   0x08000b24   0x000000ec   Code   RO          628    i.SetSysClock       system_stm32f4xx.o
    0x08000c10   0x08000c10   0x00000028   Code   RO          673    i.SysTick_CLKSourceConfig  misc.o
    0x08000c38   0x08000c38   0x00000010   Code   RO         5681    i.SysTick_Handler   stm32f4xx_it.o
    0x08000c48   0x08000c48   0x00000068   Code   RO          630    i.SystemInit        system_stm32f4xx.o
    0x08000cb0   0x08000cb0   0x0000001c   Code   RO          419    i.TIM3_IRQHandler   driver_srf_05.o
    0x08000ccc   0x08000ccc   0x00000006   Code   RO         4861    i.TIM_ClearITPendingBit  stm32f4xx_tim.o
    0x08000cd2   0x08000cd2   0x00000006   Code   RO         4885    i.TIM_GetCounter    stm32f4xx_tim.o
    0x08000cd8   0x08000cd8   0x00000022   Code   RO         4887    i.TIM_GetITStatus   stm32f4xx_tim.o
    0x08000cfa   0x08000cfa   0x00000002   PAD
    0x08000cfc   0x08000cfc   0x00000030   Code   RO          558    i.USART1_IRQHandler  isp_usart.o
    0x08000d2c   0x08000d2c   0x00000018   Code   RO         5420    i.USART_Cmd         stm32f4xx_usart.o
    0x08000d44   0x08000d44   0x0000001a   Code   RO         5423    i.USART_GetFlagStatus  stm32f4xx_usart.o
    0x08000d5e   0x08000d5e   0x00000054   Code   RO         5424    i.USART_GetITStatus  stm32f4xx_usart.o
    0x08000db2   0x08000db2   0x0000004a   Code   RO         5426    i.USART_ITConfig    stm32f4xx_usart.o
    0x08000dfc   0x08000dfc   0x000000d4   Code   RO         5427    i.USART_Init        stm32f4xx_usart.o
    0x08000ed0   0x08000ed0   0x0000000a   Code   RO         5434    i.USART_ReceiveData  stm32f4xx_usart.o
    0x08000eda   0x08000eda   0x00000004   Code   RO         5682    i.UsageFault_Handler  stm32f4xx_it.o
    0x08000ede   0x08000ede   0x0000000e   Code   RO         7727    i.__scatterload_copy  mc_w.l(handlers.o)
    0x08000eec   0x08000eec   0x00000002   Code   RO         7728    i.__scatterload_null  mc_w.l(handlers.o)
    0x08000eee   0x08000eee   0x0000000e   Code   RO         7729    i.__scatterload_zeroinit  mc_w.l(handlers.o)
    0x08000efc   0x08000efc   0x0000003c   Code   RO          167    i.delay_init        delay.o
    0x08000f38   0x08000f38   0x0000004c   Code   RO          169    i.delay_us          delay.o
    0x08000f84   0x08000f84   0x0000002c   Code   RO            4    i.main              main.o
    0x08000fb0   0x08000fb0   0x00000038   Code   RO         7368    i.wifiControl       hj_usart.o
    0x08000fe8   0x08000fe8   0x00000098   Code   RO         7369    i.wifi_Init         hj_usart.o
    0x08001080   0x08001080   0x00000580   Data   RO          224    .constdata          bsp_gpio.o
    0x08001600   0x08001600   0x00000020   Data   RO         7725    Region$$Table       anon$$obj.o


    Execution Region RW_IRAM1 (Exec base: 0x20000000, Load base: 0x08001620, Size: 0x00000448, Max: 0x00020000, ABSOLUTE)

    Exec Addr    Load Addr    Size         Type   Attr      Idx    E Section Name        Object

    0x20000000   0x08001620   0x00000004   Data   RW          171    .data               delay.o
    0x20000004   0x08001624   0x00000010   Data   RW          478    .data               driver_servo.o
    0x20000014   0x08001634   0x00000001   Data   RW          559    .data               isp_usart.o
    0x20000015   0x08001635   0x00000010   Data   RW         3523    .data               stm32f4xx_rcc.o
    0x20000025   0x08001645   0x00000003   PAD
    0x20000028   0x08001648   0x0000000d   Data   RW         5982    .data               vl53l0x_it.o
    0x20000035   0x08001655   0x00000003   PAD
    0x20000038        -       0x0000000c   Zero   RW          420    .bss                driver_srf_05.o
    0x20000044   0x08001655   0x00000004   PAD
    0x20000048        -       0x00000400   Zero   RW          618    STACK               startup_stm32f40_41xxx.o


==============================================================================

Image component sizes


      Code (inc. data)   RO Data    RW Data    ZI Data      Debug   Object Name

       314         38          0          0          0       1647   bsp_exit.o
       488         36       1408          0          0      19815   bsp_gpio.o
         0          0          0          0          0      15432   bsp_timer.o
       136         12          0          4          0       1180   delay.o
        52         18          0          0          0        876   driver_led.o
         0          0          0         16          0        788   driver_servo.o
       160         30          0          0         12       2358   driver_srf_05.o
       208         26          0          0          0       1106   hj_usart.o
        48          8          0          1          0        682   isp_usart.o
        44          6          0          0          0     291375   main.o
       180         24          0          0          0       2053   misc.o
        36          8        392          0       1024        812   startup_stm32f40_41xxx.o
        12          6          0          0          0        505   stm32f4xx_exti.o
       222          0          0          0          0       2819   stm32f4xx_gpio.o
        40          0          0          0          0       3878   stm32f4xx_it.o
       296         30          0         16          0       4014   stm32f4xx_rcc.o
        46          0          0          0          0       2367   stm32f4xx_tim.o
       430          8          0          0          0       4780   stm32f4xx_usart.o
       340         32          0          0          0       1573   system_stm32f4xx.o
        20          4          0         13          0       1221   vl53l0x_it.o

    ----------------------------------------------------------------------
      3084        286       1832         56       1040     359281   Object Totals
         0          0         32          0          0          0   (incl. Generated)
        12          0          0          6          4          0   (incl. Padding)

    ----------------------------------------------------------------------

      Code (inc. data)   RO Data    RW Data    ZI Data      Debug   Library Member Name

         0          0          0          0          0          0   entry.o
         0          0          0          0          0          0   entry10a.o
         0          0          0          0          0          0   entry11a.o
         8          4          0          0          0          0   entry2.o
         4          0          0          0          0          0   entry5.o
         0          0          0          0          0          0   entry7b.o
         0          0          0          0          0          0   entry8b.o
         8          4          0          0          0          0   entry9a.o
        30          0          0          0          0          0   handlers.o
        36          8          0          0          0         68   init.o
         0          0          0          0          0          0   iusefp.o
        30          0          0          0          0         68   llshl.o
        32          0          0          0          0         68   llushr.o
        56          0          0          0          0         88   d2f.o
       222          0          0          0          0        100   ddiv.o
       186          0          0          0          0        176   depilogue.o
        26          0          0          0          0         76   dfltui.o
       110          0          0          0          0        168   fepilogue.o

    ----------------------------------------------------------------------
       748         16          0          0          0        812   Library Totals
         0          0          0          0          0          0   (incl. Padding)

    ----------------------------------------------------------------------

      Code (inc. data)   RO Data    RW Data    ZI Data      Debug   Library Name

       148         16          0          0          0        204   mc_w.l
       600          0          0          0          0        608   mf_w.l

    ----------------------------------------------------------------------
       748         16          0          0          0        812   Library Totals

    ----------------------------------------------------------------------

==============================================================================


      Code (inc. data)   RO Data    RW Data    ZI Data      Debug   

      3832        302       1832         56       1040     355585   Grand Totals
      3832        302       1832         56       1040     355585   ELF Image Totals
      3832        302       1832         56          0          0   ROM Totals

==============================================================================

    Total RO  Size (Code + RO Data)                 5664 (   5.53kB)
    Total RW  Size (RW Data + ZI Data)              1096 (   1.07kB)
    Total ROM Size (Code + RO Data + RW Data)       5720 (   5.59kB)

==============================================================================

